<html>
<body>
<pre>
<h1>µVision Build Log</h1>
<h2>Tool Versions:</h2>
IDE-Version: µVision V5.21.1.0
Copyright (C) 2016 ARM Ltd and ARM Germany GmbH. All rights reserved.
License Information: Jarrod Richardson, TCD, LIC=----
 
Tool Versions:
Toolchain:       MDK-Lite  Version: 5.21a
Toolchain Path:  E:\Program Files (x86)\Keil_v5\ARM\ARMCC\Bin
C Compiler:      Armcc.exe V5.06 update 3 (build 300)
Assembler:       Armasm.exe V5.06 update 3 (build 300)
Linker/Locator:  ArmLink.exe V5.06 update 3 (build 300)
Library Manager: ArmAr.exe V5.06 update 3 (build 300)
Hex Converter:   FromElf.exe V5.06 update 3 (build 300)
CPU DLL:         SARM.DLL V5.21a
Dialog DLL:      DARMP.DLL V1.52.0.0
Target DLL:      UL2ARM.DLL V1.74.9.0
Dialog DLL:      TARMP.DLL V1.52.0.0
 
<h2>Project:</h2>
E:\Development\C\LedLightingSystem\LedLightingSystem.uvproj
Project File Date:  12/10/2016

<h2>Output:</h2>
*** Using Compiler 'V5.06 update 3 (build 300)', folder: 'E:\Program Files (x86)\Keil_v5\ARM\ARMCC\Bin'
Rebuild target 'Internal Flash'
assembling lcdISR.s...
assembling serialISR.s...
compiling Retarget.c...
assembling LPC2400.s...
compiling main.c...
compiling serial.c...
compiling console.c...
compiling button.c...
assembling buttonISR.s...
assembling portASM.s...
compiling sensors.c...
compiling list.c...
compiling port.c...
compiling heap_3.c...
compiling queue.c...
compiling font5x7.c...
compiling Components.c...
compiling tasks.c...
compiling Shapes.c...
compiling lcd_hw.c...
compiling lcd_grph.c...
compiling Graphics.c...
compiling LEDLights.c...
compiling IDManager.c...
compiling LCDControl.c...
compiling LCDGraphics.c...
Control\LCDGraphics.c(116): warning:  #188-D: enumerated type mixed with another type
  	screen.interfaces[0].lights[0].state = t;
Control\LCDGraphics.c(119): warning:  #188-D: enumerated type mixed with another type
  	screen.interfaces[0].lights[1].state = t;
Control\LCDGraphics.c(122): warning:  #188-D: enumerated type mixed with another type
  	screen.interfaces[1].lights[0].state = t;
Control\LCDGraphics.c(125): warning:  #188-D: enumerated type mixed with another type
  	screen.interfaces[1].lights[1].state = t;
Control\LCDGraphics.c: 4 warnings, 0 errors
linking...
Program Size: Code=27180 RO-data=820 RW-data=124 ZI-data=4199668  
".\LedLightingSystem.axf" - 0 Error(s), 4 Warning(s).
Build Time Elapsed:  00:00:01
</pre>
</body>
</html>
