Component: ARM Compiler 5.06 update 3 (build 300) Tool: armlink [4d35c9]

==============================================================================

Section Cross References

    lpc2400.o(STACK) refers (Special) to heapauxi.o(.text) for __use_two_region_memory
    lpc2400.o(HEAP) refers (Special) to heapauxi.o(.text) for __use_two_region_memory
    lpc2400.o(RESET) refers (Special) to heapauxi.o(.text) for __use_two_region_memory
    lpc2400.o(RESET) refers to portasm.o(PORT_ASM) for vPortYieldProcessor
    lpc2400.o(RESET) refers to lpc2400.o(STACK) for Stack_Top
    lpc2400.o(RESET) refers to __main.o(!!!main) for __main
    lpc2400.o(.text) refers (Special) to heapauxi.o(.text) for __use_two_region_memory
    lpc2400.o(.text) refers to lpc2400.o(HEAP) for Heap_Mem
    lpc2400.o(.text) refers to lpc2400.o(STACK) for Stack_Mem
    main.o(.text) refers to lcd_hw.o(.text) for lcd_hw_init
    main.o(.text) refers to queue.o(.text) for xQueueGenericCreate
    main.o(.text) refers to console.o(.text) for vStartConsole
    main.o(.text) refers to lcdcontrol.o(.text) for vStartLcd
    main.o(.text) refers to ledlights.o(.text) for vStartLightsTask
    main.o(.text) refers to boardbuttons.o(.text) for vStartButtonsTask
    main.o(.text) refers to tasks.o(.text) for vTaskStartScheduler
    main.o(.text) refers to lcdisr.o(.text) for vLCD_ISREntry
    console.o(.text) refers to strlen.o(.text) for strlen
    console.o(.text) refers to serial.o(.text) for vSerialPutString
    console.o(.text) refers to tasks.o(.text) for xTaskCreate
    console.o(.text) refers to noretval__2printf.o(.text) for __2printf
    console.o(.text) refers to console.o(.data) for pcPrompt
    console.o(.data) refers to console.o(.conststring) for .conststring
    retarget.o(.text) refers (Special) to use_no_semi.o(.text) for __use_no_semihosting_swi
    retarget.o(.text) refers to console.o(.text) for xConsolePortHandle
    retarget.o(.text) refers to serial.o(.text) for xSerialPutChar
    retarget.o(.data) refers (Special) to use_no_semi.o(.text) for __use_no_semihosting_swi
    serial.o(.text) refers to queue.o(.text) for xQueueGenericCreate
    serial.o(.text) refers to port.o(.text) for vPortEnterCritical
    serial.o(.text) refers to aeabi_sdiv.o(.text_udiv) for __aeabi_uidivmod
    serial.o(.text) refers to tasks.o(.text) for vTaskSwitchContext
    serial.o(.text) refers to serial.o(.data) for xRxedChars
    serial.o(.text) refers to serialisr.o(.text) for vUART_ISREntry
    serialisr.o(.text) refers to port.o(.data) for ulCriticalNesting
    serialisr.o(.text) refers to tasks.o(.data) for pxCurrentTCB
    serialisr.o(.text) refers to serial.o(.text) for vUART_ISRHandler
    lcdisr.o(.text) refers to port.o(.data) for ulCriticalNesting
    lcdisr.o(.text) refers to tasks.o(.data) for pxCurrentTCB
    lcdisr.o(.text) refers to lcdcontrol.o(.text) for vLCD_ISRHandler
    button.o(.text) refers to queue.o(.text) for xQueueGenericCreate
    button.o(.text) refers to tasks.o(.text) for vTaskSwitchContext
    button.o(.text) refers to button.o(.data) for xButtonQ
    button.o(.text) refers to buttonisr.o(.text) for vBUTTON_ISREntry
    buttonisr.o(.text) refers to port.o(.data) for ulCriticalNesting
    buttonisr.o(.text) refers to tasks.o(.data) for pxCurrentTCB
    buttonisr.o(.text) refers to button.o(.text) for vBUTTON_ISRHandler
    sensors.o(.text) refers to _printf_percent.o(.ARM.Collect$$_printf_percent$$00000000) for _printf_percent
    sensors.o(.text) refers to _printf_u.o(.ARM.Collect$$_printf_percent$$0000000A) for _printf_u
    sensors.o(.text) refers to _printf_s.o(.ARM.Collect$$_printf_percent$$00000014) for _printf_s
    sensors.o(.text) refers to _printf_dec.o(.text) for _printf_int_dec
    sensors.o(.text) refers to _printf_str.o(.text) for _printf_str
    sensors.o(.text) refers to noretval__2printf.o(.text) for __2printf
    sensors.o(.text) refers to tasks.o(.text) for xTaskGetTickCount
    queue.o(.text) refers to port.o(.text) for vPortEnterCritical
    queue.o(.text) refers to tasks.o(.text) for xTaskRemoveFromEventList
    queue.o(.text) refers to portasm.o(PORT_ASM) for vPortYield
    queue.o(.text) refers to list.o(.text) for vListInitialise
    queue.o(.text) refers to heap_3.o(.text) for pvPortMalloc
    queue.o(.text) refers to rt_memcpy.o(.text) for __aeabi_memcpy
    tasks.o(.text) refers to list.o(.text) for vListInitialise
    tasks.o(.text) refers to port.o(.text) for vPortEnterCritical
    tasks.o(.text) refers to portasm.o(PORT_ASM) for vPortYield
    tasks.o(.text) refers to heap_3.o(.text) for pvPortMalloc
    tasks.o(.text) refers to tasks.o(.bss) for pxReadyTasksLists
    tasks.o(.text) refers to tasks.o(.data) for pxDelayedTaskList
    port.o(.text) refers to portasm.o(PORT_ASM) for vPortStartFirstTask
    port.o(.text) refers to port.o(.data) for ulCriticalNesting
    portasm.o(PORT_ASM) refers to tasks.o(.data) for pxCurrentTCB
    portasm.o(PORT_ASM) refers to port.o(.data) for ulCriticalNesting
    portasm.o(PORT_ASM) refers to tasks.o(.text) for vTaskSwitchContext
    heap_3.o(.text) refers to tasks.o(.text) for vTaskSuspendAll
    heap_3.o(.text) refers to h1_alloc.o(.text) for malloc
    heap_3.o(.text) refers to h1_free.o(.text) for free
    lcd_grph.o(.text) refers to lcd_hw.o(.text) for writeToReg
    lcd_grph.o(.text) refers to lcd_hw.o(.data) for activeController
    lcd_grph.o(.text) refers to font5x7.o(.constdata) for font5x7
    lcd_grph.o(.text) refers to lcd_grph.o(.constdata) for font_mask
    lcd_grph.o(.text) refers to lcd_grph.o(.data) for backgroundColor
    lcd_hw.o(.text) refers to tasks.o(.text) for vTaskDelay
    lcd_hw.o(.text) refers to aeabi_sdiv.o(.text_udiv) for __aeabi_uidivmod
    lcd_hw.o(.text) refers to lcd_hw.o(.data) for activeController
    graphics.o(.text) refers to lcd_hw.o(.text) for writeToReg
    graphics.o(.text) refers to lcd_hw.o(.data) for activeController
    graphics.o(.text) refers to font5x7.o(.constdata) for font5x7
    graphics.o(.text) refers to graphics.o(.constdata) for font_mask
    graphics.o(.text) refers to graphics.o(.data) for backgroundColor
    graphics.o(.text) refers to rt_memcpy.o(.text) for __aeabi_memcpy
    ledlights.o(.text) refers to noretval__2printf.o(.text) for __2printf
    ledlights.o(.text) refers to tasks.o(.text) for xTaskGetTickCount
    ledlights.o(.text) refers to queue.o(.text) for xQueueGenericReceive
    ledlights.o(.text) refers to ledlights.o(.data) for xCmdQ
    lcdgraphics.o(.text) refers to graphics.o(.text) for fillScreen
    lcdgraphics.o(.text) refers to rt_memcpy.o(.text) for __aeabi_memcpy
    lcdgraphics.o(.text) refers to aeabi_sdiv.o(.text) for __aeabi_idivmod
    lcdgraphics.o(.text) refers to shapes.o(.text) for doesRectContainPoint
    lcdgraphics.o(.text) refers to idmanager.o(.text) for Register
    lcdgraphics.o(.text) refers to lcdgraphics.o(.data) for palette
    lcdgraphics.o(.text) refers to lcdgraphics.o(.bss) for screen
    lcdcontrol.o(.text) refers to lcdgraphics.o(.text) for getLedMode
    lcdcontrol.o(.text) refers to queue.o(.text) for xQueueGenericSend
    lcdcontrol.o(.text) refers to noretval__2printf.o(.text) for __2printf
    lcdcontrol.o(.text) refers to lcd_hw.o(.text) for lcd_init
    lcdcontrol.o(.text) refers to tasks.o(.text) for xTaskGetTickCount
    lcdcontrol.o(.text) refers to idmanager.o(.text) for GetComponent
    lcdcontrol.o(.text) refers to lcdcontrol.o(.data) for xCmdQ
    idmanager.o(.text) refers to idmanager.o(.data) for latestId
    idmanager.o(.text) refers to idmanager.o(.bss) for types
    boardbuttons.o(.text) refers to _printf_percent.o(.ARM.Collect$$_printf_percent$$00000000) for _printf_percent
    boardbuttons.o(.text) refers to _printf_u.o(.ARM.Collect$$_printf_percent$$0000000A) for _printf_u
    boardbuttons.o(.text) refers to _printf_s.o(.ARM.Collect$$_printf_percent$$00000014) for _printf_s
    boardbuttons.o(.text) refers to _printf_dec.o(.text) for _printf_int_dec
    boardbuttons.o(.text) refers to _printf_str.o(.text) for _printf_str
    boardbuttons.o(.text) refers to noretval__2printf.o(.text) for __2printf
    boardbuttons.o(.text) refers to tasks.o(.text) for xTaskGetTickCount
    boardbuttons.o(.text) refers to queue.o(.text) for xQueueGenericReceive
    boardbuttons.o(.text) refers to boardbuttons.o(.data) for xMutex
    malloc.o(.text) refers (Special) to hguard.o(.text) for __heap$guard
    malloc.o(.text) refers (Special) to init_alloc.o(.text) for _init_alloc
    malloc.o(.text) refers to rt_heap_descriptor_intlibspace.o(.text) for __rt_heap_descriptor
    free.o(.text) refers (Special) to hguard.o(.text) for __heap$guard
    free.o(.text) refers to rt_heap_descriptor_intlibspace.o(.text) for __rt_heap_descriptor
    h1_alloc.o(.text) refers (Special) to h1_init.o(.text) for __Heap_Initialize
    h1_alloc.o(.text) refers to rt_heap_descriptor_intlibspace.o(.text) for __rt_heap_descriptor
    h1_alloc.o(.text) refers to init_alloc.o(.text) for __Heap_Full
    h1_free.o(.text) refers to rt_heap_descriptor_intlibspace.o(.text) for __rt_heap_descriptor
    h1_alloc_mt.o(.text) refers (Special) to h1_init.o(.text) for __Heap_Initialize
    h1_alloc_mt.o(.text) refers to init_alloc.o(.text) for __Heap_Full
    h1_alloc_mt.o(.text) refers to rt_heap_descriptor_intlibspace.o(.text) for __rt_heap_descriptor
    h1_free_mt.o(.text) refers to rt_heap_descriptor_intlibspace.o(.text) for __rt_heap_descriptor
    heap2.o(i._FDIterate) refers to heap2.o(i.__ARM_common_call_via_r6) for __ARM_common_call_via_r6
    heap2.o(i._FDIterate) refers to heap2.o(.conststring) for .conststring
    heap2.o(i.___Heap_ProvideMemory$realtime) refers to fdtree.o(i._FDTree_Delete) for _FDTree_Delete
    heap2.o(i.___Heap_ProvideMemory$realtime) refers to fdtree.o(i._FDTree_Insert) for _FDTree_Insert
    heap2.o(i.___Heap_Stats$realtime) refers to heap2.o(i._Heap2_StatsIterate) for _Heap2_StatsIterate
    heap2.o(i.___Heap_Stats$realtime) refers to aeabi_sdiv.o(.text_udiv) for __aeabi_uidivmod
    heap2.o(i.___Heap_Stats$realtime) refers to heap2.o(i.__ARM_common_call_via_r5) for __ARM_common_call_via_r5
    heap2.o(i.___Heap_Valid$realtime) refers to heap2.o(i.__ARM_common_call_via_r5) for __ARM_common_call_via_r5
    heap2.o(i.___Heap_Valid$realtime) refers to heap2.o(i._FDIterate) for _FDIterate
    heap2.o(i.___Heap_Valid$realtime) refers to heap2.o(.conststring) for .conststring
    heap2.o(i._free$realtime) refers to rt_heap_descriptor_intlibspace.o(.text) for __rt_heap_descriptor
    heap2.o(i._free$realtime) refers to fdtree.o(i._FDTree_Delete) for _FDTree_Delete
    heap2.o(i._free$realtime) refers to fdtree.o(i._FDTree_Insert) for _FDTree_Insert
    heap2.o(i._malloc$realtime) refers to rt_heap_descriptor_intlibspace.o(.text) for __rt_heap_descriptor
    heap2.o(i._malloc$realtime) refers to fdtree.o(i._FDTree_FindFirst) for _FDTree_FindFirst
    heap2.o(i._malloc$realtime) refers to init_alloc.o(.text) for __Heap_Full
    heap2.o(i._malloc$realtime) refers to fdtree.o(i._FDTree_RemoveNode) for _FDTree_RemoveNode
    heap2.o(i._malloc$realtime) refers to fdtree.o(i._FDTree_Insert) for _FDTree_Insert
    heap2.o(i._posix_memalign$realtime) refers to rt_heap_descriptor_intlibspace.o(.text) for __rt_heap_descriptor
    heap2.o(i._posix_memalign$realtime) refers to fdtree.o(i._FDTree_FindFirst) for _FDTree_FindFirst
    heap2.o(i._posix_memalign$realtime) refers to init_alloc.o(.text) for __Heap_Full
    heap2.o(i._posix_memalign$realtime) refers to fdtree.o(i._FDTree_RemoveNode) for _FDTree_RemoveNode
    heap2.o(i._posix_memalign$realtime) refers to fdtree.o(i._FDTree_Insert) for _FDTree_Insert
    heap2.o(i._realloc$realtime) refers to rt_heap_descriptor_intlibspace.o(.text) for __rt_heap_descriptor
    heap2.o(i._realloc$realtime) refers to h1_free.o(.text) for free
    heap2.o(i._realloc$realtime) refers to h1_alloc.o(.text) for malloc
    heap2.o(i._realloc$realtime) refers to fdtree.o(i._FDTree_Delete) for _FDTree_Delete
    heap2.o(i._realloc$realtime) refers to fdtree.o(i._FDTree_Insert) for _FDTree_Insert
    heap2.o(i._realloc$realtime) refers to rt_memcpy_w.o(.text) for __aeabi_memcpy4
    heap2mt.o(i._FDIterate) refers to heap2.o(i.__ARM_common_call_via_r6) for __ARM_common_call_via_r6
    heap2mt.o(i._FDIterate) refers to heap2mt.o(.conststring) for .conststring
    heap2mt.o(i.___Heap_Initialize$realtime$concurrent) refers to mutex_dummy.o(.text) for _mutex_initialize
    heap2mt.o(i.___Heap_ProvideMemory$realtime$concurrent) refers to fdtree.o(i._FDTree_Delete) for _FDTree_Delete
    heap2mt.o(i.___Heap_ProvideMemory$realtime$concurrent) refers to fdtree.o(i._FDTree_Insert) for _FDTree_Insert
    heap2mt.o(i.___Heap_Stats$realtime$concurrent) refers to heap2mt.o(i._Heap2_StatsIterate) for _Heap2_StatsIterate
    heap2mt.o(i.___Heap_Stats$realtime$concurrent) refers to aeabi_sdiv.o(.text_udiv) for __aeabi_uidivmod
    heap2mt.o(i.___Heap_Stats$realtime$concurrent) refers to heap2.o(i.__ARM_common_call_via_r5) for __ARM_common_call_via_r5
    heap2mt.o(i.___Heap_Valid$realtime$concurrent) refers to heap2.o(i.__ARM_common_call_via_r5) for __ARM_common_call_via_r5
    heap2mt.o(i.___Heap_Valid$realtime$concurrent) refers to heap2mt.o(i._FDIterate) for _FDIterate
    heap2mt.o(i.___Heap_Valid$realtime$concurrent) refers to heap2mt.o(.conststring) for .conststring
    heap2mt.o(i._free$realtime$concurrent) refers to rt_heap_descriptor_intlibspace.o(.text) for __rt_heap_descriptor
    heap2mt.o(i._free$realtime$concurrent) refers to fdtree.o(i._FDTree_Delete) for _FDTree_Delete
    heap2mt.o(i._free$realtime$concurrent) refers to fdtree.o(i._FDTree_Insert) for _FDTree_Insert
    heap2mt.o(i._malloc$realtime$concurrent) refers to rt_heap_descriptor_intlibspace.o(.text) for __rt_heap_descriptor
    heap2mt.o(i._malloc$realtime$concurrent) refers to fdtree.o(i._FDTree_FindFirst) for _FDTree_FindFirst
    heap2mt.o(i._malloc$realtime$concurrent) refers to init_alloc.o(.text) for __Heap_Full
    heap2mt.o(i._malloc$realtime$concurrent) refers to fdtree.o(i._FDTree_RemoveNode) for _FDTree_RemoveNode
    heap2mt.o(i._malloc$realtime$concurrent) refers to fdtree.o(i._FDTree_Insert) for _FDTree_Insert
    heap2mt.o(i._posix_memalign$realtime$concurrent) refers to rt_heap_descriptor_intlibspace.o(.text) for __rt_heap_descriptor
    heap2mt.o(i._posix_memalign$realtime$concurrent) refers to fdtree.o(i._FDTree_FindFirst) for _FDTree_FindFirst
    heap2mt.o(i._posix_memalign$realtime$concurrent) refers to init_alloc.o(.text) for __Heap_Full
    heap2mt.o(i._posix_memalign$realtime$concurrent) refers to fdtree.o(i._FDTree_RemoveNode) for _FDTree_RemoveNode
    heap2mt.o(i._posix_memalign$realtime$concurrent) refers to fdtree.o(i._FDTree_Insert) for _FDTree_Insert
    heap2mt.o(i._realloc$realtime$concurrent) refers to rt_heap_descriptor_intlibspace.o(.text) for __rt_heap_descriptor
    heap2mt.o(i._realloc$realtime$concurrent) refers to h1_free.o(.text) for free
    heap2mt.o(i._realloc$realtime$concurrent) refers to h1_alloc.o(.text) for malloc
    heap2mt.o(i._realloc$realtime$concurrent) refers to fdtree.o(i._FDTree_Delete) for _FDTree_Delete
    heap2mt.o(i._realloc$realtime$concurrent) refers to fdtree.o(i._FDTree_Insert) for _FDTree_Insert
    heap2mt.o(i._realloc$realtime$concurrent) refers to rt_memcpy_w.o(.text) for __aeabi_memcpy4
    __2printf.o(.text) refers to _printf_char_file.o(.text) for _printf_char_file
    __2printf.o(.text) refers to retarget.o(.data) for __stdout
    noretval__2printf.o(.text) refers to _printf_char_file.o(.text) for _printf_char_file
    noretval__2printf.o(.text) refers to retarget.o(.data) for __stdout
    __printf.o(.text) refers to __printf.o(i.__ARM_common_call_via_r1) for __ARM_common_call_via_r1
    __printf.o(.text) refers to _printf_percent.o(.ARM.Collect$$_printf_percent$$00000000) for _printf_percent
    __printf.o(.text) refers to __printf.o(i.__ARM_common_call_via_r2) for __ARM_common_call_via_r2
    _printf_str.o(.text) refers (Special) to _printf_char.o(.text) for _printf_cs_common
    _printf_str.o(.text) refers to __printf.o(i.__ARM_common_call_via_r2) for __ARM_common_call_via_r2
    _printf_dec.o(.text) refers to rtudiv10.o(.text) for __rt_udiv10
    _printf_dec.o(.text) refers to _printf_intcommon.o(.text) for _printf_int_common
    __printf_flags.o(.text) refers to __printf.o(i.__ARM_common_call_via_r1) for __ARM_common_call_via_r1
    __printf_flags.o(.text) refers to _printf_percent.o(.ARM.Collect$$_printf_percent$$00000000) for _printf_percent
    __printf_flags.o(.text) refers to __printf.o(i.__ARM_common_call_via_r2) for __ARM_common_call_via_r2
    __printf_flags.o(.text) refers to __printf_flags.o(.constdata) for .constdata
    __printf_ss.o(.text) refers to __printf.o(i.__ARM_common_call_via_r1) for __ARM_common_call_via_r1
    __printf_ss.o(.text) refers to _printf_percent.o(.ARM.Collect$$_printf_percent$$00000000) for _printf_percent
    __printf_ss.o(.text) refers to __printf.o(i.__ARM_common_call_via_r2) for __ARM_common_call_via_r2
    __printf_flags_ss.o(.text) refers to __printf.o(i.__ARM_common_call_via_r1) for __ARM_common_call_via_r1
    __printf_flags_ss.o(.text) refers to _printf_percent.o(.ARM.Collect$$_printf_percent$$00000000) for _printf_percent
    __printf_flags_ss.o(.text) refers to __printf.o(i.__ARM_common_call_via_r2) for __ARM_common_call_via_r2
    __printf_flags_ss.o(.text) refers to __printf_flags_ss.o(.constdata) for .constdata
    __printf_wp.o(.text) refers to __printf.o(i.__ARM_common_call_via_r1) for __ARM_common_call_via_r1
    __printf_wp.o(.text) refers to __printf_wp.o(i._is_digit) for _is_digit
    __printf_wp.o(.text) refers to _printf_percent.o(.ARM.Collect$$_printf_percent$$00000000) for _printf_percent
    __printf_wp.o(.text) refers to __printf.o(i.__ARM_common_call_via_r2) for __ARM_common_call_via_r2
    __printf_flags_wp.o(.text) refers to __printf.o(i.__ARM_common_call_via_r1) for __ARM_common_call_via_r1
    __printf_flags_wp.o(.text) refers to __printf_wp.o(i._is_digit) for _is_digit
    __printf_flags_wp.o(.text) refers to _printf_percent.o(.ARM.Collect$$_printf_percent$$00000000) for _printf_percent
    __printf_flags_wp.o(.text) refers to __printf.o(i.__ARM_common_call_via_r2) for __ARM_common_call_via_r2
    __printf_flags_wp.o(.text) refers to __printf_flags_wp.o(.constdata) for .constdata
    __printf_ss_wp.o(.text) refers to __printf.o(i.__ARM_common_call_via_r1) for __ARM_common_call_via_r1
    __printf_ss_wp.o(.text) refers to __printf_wp.o(i._is_digit) for _is_digit
    __printf_ss_wp.o(.text) refers to _printf_percent.o(.ARM.Collect$$_printf_percent$$00000000) for _printf_percent
    __printf_ss_wp.o(.text) refers to __printf.o(i.__ARM_common_call_via_r2) for __ARM_common_call_via_r2
    __printf_flags_ss_wp.o(.text) refers to __printf.o(i.__ARM_common_call_via_r1) for __ARM_common_call_via_r1
    __printf_flags_ss_wp.o(.text) refers to __printf_wp.o(i._is_digit) for _is_digit
    __printf_flags_ss_wp.o(.text) refers to _printf_percent.o(.ARM.Collect$$_printf_percent$$00000000) for _printf_percent
    __printf_flags_ss_wp.o(.text) refers to __printf.o(i.__ARM_common_call_via_r2) for __ARM_common_call_via_r2
    __printf_flags_ss_wp.o(.text) refers to __printf_flags_ss_wp.o(.constdata) for .constdata
    _printf_s.o(.ARM.Collect$$_printf_percent$$00000014) refers (Weak) to _printf_char.o(.text) for _printf_string
    _printf_u.o(.ARM.Collect$$_printf_percent$$0000000A) refers (Weak) to _printf_dec.o(.text) for _printf_int_dec
    _printf_percent.o(.ARM.Collect$$_printf_percent$$00000000) refers (Special) to _printf_percent_end.o(.ARM.Collect$$_printf_percent$$00000017) for _printf_percent_end
    rt_memcpy.o(.text) refers to rt_memcpy_w.o(.text) for __aeabi_memcpy4
    aeabi_sdiv.o(.text_udiv) refers to aeabi_sdiv.o(.text) for __arm_div2
    aeabi_sdiv_div0.o(.text_udiv) refers to aeabi_sdiv_div0.o(.text) for __arm_div2
    __main.o(!!!main) refers to __rtentry.o(.ARM.Collect$$rtentry$$00000000) for __rt_entry
    __rtentry.o(.ARM.Collect$$rtentry$$00000000) refers (Special) to __rtentry2.o(.ARM.Collect$$rtentry$$0000000A) for __rt_entry_li
    __rtentry.o(.ARM.Collect$$rtentry$$00000000) refers (Special) to __rtentry2.o(.ARM.Collect$$rtentry$$0000000D) for __rt_entry_main
    __rtentry.o(.ARM.Collect$$rtentry$$00000000) refers (Special) to __rtentry2.o(.ARM.Collect$$rtentry$$0000000C) for __rt_entry_postli_1
    __rtentry.o(.ARM.Collect$$rtentry$$00000000) refers (Special) to __rtentry2.o(.ARM.Collect$$rtentry$$00000009) for __rt_entry_postsh_1
    __rtentry.o(.ARM.Collect$$rtentry$$00000000) refers (Special) to __rtentry2.o(.ARM.Collect$$rtentry$$00000002) for __rt_entry_presh_1
    __rtentry.o(.ARM.Collect$$rtentry$$00000000) refers (Special) to __rtentry4.o(.ARM.Collect$$rtentry$$00000004) for __rt_entry_sh
    aeabi_idiv0_sigfpe.o(.text) refers to rt_div0.o(.text) for __rt_div0
    rt_heap_descriptor.o(.text) refers to rt_heap_descriptor.o(.bss) for __rt_heap_descriptor_data
    rt_heap_descriptor_intlibspace.o(.text) refers to libspace.o(.bss) for __libspace_start
    init_alloc.o(.text) refers (Special) to hguard.o(.text) for __heap$guard
    init_alloc.o(.text) refers (Special) to libinit2.o(.ARM.Collect$$libinit$$00000005) for __rt_lib_init_heap_2
    init_alloc.o(.text) refers (Special) to maybetermalloc1.o(.emb_text) for _maybe_terminate_alloc
    init_alloc.o(.text) refers to h1_extend.o(.text) for __Heap_ProvideMemory
    init_alloc.o(.text) refers to defsig_rtmem_outer.o(.text) for __rt_SIGRTMEM
    init_alloc.o(.text) refers to rt_heap_descriptor_intlibspace.o(.text) for __rt_heap_descriptor
    init_alloc.o(.text) refers to h1_init.o(.text) for __Heap_Initialize
    h1_init_mt.o(.text) refers to mutex_dummy.o(.text) for _mutex_initialize
    _printf_intcommon.o(.text) refers to __printf.o(i.__ARM_common_call_via_r2) for __ARM_common_call_via_r2
    _printf_char.o(.text) refers (Weak) to _printf_str.o(.text) for _printf_str
    _printf_char_file.o(.text) refers to _printf_char_common.o(.text) for _printf_char_common
    _printf_char_file.o(.text) refers to retarget.o(.text) for ferror
    _get_argv.o(.text) refers (Special) to hrguard.o(.text) for __heap_region$guard
    _get_argv.o(.text) refers to h1_alloc.o(.text) for malloc
    _get_argv.o(.text) refers to defsig_rtmem_outer.o(.text) for __rt_SIGRTMEM
    _get_argv.o(.text) refers to sys_command.o(.text) for _sys_command_string
    libinit2.o(.ARM.Collect$$libinit$$00000001) refers to fpinit.o(x$fpl$fpinit) for _fp_init
    libinit2.o(.ARM.Collect$$libinit$$00000005) refers (Weak) to init_alloc.o(.text) for _init_alloc
    libinit2.o(.ARM.Collect$$libinit$$00000010) refers to libinit2.o(.ARM.Collect$$libinit$$0000000F) for .ARM.Collect$$libinit$$0000000F
    libinit2.o(.ARM.Collect$$libinit$$00000012) refers to libinit2.o(.ARM.Collect$$libinit$$0000000F) for .ARM.Collect$$libinit$$0000000F
    libinit2.o(.ARM.Collect$$libinit$$00000014) refers to libinit2.o(.ARM.Collect$$libinit$$0000000F) for .ARM.Collect$$libinit$$0000000F
    libinit2.o(.ARM.Collect$$libinit$$00000016) refers to libinit2.o(.ARM.Collect$$libinit$$0000000F) for .ARM.Collect$$libinit$$0000000F
    libinit2.o(.ARM.Collect$$libinit$$00000018) refers to libinit2.o(.ARM.Collect$$libinit$$0000000F) for .ARM.Collect$$libinit$$0000000F
    libinit2.o(.ARM.Collect$$libinit$$00000026) refers to argv_veneer.o(.emb_text) for __ARM_argv_veneer
    libinit2.o(.ARM.Collect$$libinit$$00000027) refers to argv_veneer.o(.emb_text) for __ARM_argv_veneer
    sys_command.o(.text) refers (Special) to use_no_semi.o(.text) for __I$use$semihosting
    sys_command.o(.text) refers (Special) to indicate_semi.o(.text) for __semihosting_library_function
    libspace.o(.text) refers to libspace.o(.bss) for __libspace_start
    __rtentry2.o(.ARM.Collect$$rtentry$$00000008) refers to boardinit2.o(.text) for _platform_post_stackheap_init
    __rtentry2.o(.ARM.Collect$$rtentry$$0000000A) refers to libinit.o(.ARM.Collect$$libinit$$00000000) for __rt_lib_init
    __rtentry2.o(.ARM.Collect$$rtentry$$0000000B) refers to boardinit3.o(.text) for _platform_post_lib_init
    __rtentry2.o(.ARM.Collect$$rtentry$$0000000D) refers to exit.o(.text) for exit
    __rtentry2.o(.ARM.Collect$$rtentry$$0000000D) refers to main.o(.text) for main
    __rtentry2.o(.ARM.exidx) refers to __rtentry2.o(.ARM.Collect$$rtentry$$00000001) for .ARM.Collect$$rtentry$$00000001
    __rtentry2.o(.ARM.exidx) refers to __rtentry2.o(.ARM.Collect$$rtentry$$00000008) for .ARM.Collect$$rtentry$$00000008
    __rtentry2.o(.ARM.exidx) refers to __rtentry2.o(.ARM.Collect$$rtentry$$0000000A) for .ARM.Collect$$rtentry$$0000000A
    __rtentry2.o(.ARM.exidx) refers to __rtentry2.o(.ARM.Collect$$rtentry$$0000000B) for .ARM.Collect$$rtentry$$0000000B
    __rtentry2.o(.ARM.exidx) refers to __rtentry2.o(.ARM.Collect$$rtentry$$0000000D) for .ARM.Collect$$rtentry$$0000000D
    __rtentry4.o(.ARM.Collect$$rtentry$$00000004) refers to sys_stackheap_outer.o(.text) for __user_setup_stackheap
    __rtentry4.o(.ARM.exidx) refers to __rtentry4.o(.ARM.Collect$$rtentry$$00000004) for .ARM.Collect$$rtentry$$00000004
    rt_div0.o(.text) refers to defsig_fpe_outer.o(.text) for __rt_SIGFPE
    maybetermalloc2.o(.emb_text) refers (Special) to term_alloc.o(.text) for _terminate_alloc
    h1_extend.o(.text) refers to h1_free.o(.text) for free
    h1_extend_mt.o(.text) refers to h1_free_mt.o(.text) for _free_internal
    _printf_char_common.o(.text) refers to __printf.o(.text) for __printf
    defsig_rtmem_outer.o(.text) refers to defsig_rtmem_inner.o(.text) for __rt_SIGRTMEM_inner
    defsig_rtmem_outer.o(.text) refers to defsig_exit.o(.text) for __sig_exit
    defsig_rtmem_formal.o(.text) refers to rt_raise.o(.text) for __rt_raise
    heapauxa.o(.text) refers to heapauxa.o(.data) for .data
    argv_veneer.o(.emb_text) refers to no_argv.o(.text) for __ARM_get_argv
    sys_stackheap_outer.o(.text) refers to libspace.o(.text) for __user_perproc_libspace
    sys_stackheap_outer.o(.text) refers to lpc2400.o(.text) for __user_initial_stackheap
    rt_raise.o(.text) refers to __raise.o(.text) for __raise
    rt_raise.o(.text) refers to retarget.o(.text) for _sys_exit
    term_alloc.o(.text) refers (Special) to libshutdown2.o(.ARM.Collect$$libshutdown$$0000000E) for __rt_lib_shutdown_heap_2
    term_alloc.o(.text) refers to rt_heap_descriptor_intlibspace.o(.text) for __rt_heap_descriptor
    __printf_nopercent.o(.text) refers to __printf_nopercent.o(i.__ARM_common_call_via_r7) for __ARM_common_call_via_r7
    __printf_nopercent.o(.text) refers to heap2.o(i.__ARM_common_call_via_r5) for __ARM_common_call_via_r5
    exit.o(.text) refers to rtexit.o(.ARM.Collect$$rtexit$$00000000) for __rt_exit
    defsig_exit.o(.text) refers to retarget.o(.text) for _sys_exit
    defsig_fpe_outer.o(.text) refers to defsig_fpe_inner.o(.text) for __rt_SIGFPE_inner
    defsig_fpe_outer.o(.text) refers to defsig_exit.o(.text) for __sig_exit
    defsig_fpe_formal.o(.text) refers to rt_raise.o(.text) for __rt_raise
    defsig_rtmem_inner.o(.text) refers to defsig_general.o(.text) for __default_signal_display
    _get_argv_nomalloc.o(.text) refers (Special) to hrguard.o(.text) for __heap_region$guard
    _get_argv_nomalloc.o(.text) refers to defsig_rtmem_outer.o(.text) for __rt_SIGRTMEM
    _get_argv_nomalloc.o(.text) refers to sys_command.o(.text) for _sys_command_string
    libinit.o(.ARM.Collect$$libinit$$00000000) refers (Special) to libinit2.o(.ARM.Collect$$libinit$$0000002E) for __rt_lib_init_alloca_1
    libinit.o(.ARM.Collect$$libinit$$00000000) refers (Special) to libinit2.o(.ARM.Collect$$libinit$$0000002C) for __rt_lib_init_argv_1
    libinit.o(.ARM.Collect$$libinit$$00000000) refers (Special) to libinit2.o(.ARM.Collect$$libinit$$0000001B) for __rt_lib_init_atexit_1
    libinit.o(.ARM.Collect$$libinit$$00000000) refers (Special) to libinit2.o(.ARM.Collect$$libinit$$00000021) for __rt_lib_init_clock_1
    libinit.o(.ARM.Collect$$libinit$$00000000) refers (Special) to libinit2.o(.ARM.Collect$$libinit$$00000032) for __rt_lib_init_cpp_1
    libinit.o(.ARM.Collect$$libinit$$00000000) refers (Special) to libinit2.o(.ARM.Collect$$libinit$$00000030) for __rt_lib_init_exceptions_1
    libinit.o(.ARM.Collect$$libinit$$00000000) refers (Special) to libinit2.o(.ARM.Collect$$libinit$$00000002) for __rt_lib_init_fp_1
    libinit.o(.ARM.Collect$$libinit$$00000000) refers (Special) to libinit2.o(.ARM.Collect$$libinit$$0000001F) for __rt_lib_init_fp_trap_1
    libinit.o(.ARM.Collect$$libinit$$00000000) refers (Special) to libinit2.o(.ARM.Collect$$libinit$$00000023) for __rt_lib_init_getenv_1
    libinit.o(.ARM.Collect$$libinit$$00000000) refers (Special) to libinit2.o(.ARM.Collect$$libinit$$0000000A) for __rt_lib_init_heap_1
    libinit.o(.ARM.Collect$$libinit$$00000000) refers (Special) to libinit2.o(.ARM.Collect$$libinit$$00000011) for __rt_lib_init_lc_collate_1
    libinit.o(.ARM.Collect$$libinit$$00000000) refers (Special) to libinit2.o(.ARM.Collect$$libinit$$00000013) for __rt_lib_init_lc_ctype_1
    libinit.o(.ARM.Collect$$libinit$$00000000) refers (Special) to libinit2.o(.ARM.Collect$$libinit$$00000015) for __rt_lib_init_lc_monetary_1
    libinit.o(.ARM.Collect$$libinit$$00000000) refers (Special) to libinit2.o(.ARM.Collect$$libinit$$00000017) for __rt_lib_init_lc_numeric_1
    libinit.o(.ARM.Collect$$libinit$$00000000) refers (Special) to libinit2.o(.ARM.Collect$$libinit$$00000019) for __rt_lib_init_lc_time_1
    libinit.o(.ARM.Collect$$libinit$$00000000) refers (Special) to libinit2.o(.ARM.Collect$$libinit$$00000004) for __rt_lib_init_preinit_1
    libinit.o(.ARM.Collect$$libinit$$00000000) refers (Special) to libinit2.o(.ARM.Collect$$libinit$$0000000E) for __rt_lib_init_rand_1
    libinit.o(.ARM.Collect$$libinit$$00000000) refers (Special) to libinit2.o(.ARM.Collect$$libinit$$00000033) for __rt_lib_init_return
    libinit.o(.ARM.Collect$$libinit$$00000000) refers (Special) to libinit2.o(.ARM.Collect$$libinit$$0000001D) for __rt_lib_init_signal_1
    libinit.o(.ARM.Collect$$libinit$$00000000) refers (Special) to libinit2.o(.ARM.Collect$$libinit$$00000025) for __rt_lib_init_stdio_1
    libinit.o(.ARM.Collect$$libinit$$00000000) refers (Special) to libinit2.o(.ARM.Collect$$libinit$$0000000C) for __rt_lib_init_user_alloc_1
    rtexit.o(.ARM.Collect$$rtexit$$00000000) refers (Special) to rtexit2.o(.ARM.Collect$$rtexit$$00000004) for __rt_exit_exit
    rtexit.o(.ARM.Collect$$rtexit$$00000000) refers (Special) to rtexit2.o(.ARM.Collect$$rtexit$$00000003) for __rt_exit_ls
    rtexit.o(.ARM.Collect$$rtexit$$00000000) refers (Special) to rtexit2.o(.ARM.Collect$$rtexit$$00000002) for __rt_exit_prels_1
    rtexit.o(.ARM.exidx) refers (Special) to rtexit2.o(.ARM.Collect$$rtexit$$00000004) for __rt_exit_exit
    rtexit.o(.ARM.exidx) refers (Special) to rtexit2.o(.ARM.Collect$$rtexit$$00000003) for __rt_exit_ls
    rtexit.o(.ARM.exidx) refers (Special) to rtexit2.o(.ARM.Collect$$rtexit$$00000002) for __rt_exit_prels_1
    rtexit.o(.ARM.exidx) refers to rtexit.o(.ARM.Collect$$rtexit$$00000000) for .ARM.Collect$$rtexit$$00000000
    __raise.o(.text) refers to __printf.o(i.__ARM_common_call_via_r2) for __ARM_common_call_via_r2
    __raise.o(.text) refers to defsig.o(CL$$defsig) for __default_signal_handler
    defsig_general.o(.text) refers to retarget.o(.text) for _ttywrch
    defsig_fpe_inner.o(.text) refers to defsig_general.o(.text) for __default_signal_display
    libshutdown2.o(.ARM.Collect$$libshutdown$$0000000D) refers (Weak) to term_alloc.o(.text) for _terminate_alloc
    rtexit2.o(.ARM.Collect$$rtexit$$00000003) refers to libshutdown.o(.ARM.Collect$$libshutdown$$00000000) for __rt_lib_shutdown
    rtexit2.o(.ARM.Collect$$rtexit$$00000004) refers to retarget.o(.text) for _sys_exit
    rtexit2.o(.ARM.exidx) refers to rtexit2.o(.ARM.Collect$$rtexit$$00000001) for .ARM.Collect$$rtexit$$00000001
    rtexit2.o(.ARM.exidx) refers to rtexit2.o(.ARM.Collect$$rtexit$$00000003) for .ARM.Collect$$rtexit$$00000003
    rtexit2.o(.ARM.exidx) refers to rtexit2.o(.ARM.Collect$$rtexit$$00000004) for .ARM.Collect$$rtexit$$00000004
    defsig.o(CL$$defsig) refers to defsig_fpe_inner.o(.text) for __rt_SIGFPE_inner
    defsig.o(CL$$defsig) refers to defsig_rtmem_inner.o(.text) for __rt_SIGRTMEM_inner
    defsig_abrt_inner.o(.text) refers to defsig_general.o(.text) for __default_signal_display
    defsig_rtred_inner.o(.text) refers to defsig_general.o(.text) for __default_signal_display
    defsig_stak_inner.o(.text) refers to defsig_general.o(.text) for __default_signal_display
    defsig_pvfn_inner.o(.text) refers to defsig_general.o(.text) for __default_signal_display
    defsig_cppl_inner.o(.text) refers to defsig_general.o(.text) for __default_signal_display
    defsig_segv_inner.o(.text) refers to defsig_general.o(.text) for __default_signal_display
    defsig_other.o(.text) refers to defsig_general.o(.text) for __default_signal_display
    libshutdown.o(.ARM.Collect$$libshutdown$$00000000) refers (Special) to libshutdown2.o(.ARM.Collect$$libshutdown$$00000002) for __rt_lib_shutdown_cpp_1
    libshutdown.o(.ARM.Collect$$libshutdown$$00000000) refers (Special) to libshutdown2.o(.ARM.Collect$$libshutdown$$00000007) for __rt_lib_shutdown_fp_trap_1
    libshutdown.o(.ARM.Collect$$libshutdown$$00000000) refers (Special) to libshutdown2.o(.ARM.Collect$$libshutdown$$0000000F) for __rt_lib_shutdown_heap_1
    libshutdown.o(.ARM.Collect$$libshutdown$$00000000) refers (Special) to libshutdown2.o(.ARM.Collect$$libshutdown$$00000010) for __rt_lib_shutdown_return
    libshutdown.o(.ARM.Collect$$libshutdown$$00000000) refers (Special) to libshutdown2.o(.ARM.Collect$$libshutdown$$0000000A) for __rt_lib_shutdown_signal_1
    libshutdown.o(.ARM.Collect$$libshutdown$$00000000) refers (Special) to libshutdown2.o(.ARM.Collect$$libshutdown$$00000004) for __rt_lib_shutdown_stdio_1
    libshutdown.o(.ARM.Collect$$libshutdown$$00000000) refers (Special) to libshutdown2.o(.ARM.Collect$$libshutdown$$0000000C) for __rt_lib_shutdown_user_alloc_1


==============================================================================

Removing Unused input sections from the image.

    Removing button.o(.text), (380 bytes).
    Removing button.o(.data), (8 bytes).
    Removing buttonisr.o(.text), (148 bytes).
    Removing sensors.o(.text), (720 bytes).
    Removing lcd_grph.o(.text), (3308 bytes).
    Removing lcd_grph.o(.constdata), (8 bytes).
    Removing lcd_grph.o(.data), (4 bytes).

7 unused section(s) (total 4576 bytes) removed from the image.

==============================================================================

Memory Map of the image

  Image Entry point : 0x00000000

  Load Region LR_IROM1 (Base: 0x00000000, Size: 0x000072c4, Max: 0x00080000, ABSOLUTE)

    Execution Region ER_IROM1 (Base: 0x00000000, Size: 0x0000723c, Max: 0x00080000, ABSOLUTE)

    Base Addr    Size         Type   Attr      Idx    E Section Name        Object

    0x00000000   0x00000340   Code   RO            3    RESET               lpc2400.o
    0x00000340   0x00000008   Code   RO          644  * !!!main             c_t.l(__main.o)
    0x00000348   0x00000000   Code   RO          621    .ARM.Collect$$_printf_percent$$00000000  c_t.l(_printf_percent.o)
    0x00000348   0x00000008   Code   RO          620    .ARM.Collect$$_printf_percent$$0000000A  c_t.l(_printf_u.o)
    0x00000350   0x00000008   Code   RO          619    .ARM.Collect$$_printf_percent$$00000014  c_t.l(_printf_s.o)
    0x00000358   0x00000008   Code   RO          684    .ARM.Collect$$_printf_percent$$00000017  c_t.l(_printf_percent_end.o)
    0x00000360   0x00000002   Code   RO          809    .ARM.Collect$$libinit$$00000000  c_t.l(libinit.o)
    0x00000362   0x00000000   Code   RO          692    .ARM.Collect$$libinit$$00000002  c_t.l(libinit2.o)
    0x00000362   0x00000000   Code   RO          694    .ARM.Collect$$libinit$$00000004  c_t.l(libinit2.o)
    0x00000362   0x00000008   Code   RO          695    .ARM.Collect$$libinit$$00000005  c_t.l(libinit2.o)
    0x0000036a   0x00000000   Code   RO          697    .ARM.Collect$$libinit$$0000000A  c_t.l(libinit2.o)
    0x0000036a   0x00000000   Code   RO          699    .ARM.Collect$$libinit$$0000000C  c_t.l(libinit2.o)
    0x0000036a   0x00000000   Code   RO          701    .ARM.Collect$$libinit$$0000000E  c_t.l(libinit2.o)
    0x0000036a   0x00000000   Code   RO          704    .ARM.Collect$$libinit$$00000011  c_t.l(libinit2.o)
    0x0000036a   0x00000000   Code   RO          706    .ARM.Collect$$libinit$$00000013  c_t.l(libinit2.o)
    0x0000036a   0x00000000   Code   RO          708    .ARM.Collect$$libinit$$00000015  c_t.l(libinit2.o)
    0x0000036a   0x00000000   Code   RO          710    .ARM.Collect$$libinit$$00000017  c_t.l(libinit2.o)
    0x0000036a   0x00000000   Code   RO          712    .ARM.Collect$$libinit$$00000019  c_t.l(libinit2.o)
    0x0000036a   0x00000000   Code   RO          714    .ARM.Collect$$libinit$$0000001B  c_t.l(libinit2.o)
    0x0000036a   0x00000000   Code   RO          716    .ARM.Collect$$libinit$$0000001D  c_t.l(libinit2.o)
    0x0000036a   0x00000000   Code   RO          718    .ARM.Collect$$libinit$$0000001F  c_t.l(libinit2.o)
    0x0000036a   0x00000000   Code   RO          720    .ARM.Collect$$libinit$$00000021  c_t.l(libinit2.o)
    0x0000036a   0x00000000   Code   RO          722    .ARM.Collect$$libinit$$00000023  c_t.l(libinit2.o)
    0x0000036a   0x00000000   Code   RO          724    .ARM.Collect$$libinit$$00000025  c_t.l(libinit2.o)
    0x0000036a   0x00000000   Code   RO          728    .ARM.Collect$$libinit$$0000002C  c_t.l(libinit2.o)
    0x0000036a   0x00000000   Code   RO          730    .ARM.Collect$$libinit$$0000002E  c_t.l(libinit2.o)
    0x0000036a   0x00000000   Code   RO          732    .ARM.Collect$$libinit$$00000030  c_t.l(libinit2.o)
    0x0000036a   0x00000000   Code   RO          734    .ARM.Collect$$libinit$$00000032  c_t.l(libinit2.o)
    0x0000036a   0x0000000c   Code   RO          735    .ARM.Collect$$libinit$$00000033  c_t.l(libinit2.o)
    0x00000376   0x00000004   Code   RO          863    .ARM.Collect$$libshutdown$$00000000  c_t.l(libshutdown.o)
    0x0000037a   0x00000000   Code   RO          823    .ARM.Collect$$libshutdown$$00000002  c_t.l(libshutdown2.o)
    0x0000037a   0x00000000   Code   RO          825    .ARM.Collect$$libshutdown$$00000004  c_t.l(libshutdown2.o)
    0x0000037a   0x00000000   Code   RO          828    .ARM.Collect$$libshutdown$$00000007  c_t.l(libshutdown2.o)
    0x0000037a   0x00000000   Code   RO          831    .ARM.Collect$$libshutdown$$0000000A  c_t.l(libshutdown2.o)
    0x0000037a   0x00000000   Code   RO          833    .ARM.Collect$$libshutdown$$0000000C  c_t.l(libshutdown2.o)
    0x0000037a   0x00000000   Code   RO          836    .ARM.Collect$$libshutdown$$0000000F  c_t.l(libshutdown2.o)
    0x0000037a   0x00000006   Code   RO          837    .ARM.Collect$$libshutdown$$00000010  c_t.l(libshutdown2.o)
    0x00000380   0x00000000   Code   RO          648    .ARM.Collect$$rtentry$$00000000  c_t.l(__rtentry.o)
    0x00000380   0x00000000   Code   RO          742    .ARM.Collect$$rtentry$$00000002  c_t.l(__rtentry2.o)
    0x00000380   0x00000008   Code   RO          754    .ARM.Collect$$rtentry$$00000004  c_t.l(__rtentry4.o)
    0x00000388   0x00000000   Code   RO          744    .ARM.Collect$$rtentry$$00000009  c_t.l(__rtentry2.o)
    0x00000388   0x00000004   Code   RO          745    .ARM.Collect$$rtentry$$0000000A  c_t.l(__rtentry2.o)
    0x0000038c   0x00000000   Code   RO          747    .ARM.Collect$$rtentry$$0000000C  c_t.l(__rtentry2.o)
    0x0000038c   0x00000028   Code   RO          748    .ARM.Collect$$rtentry$$0000000D  c_t.l(__rtentry2.o)
    0x000003b4   0x00000004   Code   RO          810    .ARM.Collect$$rtexit$$00000000  c_t.l(rtexit.o)
    0x000003b8   0x00000000   Code   RO          839    .ARM.Collect$$rtexit$$00000002  c_t.l(rtexit2.o)
    0x000003b8   0x00000004   Code   RO          840    .ARM.Collect$$rtexit$$00000003  c_t.l(rtexit2.o)
    0x000003bc   0x00000008   Code   RO          841    .ARM.Collect$$rtexit$$00000004  c_t.l(rtexit2.o)
    0x000003c4   0x00000000   Code   RO          760    .emb_text           c_t.l(maybetermalloc1.o)
    0x000003c4   0x00000024   Code   RO            4    .text               lpc2400.o
    0x000003e8   0x00000160   Code   RO           11    .text               main.o
    0x00000548   0x00000124   Code   RO          109    .text               console.o
    0x0000066c   0x000000a8   Code   RO          132    .text               retarget.o
    0x00000714   0x00000380   Code   RO          160    .text               serial.o
    0x00000a94   0x00000094   Code   RO          174    .text               serialisr.o
    0x00000b28   0x00000094   Code   RO          177    .text               lcdisr.o
    0x00000bbc   0x00000114   Code   RO          229    .text               list.o
    0x00000cd0   0x00000a28   Code   RO          241    .text               queue.o
    0x000016f8   0x00001824   Code   RO          253    .text               tasks.o
    0x00002f1c   0x0000020c   Code   RO          275    .text               port.o
    0x00003128   0x00000050   Code   RO          293    .text               heap_3.o
    0x00003178   0x00000a3c   Code   RO          349    .text               lcd_hw.o
    0x00003bb4   0x00001138   Code   RO          385    .text               graphics.o
    0x00004cec   0x00000070   Code   RO          407    .text               shapes.o
    0x00004d5c   0x00000440   Code   RO          419    .text               ledlights.o
    0x0000519c   0x00000ce8   Code   RO          442    .text               lcdgraphics.o
    0x00005e84   0x0000030c   Code   RO          464    .text               lcdcontrol.o
    0x00006190   0x00000044   Code   RO          482    .text               idmanager.o
    0x000061d4   0x000002f0   Code   RO          498    .text               boardbuttons.o
    0x000064c4   0x00000004   Code   RO          517    .text               c_t.l(use_no_semi.o)
    0x000064c8   0x0000006e   Code   RO          523    .text               c_t.l(h1_alloc.o)
    0x00006536   0x00000054   Code   RO          525    .text               c_t.l(h1_free.o)
    0x0000658a   0x00000002   PAD
    0x0000658c   0x0000001c   Code   RO          587    .text               c_t.l(noretval__2printf.o)
    0x000065a8   0x00000076   Code   RO          589    .text               c_t.l(__printf.o)
    0x0000661e   0x00000058   Code   RO          595    .text               c_t.l(_printf_str.o)
    0x00006676   0x00000002   PAD
    0x00006678   0x00000070   Code   RO          597    .text               c_t.l(_printf_dec.o)
    0x000066e8   0x00000044   Code   RO          622    .text               c_t.l(strlen.o)
    0x0000672c   0x000000d4   Code   RO          624    .text               c_t.l(rt_memcpy.o)
    0x00006800   0x00000180   Code   RO          626    .text               c_t.l(aeabi_sdiv.o)
    0x00006980   0x00000006   Code   RO          642    .text               c_t.l(heapauxi.o)
    0x00006986   0x00000002   PAD
    0x00006988   0x0000000c   Code   RO          656    .text               c_t.l(rt_heap_descriptor_intlibspace.o)
    0x00006994   0x00000004   Code   RO          658    .text               c_t.l(hguard.o)
    0x00006998   0x00000094   Code   RO          660    .text               c_t.l(init_alloc.o)
    0x00006a2c   0x0000000e   Code   RO          664    .text               c_t.l(h1_init.o)
    0x00006a3a   0x000000ba   Code   RO          678    .text               c_t.l(_printf_intcommon.o)
    0x00006af4   0x00000032   Code   RO          680    .text               c_t.l(_printf_char.o)
    0x00006b26   0x00000002   PAD
    0x00006b28   0x0000002c   Code   RO          682    .text               c_t.l(_printf_char_file.o)
    0x00006b54   0x00000064   Code   RO          685    .text               c_t.l(rt_memcpy_w.o)
    0x00006bb8   0x0000002c   Code   RO          687    .text               c_t.l(rtudiv10.o)
    0x00006be4   0x0000000c   Code   RO          738    .text               c_t.l(libspace.o)
    0x00006bf0   0x00000038   Code   RO          762    .text               c_t.l(h1_extend.o)
    0x00006c28   0x00000030   Code   RO          766    .text               c_t.l(_printf_char_common.o)
    0x00006c58   0x00000010   Code   RO          768    .text               c_t.l(defsig_rtmem_outer.o)
    0x00006c68   0x00000060   Code   RO          780    .text               c_t.l(sys_stackheap_outer.o)
    0x00006cc8   0x00000014   Code   RO          790    .text               c_t.l(exit.o)
    0x00006cdc   0x00000010   Code   RO          792    .text               c_t.l(defsig_exit.o)
    0x00006cec   0x00000054   Code   RO          798    .text               c_t.l(defsig_rtmem_inner.o)
    0x00006d40   0x00000038   Code   RO          818    .text               c_t.l(defsig_general.o)
    0x00006d78   0x00000024   Code   RO          627    .text_udiv          c_t.l(aeabi_sdiv.o)
    0x00006d9c   0x00000188   Code   RO          290    PORT_ASM            portasm.o
    0x00006f24   0x00000002   Code   RO          593    i.__ARM_common_call_via_r1  c_t.l(__printf.o)
    0x00006f26   0x00000002   Code   RO          591    i.__ARM_common_call_via_r2  c_t.l(__printf.o)
    0x00006f28   0x00000300   Data   RO          305    .constdata          font5x7.o
    0x00007228   0x00000008   Data   RO          386    .constdata          graphics.o
    0x00007230   0x0000000a   Data   RO          110    .conststring        console.o
    0x0000723a   0x00000002   PAD
    0x0000723c   0x00000000   Data   RO          864    Region$$Table       anon$$obj.o


    Execution Region RW_RAM1 (Base: 0xa0000000, Size: 0x00401578, Max: 0x02000000, ABSOLUTE)

    Base Addr    Size         Type   Attr      Idx    E Section Name        Object

    0xa0000000   0x00000008   Data   RW          111    .data               console.o
    0xa0000008   0x00000004   Data   RW          133    .data               retarget.o
    0xa000000c   0x0000000c   Data   RW          161    .data               serial.o
    0xa0000018   0x0000003c   Data   RW          255    .data               tasks.o
    0xa0000054   0x00000004   Data   RW          276    .data               port.o
    0xa0000058   0x00000001   Data   RW          350    .data               lcd_hw.o
    0xa0000059   0x00000001   PAD
    0xa000005a   0x00000004   Data   RW          387    .data               graphics.o
    0xa000005e   0x00000002   PAD
    0xa0000060   0x0000000c   Data   RW          420    .data               ledlights.o
    0xa000006c   0x00000008   Data   RW          444    .data               lcdgraphics.o
    0xa0000074   0x00000008   Data   RW          465    .data               lcdcontrol.o
    0xa000007c   0x00000004   Data   RW          484    .data               idmanager.o
    0xa0000080   0x00000008   Data   RW          499    .data               boardbuttons.o
    0xa0000088   0x000000b4   Zero   RW          254    .bss                tasks.o
    0xa000013c   0x000000bc   Zero   RW          443    .bss                lcdgraphics.o
    0xa00001f8   0x0000000d   Zero   RW          483    .bss                idmanager.o
    0xa0000205   0x00000003   PAD
    0xa0000208   0x00000060   Zero   RW          739    .bss                c_t.l(libspace.o)
    0xa0000268   0x00400000   Zero   RW            2    HEAP                lpc2400.o
    0xa0400268   0x00001310   Zero   RW            1    STACK               lpc2400.o

