<html>
<body>
<pre>
<h1>µVision Build Log</h1>
<h2>Project:</h2>
U:\Quarks\LedLightingSystem.uvproj
Project File Date:  12/11/2016

<h2>Output:</h2>
Rebuild target 'Internal Flash'
assembling LPC2400.s...
compiling main.c...
compiling console.c...
compiling Retarget.c...
compiling serial.c...
assembling serialISR.s...
assembling lcdISR.s...
compiling button.c...
assembling buttonISR.s...
compiling sensors.c...
compiling list.c...
compiling queue.c...
compiling tasks.c...
compiling port.c...
assembling portASM.s...
compiling heap_3.c...
compiling font5x7.c...
compiling lcd_grph.c...
compiling lcd_hw.c...
compiling Components.c...
compiling Graphics.c...
compiling Shapes.c...
compiling LEDLights.c...
compiling LCDGraphics.c...
Control\LCDGraphics.c(116): warning:  #188-D: enumerated type mixed with another type
Control\LCDGraphics.c(119): warning:  #188-D: enumerated type mixed with another type
Control\LCDGraphics.c(122): warning:  #188-D: enumerated type mixed with another type
Control\LCDGraphics.c(125): warning:  #188-D: enumerated type mixed with another type
compiling LCDControl.c...
compiling IDManager.c...
compiling BoardButtons.c...
linking...
.\LedLightingSystem.axf: Error: L6218E: Undefined symbol xQueueCreateMutex (referred from main.o).
".\LedLightingSystem.axf" - 1 Errors, 4 Warning(s).
Target not created
Build target 'Internal Flash'
compiling main.c...
linking...
Program Size: Code=28596 RO-data=820 RW-data=136 ZI-data=4199664  
".\LedLightingSystem.axf" - 0 Errors, 0 Warning(s).
Load "U:\\Quarks\\LedLightingSystem.axf" 
Erase Done.
Programming Done.
Verify OK.
Application running ...
Build target 'Internal Flash'
compiling main.c...
main.c(31): warning:  #550-D: variable "xMutex" was set but never used
linking...
Program Size: Code=26296 RO-data=820 RW-data=116 ZI-data=4199668  
".\LedLightingSystem.axf" - 0 Errors, 1 Warning(s).
Load "U:\\Quarks\\LedLightingSystem.axf" 
Erase Done.
Programming Done.
Verify OK.
Application running ...
Build target 'Internal Flash'
compiling LCDControl.c...
linking...
Program Size: Code=26712 RO-data=820 RW-data=116 ZI-data=4199668  
".\LedLightingSystem.axf" - 0 Errors, 0 Warning(s).
Load "U:\\Quarks\\LedLightingSystem.axf" 
Erase Done.
Programming Done.
Verify OK.
Application running ...
Load "U:\\Quarks\\LedLightingSystem.axf" 
Erase Done.
Programming Done.
Verify OK.
Application running ...
Rebuild target 'Internal Flash'
assembling LPC2400.s...
compiling main.c...
main.c(31): warning:  #550-D: variable "xMutex" was set but never used
compiling console.c...
compiling Retarget.c...
compiling serial.c...
assembling serialISR.s...
assembling lcdISR.s...
compiling button.c...
assembling buttonISR.s...
compiling sensors.c...
compiling list.c...
compiling queue.c...
compiling tasks.c...
compiling port.c...
assembling portASM.s...
compiling heap_3.c...
compiling font5x7.c...
compiling lcd_grph.c...
compiling lcd_hw.c...
compiling Components.c...
compiling Graphics.c...
compiling Shapes.c...
compiling LEDLights.c...
compiling LCDGraphics.c...
Control\LCDGraphics.c(116): warning:  #188-D: enumerated type mixed with another type
Control\LCDGraphics.c(119): warning:  #188-D: enumerated type mixed with another type
Control\LCDGraphics.c(122): warning:  #188-D: enumerated type mixed with another type
Control\LCDGraphics.c(125): warning:  #188-D: enumerated type mixed with another type
compiling LCDControl.c...
compiling IDManager.c...
compiling BoardButtons.c...
linking...
Program Size: Code=26712 RO-data=820 RW-data=116 ZI-data=4199668  
".\LedLightingSystem.axf" - 0 Errors, 5 Warning(s).
Load "U:\\Quarks\\LedLightingSystem.axf" 
Erase Done.
Programming Done.
Verify OK.
Application running ...
Build target 'Internal Flash'
compiling LCDControl.c...
linking...
Program Size: Code=26688 RO-data=820 RW-data=116 ZI-data=4199668  
".\LedLightingSystem.axf" - 0 Errors, 0 Warning(s).
Load "U:\\Quarks\\LedLightingSystem.axf" 
Erase Done.
Programming Done.
Verify OK.
Application running ...
Build target 'Internal Flash'
compiling Graphics.c...
linking...
Program Size: Code=26728 RO-data=820 RW-data=116 ZI-data=4199668  
".\LedLightingSystem.axf" - 0 Errors, 0 Warning(s).
Load "U:\\Quarks\\LedLightingSystem.axf" 
Erase Done.
Programming Done.
Verify OK.
Application running ...
Build target 'Internal Flash'
compiling LCDControl.c...
linking...
Program Size: Code=26784 RO-data=820 RW-data=116 ZI-data=4199668  
".\LedLightingSystem.axf" - 0 Errors, 0 Warning(s).
Load "U:\\Quarks\\LedLightingSystem.axf" 
Erase Done.
Programming Done.
Verify OK.
Application running ...
Build target 'Internal Flash'
compiling Graphics.c...
Control\Graphics.c(749): warning:  #177-D: variable "r3_size" was declared but never referenced
Control\Graphics.c(751): warning:  #177-D: variable "r3" was declared but never referenced
linking...
Program Size: Code=26712 RO-data=820 RW-data=116 ZI-data=4199668  
".\LedLightingSystem.axf" - 0 Errors, 2 Warning(s).
Load "U:\\Quarks\\LedLightingSystem.axf" 
Erase Done.
Programming Done.
Verify OK.
Application running ...
Build target 'Internal Flash'
compiling LCDControl.c...
linking...
Program Size: Code=26748 RO-data=820 RW-data=116 ZI-data=4199668  
".\LedLightingSystem.axf" - 0 Errors, 0 Warning(s).
Load "U:\\Quarks\\LedLightingSystem.axf" 
Erase Done.
Programming Done.
Verify OK.
Application running ...
Build target 'Internal Flash'
compiling main.c...
Control/LCDGraphics.h(37): error:  #130: expected a "{"
main.c(29): warning:  #12-D: parsing restarts here after previous syntax error
main.c(34): warning:  #223-D: function "prvSetupHardware" declared implicitly
main.c(31): warning:  #550-D: variable "xMutex" was set but never used
main.c(63): error:  #159: declaration is incompatible with previous "prvSetupHardware" (declared at line 34)
main.c(83): error:  #20: identifier "vLCD_ISREntry" is undefined
main.c(63): warning:  #177-D: function "prvSetupHardware" was declared but never referenced
compiling LCDGraphics.c...
Control\LCDGraphics.h(37): error:  #130: expected a "{"
Control\LCDGraphics.c(11): warning:  #12-D: parsing restarts here after previous syntax error
Control\LCDGraphics.c(17): error:  #20: identifier "screen" is undefined
Control\LCDGraphics.c(17): error:  #20: identifier "palette" is undefined
Control\LCDGraphics.c(26): error:  #20: identifier "screen" is undefined
Control\LCDGraphics.c(26): error:  #20: identifier "palette" is undefined
Control\LCDGraphics.c(32): error:  #20: identifier "palette" is undefined
Control\LCDGraphics.c(37): error:  #20: identifier "palette" is undefined
Control\LCDGraphics.c(46): error:  #20: identifier "screen" is undefined
Control\LCDGraphics.c(51): error:  #20: identifier "screen" is undefined
Control\LCDGraphics.c(57): warning:  #223-D: function "getLightData" declared implicitly
Control\LCDGraphics.c(61): error:  #20: identifier "screen" is undefined
Control\LCDGraphics.c(68): warning:  #223-D: function "setLightData" declared implicitly
Control\LCDGraphics.c(79): error:  #20: identifier "screen" is undefined
Control\LCDGraphics.c(90): error:  #20: identifier "screen" is undefined
Control\LCDGraphics.c(111): error:  #159: declaration is incompatible with previous "setLightData" (declared at line 68)
Control\LCDGraphics.c(116): error:  #20: identifier "screen" is undefined
Control\LCDGraphics.c(128): error:  #159: declaration is incompatible with previous "getLightData" (declared at line 57)
Control\LCDGraphics.c(132): error:  #20: identifier "screen" is undefined
Control\LCDGraphics.c(151): error:  #20: identifier "screen" is undefined
Control\LCDGraphics.c(170): error:  #20: identifier "screen" is undefined
Control\LCDGraphics.c(177): error:  #20: identifier "screen" is undefined
Control\LCDGraphics.c(189): error:  #20: identifier "screen" is undefined
Control\LCDGraphics.c(200): error:  #20: identifier "screen" is undefined
Control\LCDGraphics.c(205): error:  #20: identifier "screen" is undefined
Control\LCDGraphics.c(223): error:  #247: function "handlePreset" has already been defined
Control\LCDGraphics.c(271): error:  #20: identifier "screen" is undefined
Control\LCDGraphics.c(277): error:  #20: identifier "screen" is undefined
Control\LCDGraphics.c(295): error:  #20: identifier "palette" is undefined
Control\LCDGraphics.c(305): error:  #20: identifier "screen" is undefined
Control\LCDGraphics.c(310): warning:  #223-D: function "Register" declared implicitly
Control\LCDGraphics.c(346): error:  #20: identifier "screen" is undefined
Control\LCDGraphics.c(351): warning:  #223-D: function "Register" declared implicitly
compiling LCDControl.c...
Control\LCDGraphics.h(37): error:  #130: expected a "{"
..\FreeRTOS\Source\include\list.h(182): warning:  #12-D: parsing restarts here after previous syntax error
..\FreeRTOS\Source\include\list.h(184): warning:  #177-D: variable "xItemValue" was declared but never referenced
..\FreeRTOS\Source\include\list.h(185): warning:  #177-D: variable "pxNext" was declared but never referenced
..\FreeRTOS\Source\include\list.h(186): warning:  #177-D: variable "pxPrevious" was declared but never referenced
..\FreeRTOS\Source\include\list.h(187): warning:  #177-D: variable "pvOwner" was declared but never referenced
..\FreeRTOS\Source\include\list.h(188): warning:  #177-D: variable "pvContainer" was declared but never referenced
Control\LCDControl.c(31): warning:  #223-D: function "setupLedScreen" declared implicitly
Control\LCDControl.c(41): warning:  #223-D: function "getLedMode" declared implicitly
Control\LCDControl.c(44): warning:  #223-D: function "getLedData" declared implicitly
Control\LCDControl.c(46): warning:  #223-D: function "getLedPulse0" declared implicitly
Control\LCDControl.c(48): warning:  #223-D: function "getLedPulse1" declared implicitly
Control\LCDControl.c(106): warning:  #223-D: function "isComponentTouched" declared implicitly
Control\LCDControl.c(107): warning:  #223-D: function "GetComponent" declared implicitly
Control\LCDControl.c(107): warning:  #188-D: enumerated type mixed with another type
Control\LCDControl.c(113): warning:  #223-D: function "getButton" declared implicitly
Control\LCDControl.c(113): error:  #513: a value of type "int" cannot be assigned to an entity of type "Button *"
Control\LCDControl.c(116): warning:  #223-D: function "getSlider" declared implicitly
Control\LCDControl.c(116): error:  #513: a value of type "int" cannot be assigned to an entity of type "Slider *"
Control\LCDControl.c(154): warning:  #223-D: function "handleSlider" declared implicitly
Control\LCDControl.c(154): warning:  #223-D: function "getPoint" declared implicitly
compiling IDManager.c...
Control\LCDGraphics.h(37): error:  #130: expected a "{"
Control\IDManager.c(8): warning:  #12-D: parsing restarts here after previous syntax error
Control\IDManager.c(9): error:  #20: identifier "latestId" is undefined
Control\IDManager.c(10): error:  #20: identifier "types" is undefined
Control\IDManager.c(10): error:  #20: identifier "t" is undefined
Control\IDManager.c(12): error:  #118: a void function may not return a value
Control\IDManager.c(17): error:  #20: identifier "types" is undefined
".\LedLightingSystem.axf" - 40 Errors, 28 Warning(s).
Target not created
Load "U:\\Quarks\\LedLightingSystem.axf" 
Erase Done.
Programming Done.
Verify OK.
Application running ...
Build target 'Internal Flash'
compiling main.c...
Control/LCDGraphics.h(37): error:  #130: expected a "{"
main.c(29): warning:  #12-D: parsing restarts here after previous syntax error
main.c(34): warning:  #223-D: function "prvSetupHardware" declared implicitly
main.c(31): warning:  #550-D: variable "xMutex" was set but never used
main.c(63): error:  #159: declaration is incompatible with previous "prvSetupHardware" (declared at line 34)
main.c(83): error:  #20: identifier "vLCD_ISREntry" is undefined
main.c(63): warning:  #177-D: function "prvSetupHardware" was declared but never referenced
compiling LCDGraphics.c...
Control\LCDGraphics.h(37): error:  #130: expected a "{"
Control\LCDGraphics.c(11): warning:  #12-D: parsing restarts here after previous syntax error
Control\LCDGraphics.c(17): error:  #20: identifier "screen" is undefined
Control\LCDGraphics.c(17): error:  #20: identifier "palette" is undefined
Control\LCDGraphics.c(26): error:  #20: identifier "screen" is undefined
Control\LCDGraphics.c(26): error:  #20: identifier "palette" is undefined
Control\LCDGraphics.c(32): error:  #20: identifier "palette" is undefined
Control\LCDGraphics.c(37): error:  #20: identifier "palette" is undefined
Control\LCDGraphics.c(46): error:  #20: identifier "screen" is undefined
Control\LCDGraphics.c(51): error:  #20: identifier "screen" is undefined
Control\LCDGraphics.c(57): warning:  #223-D: function "getLightData" declared implicitly
Control\LCDGraphics.c(61): error:  #20: identifier "screen" is undefined
Control\LCDGraphics.c(68): warning:  #223-D: function "setLightData" declared implicitly
Control\LCDGraphics.c(79): error:  #20: identifier "screen" is undefined
Control\LCDGraphics.c(90): error:  #20: identifier "screen" is undefined
Control\LCDGraphics.c(111): error:  #159: declaration is incompatible with previous "setLightData" (declared at line 68)
Control\LCDGraphics.c(116): error:  #20: identifier "screen" is undefined
Control\LCDGraphics.c(128): error:  #159: declaration is incompatible with previous "getLightData" (declared at line 57)
Control\LCDGraphics.c(132): error:  #20: identifier "screen" is undefined
Control\LCDGraphics.c(151): error:  #20: identifier "screen" is undefined
Control\LCDGraphics.c(170): error:  #20: identifier "screen" is undefined
Control\LCDGraphics.c(177): error:  #20: identifier "screen" is undefined
Control\LCDGraphics.c(189): error:  #20: identifier "screen" is undefined
Control\LCDGraphics.c(200): error:  #20: identifier "screen" is undefined
Control\LCDGraphics.c(205): error:  #20: identifier "screen" is undefined
Control\LCDGraphics.c(223): error:  #247: function "handlePreset" has already been defined
Control\LCDGraphics.c(271): error:  #20: identifier "screen" is undefined
Control\LCDGraphics.c(277): error:  #20: identifier "screen" is undefined
Control\LCDGraphics.c(295): error:  #20: identifier "palette" is undefined
Control\LCDGraphics.c(305): error:  #20: identifier "screen" is undefined
Control\LCDGraphics.c(310): warning:  #223-D: function "Register" declared implicitly
Control\LCDGraphics.c(346): error:  #20: identifier "screen" is undefined
Control\LCDGraphics.c(351): warning:  #223-D: function "Register" declared implicitly
compiling LCDControl.c...
Control\LCDGraphics.h(37): error:  #130: expected a "{"
..\FreeRTOS\Source\include\list.h(182): warning:  #12-D: parsing restarts here after previous syntax error
..\FreeRTOS\Source\include\list.h(184): warning:  #177-D: variable "xItemValue" was declared but never referenced
..\FreeRTOS\Source\include\list.h(185): warning:  #177-D: variable "pxNext" was declared but never referenced
..\FreeRTOS\Source\include\list.h(186): warning:  #177-D: variable "pxPrevious" was declared but never referenced
..\FreeRTOS\Source\include\list.h(187): warning:  #177-D: variable "pvOwner" was declared but never referenced
..\FreeRTOS\Source\include\list.h(188): warning:  #177-D: variable "pvContainer" was declared but never referenced
Control\LCDControl.c(31): warning:  #223-D: function "setupLedScreen" declared implicitly
Control\LCDControl.c(41): warning:  #223-D: function "getLedMode" declared implicitly
Control\LCDControl.c(44): warning:  #223-D: function "getLedData" declared implicitly
Control\LCDControl.c(46): warning:  #223-D: function "getLedPulse0" declared implicitly
Control\LCDControl.c(48): warning:  #223-D: function "getLedPulse1" declared implicitly
Control\LCDControl.c(106): warning:  #223-D: function "isComponentTouched" declared implicitly
Control\LCDControl.c(107): warning:  #223-D: function "GetComponent" declared implicitly
Control\LCDControl.c(107): warning:  #188-D: enumerated type mixed with another type
Control\LCDControl.c(113): warning:  #223-D: function "getButton" declared implicitly
Control\LCDControl.c(113): error:  #513: a value of type "int" cannot be assigned to an entity of type "Button *"
Control\LCDControl.c(116): warning:  #223-D: function "getSlider" declared implicitly
Control\LCDControl.c(116): error:  #513: a value of type "int" cannot be assigned to an entity of type "Slider *"
Control\LCDControl.c(154): warning:  #223-D: function "handleSlider" declared implicitly
Control\LCDControl.c(154): warning:  #223-D: function "getPoint" declared implicitly
compiling IDManager.c...
Control\LCDGraphics.h(37): error:  #130: expected a "{"
Control\IDManager.c(8): warning:  #12-D: parsing restarts here after previous syntax error
Control\IDManager.c(9): error:  #20: identifier "latestId" is undefined
Control\IDManager.c(10): error:  #20: identifier "types" is undefined
Control\IDManager.c(10): error:  #20: identifier "t" is undefined
Control\IDManager.c(12): error:  #118: a void function may not return a value
Control\IDManager.c(17): error:  #20: identifier "types" is undefined
".\LedLightingSystem.axf" - 40 Errors, 28 Warning(s).
Target not created
Build target 'Internal Flash'
compiling main.c...
Control/LCDGraphics.h(37): error:  #130: expected a "{"
main.c(29): warning:  #12-D: parsing restarts here after previous syntax error
main.c(34): warning:  #223-D: function "prvSetupHardware" declared implicitly
main.c(31): warning:  #550-D: variable "xMutex" was set but never used
main.c(63): error:  #159: declaration is incompatible with previous "prvSetupHardware" (declared at line 34)
main.c(83): error:  #20: identifier "vLCD_ISREntry" is undefined
main.c(63): warning:  #177-D: function "prvSetupHardware" was declared but never referenced
compiling LCDGraphics.c...
Control\LCDGraphics.h(37): error:  #130: expected a "{"
Control\LCDGraphics.c(11): warning:  #12-D: parsing restarts here after previous syntax error
Control\LCDGraphics.c(17): error:  #20: identifier "screen" is undefined
Control\LCDGraphics.c(17): error:  #20: identifier "palette" is undefined
Control\LCDGraphics.c(26): error:  #20: identifier "screen" is undefined
Control\LCDGraphics.c(26): error:  #20: identifier "palette" is undefined
Control\LCDGraphics.c(32): error:  #20: identifier "palette" is undefined
Control\LCDGraphics.c(37): error:  #20: identifier "palette" is undefined
Control\LCDGraphics.c(46): error:  #20: identifier "screen" is undefined
Control\LCDGraphics.c(51): error:  #20: identifier "screen" is undefined
Control\LCDGraphics.c(57): warning:  #223-D: function "getLightData" declared implicitly
Control\LCDGraphics.c(61): error:  #20: identifier "screen" is undefined
Control\LCDGraphics.c(68): warning:  #223-D: function "setLightData" declared implicitly
Control\LCDGraphics.c(79): error:  #20: identifier "screen" is undefined
Control\LCDGraphics.c(90): error:  #20: identifier "screen" is undefined
Control\LCDGraphics.c(111): error:  #159: declaration is incompatible with previous "setLightData" (declared at line 68)
Control\LCDGraphics.c(116): error:  #20: identifier "screen" is undefined
Control\LCDGraphics.c(128): error:  #159: declaration is incompatible with previous "getLightData" (declared at line 57)
Control\LCDGraphics.c(132): error:  #20: identifier "screen" is undefined
Control\LCDGraphics.c(151): error:  #20: identifier "screen" is undefined
Control\LCDGraphics.c(170): error:  #20: identifier "screen" is undefined
Control\LCDGraphics.c(177): error:  #20: identifier "screen" is undefined
Control\LCDGraphics.c(189): error:  #20: identifier "screen" is undefined
Control\LCDGraphics.c(200): error:  #20: identifier "screen" is undefined
Control\LCDGraphics.c(205): error:  #20: identifier "screen" is undefined
Control\LCDGraphics.c(223): error:  #247: function "handlePreset" has already been defined
Control\LCDGraphics.c(271): error:  #20: identifier "screen" is undefined
Control\LCDGraphics.c(277): error:  #20: identifier "screen" is undefined
Control\LCDGraphics.c(295): error:  #20: identifier "palette" is undefined
Control\LCDGraphics.c(305): error:  #20: identifier "screen" is undefined
Control\LCDGraphics.c(310): warning:  #223-D: function "Register" declared implicitly
Control\LCDGraphics.c(346): error:  #20: identifier "screen" is undefined
Control\LCDGraphics.c(351): warning:  #223-D: function "Register" declared implicitly
compiling LCDControl.c...
Control\LCDGraphics.h(37): error:  #130: expected a "{"
..\FreeRTOS\Source\include\list.h(182): warning:  #12-D: parsing restarts here after previous syntax error
..\FreeRTOS\Source\include\list.h(184): warning:  #177-D: variable "xItemValue" was declared but never referenced
..\FreeRTOS\Source\include\list.h(185): warning:  #177-D: variable "pxNext" was declared but never referenced
..\FreeRTOS\Source\include\list.h(186): warning:  #177-D: variable "pxPrevious" was declared but never referenced
..\FreeRTOS\Source\include\list.h(187): warning:  #177-D: variable "pvOwner" was declared but never referenced
..\FreeRTOS\Source\include\list.h(188): warning:  #177-D: variable "pvContainer" was declared but never referenced
Control\LCDControl.c(31): warning:  #223-D: function "setupLedScreen" declared implicitly
Control\LCDControl.c(41): warning:  #223-D: function "getLedMode" declared implicitly
Control\LCDControl.c(44): warning:  #223-D: function "getLedData" declared implicitly
Control\LCDControl.c(46): warning:  #223-D: function "getLedPulse0" declared implicitly
Control\LCDControl.c(48): warning:  #223-D: function "getLedPulse1" declared implicitly
Control\LCDControl.c(106): warning:  #223-D: function "isComponentTouched" declared implicitly
Control\LCDControl.c(107): warning:  #223-D: function "GetComponent" declared implicitly
Control\LCDControl.c(107): warning:  #188-D: enumerated type mixed with another type
Control\LCDControl.c(113): warning:  #223-D: function "getButton" declared implicitly
Control\LCDControl.c(113): error:  #513: a value of type "int" cannot be assigned to an entity of type "Button *"
Control\LCDControl.c(116): warning:  #223-D: function "getSlider" declared implicitly
Control\LCDControl.c(116): error:  #513: a value of type "int" cannot be assigned to an entity of type "Slider *"
Control\LCDControl.c(154): warning:  #223-D: function "handleSlider" declared implicitly
Control\LCDControl.c(154): warning:  #223-D: function "getPoint" declared implicitly
compiling IDManager.c...
Control\LCDGraphics.h(37): error:  #130: expected a "{"
Control\IDManager.c(8): warning:  #12-D: parsing restarts here after previous syntax error
Control\IDManager.c(9): error:  #20: identifier "latestId" is undefined
Control\IDManager.c(10): error:  #20: identifier "types" is undefined
Control\IDManager.c(10): error:  #20: identifier "t" is undefined
Control\IDManager.c(12): error:  #118: a void function may not return a value
Control\IDManager.c(17): error:  #20: identifier "types" is undefined
".\LedLightingSystem.axf" - 40 Errors, 28 Warning(s).
Target not created
Build target 'Internal Flash'
compiling main.c...
main.c(31): warning:  #550-D: variable "xMutex" was set but never used
compiling LCDGraphics.c...
Control\LCDGraphics.c(116): warning:  #188-D: enumerated type mixed with another type
Control\LCDGraphics.c(119): warning:  #188-D: enumerated type mixed with another type
Control\LCDGraphics.c(122): warning:  #188-D: enumerated type mixed with another type
Control\LCDGraphics.c(125): warning:  #188-D: enumerated type mixed with another type
compiling LCDControl.c...
compiling IDManager.c...
linking...
Program Size: Code=26768 RO-data=820 RW-data=116 ZI-data=4199668  
".\LedLightingSystem.axf" - 0 Errors, 5 Warning(s).
Load "U:\\Quarks\\LedLightingSystem.axf" 
Erase Done.
Programming Done.
Verify OK.
Application running ...
Build target 'Internal Flash'
compiling LCDControl.c...
linking...
Program Size: Code=26824 RO-data=820 RW-data=116 ZI-data=4199668  
".\LedLightingSystem.axf" - 0 Errors, 0 Warning(s).
Load "U:\\Quarks\\LedLightingSystem.axf" 
Erase Done.
Programming Done.
Verify OK.
Application running ...
Build target 'Internal Flash'
compiling Graphics.c...
Control\Graphics.c(749): warning:  #177-D: variable "r3_size" was declared but never referenced
Control\Graphics.c(751): warning:  #177-D: variable "r3" was declared but never referenced
linking...
Program Size: Code=26904 RO-data=820 RW-data=116 ZI-data=4199668  
".\LedLightingSystem.axf" - 0 Errors, 2 Warning(s).
Load "U:\\Quarks\\LedLightingSystem.axf" 
Erase Done.
Programming Done.
Verify OK.
Application running ...
Build target 'Internal Flash'
compiling main.c...
main.c(31): warning:  #550-D: variable "xMutex" was set but never used
compiling Components.c...
compiling Graphics.c...
Control\Graphics.c(749): warning:  #177-D: variable "r3_size" was declared but never referenced
Control\Graphics.c(751): warning:  #177-D: variable "r3" was declared but never referenced
compiling Shapes.c...
compiling LCDGraphics.c...
Control\LCDGraphics.c(116): warning:  #188-D: enumerated type mixed with another type
Control\LCDGraphics.c(119): warning:  #188-D: enumerated type mixed with another type
Control\LCDGraphics.c(122): warning:  #188-D: enumerated type mixed with another type
Control\LCDGraphics.c(125): warning:  #188-D: enumerated type mixed with another type
compiling LCDControl.c...
compiling IDManager.c...
linking...
Program Size: Code=26904 RO-data=820 RW-data=116 ZI-data=4199668  
".\LedLightingSystem.axf" - 0 Errors, 7 Warning(s).
Load "U:\\Quarks\\LedLightingSystem.axf" 
Erase Done.
Programming Done.
Verify OK.
Application running ...
Build target 'Internal Flash'
compiling LCDGraphics.c...
Control\LCDGraphics.c(117): warning:  #188-D: enumerated type mixed with another type
Control\LCDGraphics.c(120): warning:  #188-D: enumerated type mixed with another type
Control\LCDGraphics.c(123): warning:  #188-D: enumerated type mixed with another type
Control\LCDGraphics.c(126): warning:  #188-D: enumerated type mixed with another type
compiling LCDControl.c...
linking...
Program Size: Code=26888 RO-data=820 RW-data=116 ZI-data=4199668  
".\LedLightingSystem.axf" - 0 Errors, 4 Warning(s).
Load "U:\\Quarks\\LedLightingSystem.axf" 
Erase Done.
Programming Done.
Verify OK.
Application running ...
Build target 'Internal Flash'
compiling main.c...
main.c(31): warning:  #550-D: variable "xMutex" was set but never used
compiling Components.c...
compiling Graphics.c...
Control\Graphics.c(749): warning:  #177-D: variable "r3_size" was declared but never referenced
Control\Graphics.c(751): warning:  #177-D: variable "r3" was declared but never referenced
compiling Shapes.c...
compiling LCDGraphics.c...
Control\LCDGraphics.c(117): warning:  #188-D: enumerated type mixed with another type
Control\LCDGraphics.c(120): warning:  #188-D: enumerated type mixed with another type
Control\LCDGraphics.c(123): warning:  #188-D: enumerated type mixed with another type
Control\LCDGraphics.c(126): warning:  #188-D: enumerated type mixed with another type
compiling LCDControl.c...
compiling IDManager.c...
linking...
Program Size: Code=26880 RO-data=820 RW-data=116 ZI-data=4199668  
".\LedLightingSystem.axf" - 0 Errors, 7 Warning(s).
Load "U:\\Quarks\\LedLightingSystem.axf" 
Erase Done.
Programming Done.
Verify OK.
Application running ...
Build target 'Internal Flash'
compiling LCDGraphics.c...
Control\LCDGraphics.c(117): warning:  #188-D: enumerated type mixed with another type
Control\LCDGraphics.c(120): warning:  #188-D: enumerated type mixed with another type
Control\LCDGraphics.c(123): warning:  #188-D: enumerated type mixed with another type
Control\LCDGraphics.c(126): warning:  #188-D: enumerated type mixed with another type
linking...
Program Size: Code=26864 RO-data=820 RW-data=116 ZI-data=4199668  
".\LedLightingSystem.axf" - 0 Errors, 4 Warning(s).
Load "U:\\Quarks\\LedLightingSystem.axf" 
Erase Done.
Programming Done.
Verify OK.
Application running ...
Build target 'Internal Flash'
compiling LCDGraphics.c...
Control\LCDGraphics.c(117): warning:  #188-D: enumerated type mixed with another type
Control\LCDGraphics.c(120): warning:  #188-D: enumerated type mixed with another type
Control\LCDGraphics.c(123): warning:  #188-D: enumerated type mixed with another type
Control\LCDGraphics.c(126): warning:  #188-D: enumerated type mixed with another type
linking...
Program Size: Code=26856 RO-data=820 RW-data=116 ZI-data=4199668  
".\LedLightingSystem.axf" - 0 Errors, 4 Warning(s).
Load "U:\\Quarks\\LedLightingSystem.axf" 
Erase Done.
Programming Done.
Verify OK.
Application running ...
Build target 'Internal Flash'
compiling LCDGraphics.c...
Control\LCDGraphics.c(117): warning:  #188-D: enumerated type mixed with another type
Control\LCDGraphics.c(120): warning:  #188-D: enumerated type mixed with another type
Control\LCDGraphics.c(123): warning:  #188-D: enumerated type mixed with another type
Control\LCDGraphics.c(126): warning:  #188-D: enumerated type mixed with another type
linking...
Program Size: Code=26856 RO-data=820 RW-data=116 ZI-data=4199668  
".\LedLightingSystem.axf" - 0 Errors, 4 Warning(s).
Load "U:\\Quarks\\LedLightingSystem.axf" 
Erase Done.
Programming Done.
Verify OK.
Application running ...
Build target 'Internal Flash'
compiling LCDGraphics.c...
Control\LCDGraphics.c(43): warning:  #550-D: variable "l" was set but never used
Control\LCDGraphics.c(117): warning:  #188-D: enumerated type mixed with another type
Control\LCDGraphics.c(120): warning:  #188-D: enumerated type mixed with another type
Control\LCDGraphics.c(123): warning:  #188-D: enumerated type mixed with another type
Control\LCDGraphics.c(126): warning:  #188-D: enumerated type mixed with another type
linking...
Program Size: Code=26852 RO-data=820 RW-data=116 ZI-data=4199668  
".\LedLightingSystem.axf" - 0 Errors, 5 Warning(s).
Build target 'Internal Flash'
compiling LCDGraphics.c...
Control\LCDGraphics.c(43): warning:  #177-D: variable "l" was declared but never referenced
Control\LCDGraphics.c(117): warning:  #188-D: enumerated type mixed with another type
Control\LCDGraphics.c(120): warning:  #188-D: enumerated type mixed with another type
Control\LCDGraphics.c(123): warning:  #188-D: enumerated type mixed with another type
Control\LCDGraphics.c(126): warning:  #188-D: enumerated type mixed with another type
linking...
Program Size: Code=26840 RO-data=820 RW-data=116 ZI-data=4199668  
".\LedLightingSystem.axf" - 0 Errors, 5 Warning(s).
Load "U:\\Quarks\\LedLightingSystem.axf" 
Erase Done.
Programming Done.
Verify OK.
Application running ...
Build target 'Internal Flash'
compiling LCDGraphics.c...
Control\LCDGraphics.c(65): warning:  #188-D: enumerated type mixed with another type
Control\LCDGraphics.c(72): warning:  #188-D: enumerated type mixed with another type
Control\LCDGraphics.c(79): warning:  #188-D: enumerated type mixed with another type
Control\LCDGraphics.c(86): warning:  #188-D: enumerated type mixed with another type
Control\LCDGraphics.c(136): warning:  #188-D: enumerated type mixed with another type
Control\LCDGraphics.c(139): warning:  #188-D: enumerated type mixed with another type
Control\LCDGraphics.c(142): warning:  #188-D: enumerated type mixed with another type
Control\LCDGraphics.c(145): warning:  #188-D: enumerated type mixed with another type
linking...
Program Size: Code=26992 RO-data=820 RW-data=116 ZI-data=4199668  
".\LedLightingSystem.axf" - 0 Errors, 8 Warning(s).
Load "U:\\Quarks\\LedLightingSystem.axf" 
Erase Done.
Programming Done.
Verify OK.
Application running ...
Build target 'Internal Flash'
compiling LCDGraphics.c...
Control\LCDGraphics.c(65): warning:  #188-D: enumerated type mixed with another type
Control\LCDGraphics.c(72): warning:  #188-D: enumerated type mixed with another type
Control\LCDGraphics.c(79): warning:  #188-D: enumerated type mixed with another type
Control\LCDGraphics.c(86): warning:  #188-D: enumerated type mixed with another type
Control\LCDGraphics.c(136): warning:  #188-D: enumerated type mixed with another type
Control\LCDGraphics.c(139): warning:  #188-D: enumerated type mixed with another type
Control\LCDGraphics.c(142): warning:  #188-D: enumerated type mixed with another type
Control\LCDGraphics.c(145): warning:  #188-D: enumerated type mixed with another type
linking...
Program Size: Code=26992 RO-data=820 RW-data=116 ZI-data=4199668  
".\LedLightingSystem.axf" - 0 Errors, 8 Warning(s).
Load "U:\\Quarks\\LedLightingSystem.axf" 
Erase Done.
Programming Done.
Verify OK.
Application running ...
Build target 'Internal Flash'
compiling main.c...
linking...
Program Size: Code=28048 RO-data=820 RW-data=128 ZI-data=4199664  
".\LedLightingSystem.axf" - 0 Errors, 0 Warning(s).
Load "U:\\Quarks\\LedLightingSystem.axf" 
Erase Done.
Programming Done.
Verify OK.
Application running ...
compiling LCDControl.c...
"Control\LCDControl.c" - 0 Errors, 0 Warning(s).
Build target 'Internal Flash'
linking...
Program Size: Code=28072 RO-data=820 RW-data=128 ZI-data=4199664  
".\LedLightingSystem.axf" - 0 Errors, 0 Warning(s).
Load "U:\\Quarks\\LedLightingSystem.axf" 
Erase Done.
Programming Done.
Verify OK.
Application running ...
Build target 'Internal Flash'
compiling Graphics.c...
Control\Graphics.c(750): warning:  #177-D: variable "r3_size" was declared but never referenced
Control\Graphics.c(752): warning:  #177-D: variable "r3" was declared but never referenced
compiling LEDLights.c...
compiling LCDControl.c...
linking...
Program Size: Code=28100 RO-data=820 RW-data=128 ZI-data=4199664  
".\LedLightingSystem.axf" - 0 Errors, 2 Warning(s).
Load "U:\\Quarks\\LedLightingSystem.axf" 
Erase Done.
Programming Done.
Verify OK.
Application running ...
Build target 'Internal Flash'
compiling LEDLights.c...
linking...
Program Size: Code=28148 RO-data=820 RW-data=128 ZI-data=4199664  
".\LedLightingSystem.axf" - 0 Errors, 0 Warning(s).
Load "U:\\Quarks\\LedLightingSystem.axf" 
Erase Done.
Programming Done.
Verify OK.
Application running ...
Build target 'Internal Flash'
compiling LEDLights.c...
Control\LEDLights.c(17): warning:  #550-D: variable "xMutex" was set but never used
linking...
Program Size: Code=28100 RO-data=820 RW-data=128 ZI-data=4199664  
".\LedLightingSystem.axf" - 0 Errors, 1 Warning(s).
Load "U:\\Quarks\\LedLightingSystem.axf" 
Erase Done.
Programming Done.
Verify OK.
Application running ...
Build target 'Internal Flash'
compiling main.c...
compiling Components.c...
compiling Graphics.c...
Control\Graphics.c(750): error:  #136: struct "Slider" has no field "sSize"
Control\Graphics.c(751): error:  #136: struct "Slider" has no field "sSize"
Control\Graphics.c(752): error:  #136: struct "Slider" has no field "sSize"
Control\Graphics.c(758): error:  #136: struct "Slider" has no field "sSize"
Control\Graphics.c(763): error:  #136: struct "Slider" has no field "sSize"
compiling LCDGraphics.c...
Control\LCDGraphics.c(65): warning:  #188-D: enumerated type mixed with another type
Control\LCDGraphics.c(72): warning:  #188-D: enumerated type mixed with another type
Control\LCDGraphics.c(79): warning:  #188-D: enumerated type mixed with another type
Control\LCDGraphics.c(86): warning:  #188-D: enumerated type mixed with another type
Control\LCDGraphics.c(136): warning:  #188-D: enumerated type mixed with another type
Control\LCDGraphics.c(139): warning:  #188-D: enumerated type mixed with another type
Control\LCDGraphics.c(142): warning:  #188-D: enumerated type mixed with another type
Control\LCDGraphics.c(145): warning:  #188-D: enumerated type mixed with another type
Control\LCDGraphics.c(273): error:  #136: struct "Slider" has no field "sSize"
Control\LCDGraphics.c(277): error:  #136: struct "Slider" has no field "sSize"
Control\LCDGraphics.c(278): error:  #136: struct "Slider" has no field "sSize"
Control\LCDGraphics.c(347): error:  #136: struct "Slider" has no field "sSize"
compiling LCDControl.c...
compiling IDManager.c...
".\LedLightingSystem.axf" - 9 Errors, 8 Warning(s).
Target not created
Build target 'Internal Flash'
compiling Graphics.c...
Control\Graphics.c(750): error:  #136: struct "Slider" has no field "sSize"
Control\Graphics.c(751): error:  #136: struct "Slider" has no field "sSize"
Control\Graphics.c(752): error:  #136: struct "Slider" has no field "sSize"
Control\Graphics.c(758): error:  #136: struct "Slider" has no field "sSize"
Control\Graphics.c(763): error:  #136: struct "Slider" has no field "sSize"
compiling LCDGraphics.c...
Control\LCDGraphics.c(65): warning:  #188-D: enumerated type mixed with another type
Control\LCDGraphics.c(72): warning:  #188-D: enumerated type mixed with another type
Control\LCDGraphics.c(79): warning:  #188-D: enumerated type mixed with another type
Control\LCDGraphics.c(86): warning:  #188-D: enumerated type mixed with another type
Control\LCDGraphics.c(136): warning:  #188-D: enumerated type mixed with another type
Control\LCDGraphics.c(139): warning:  #188-D: enumerated type mixed with another type
Control\LCDGraphics.c(142): warning:  #188-D: enumerated type mixed with another type
Control\LCDGraphics.c(145): warning:  #188-D: enumerated type mixed with another type
".\LedLightingSystem.axf" - 5 Errors, 8 Warning(s).
Target not created
Build target 'Internal Flash'
compiling Graphics.c...
Control\Graphics.c(747): warning:  #177-D: variable "w" was declared but never referenced
linking...
Program Size: Code=28184 RO-data=820 RW-data=128 ZI-data=4199664  
".\LedLightingSystem.axf" - 0 Errors, 1 Warning(s).
Build target 'Internal Flash'
compiling Graphics.c...
linking...
Program Size: Code=28156 RO-data=820 RW-data=128 ZI-data=4199664  
".\LedLightingSystem.axf" - 0 Errors, 0 Warning(s).
Load "U:\\Quarks\\LedLightingSystem.axf" 
Erase Done.
Programming Done.
Verify OK.
Application running ...
Build target 'Internal Flash'
compiling Graphics.c...
linking...
Program Size: Code=28204 RO-data=820 RW-data=128 ZI-data=4199664  
".\LedLightingSystem.axf" - 0 Errors, 0 Warning(s).
Load "U:\\Quarks\\LedLightingSystem.axf" 
Erase Done.
Programming Done.
Verify OK.
Application running ...
Build target 'Internal Flash'
compiling Graphics.c...
linking...
Program Size: Code=28192 RO-data=820 RW-data=128 ZI-data=4199664  
".\LedLightingSystem.axf" - 0 Errors, 0 Warning(s).
Load "U:\\Quarks\\LedLightingSystem.axf" 
Erase Done.
Programming Done.
Verify OK.
Application running ...
Build target 'Internal Flash'
compiling LCDGraphics.c...
Control\LCDGraphics.c(65): warning:  #188-D: enumerated type mixed with another type
Control\LCDGraphics.c(72): warning:  #188-D: enumerated type mixed with another type
Control\LCDGraphics.c(79): warning:  #188-D: enumerated type mixed with another type
Control\LCDGraphics.c(86): warning:  #188-D: enumerated type mixed with another type
Control\LCDGraphics.c(136): warning:  #188-D: enumerated type mixed with another type
Control\LCDGraphics.c(139): warning:  #188-D: enumerated type mixed with another type
Control\LCDGraphics.c(142): warning:  #188-D: enumerated type mixed with another type
Control\LCDGraphics.c(145): warning:  #188-D: enumerated type mixed with another type
Control\LCDGraphics.c(191): warning:  #177-D: variable "i" was declared but never referenced
linking...
Program Size: Code=28172 RO-data=820 RW-data=128 ZI-data=4199664  
".\LedLightingSystem.axf" - 0 Errors, 9 Warning(s).
Load "U:\\Quarks\\LedLightingSystem.axf" 
Erase Done.
Programming Done.
Verify OK.
Application running ...
Build target 'Internal Flash'
compiling main.c...
compiling Components.c...
compiling Graphics.c...
compiling LCDGraphics.c...
Control\LCDGraphics.c(65): warning:  #188-D: enumerated type mixed with another type
Control\LCDGraphics.c(72): warning:  #188-D: enumerated type mixed with another type
Control\LCDGraphics.c(79): warning:  #188-D: enumerated type mixed with another type
Control\LCDGraphics.c(86): warning:  #188-D: enumerated type mixed with another type
Control\LCDGraphics.c(136): warning:  #188-D: enumerated type mixed with another type
Control\LCDGraphics.c(139): warning:  #188-D: enumerated type mixed with another type
Control\LCDGraphics.c(142): warning:  #188-D: enumerated type mixed with another type
Control\LCDGraphics.c(145): warning:  #188-D: enumerated type mixed with another type
Control\LCDGraphics.c(191): warning:  #177-D: variable "i" was declared but never referenced
Control\LCDGraphics.c(198): warning:  #177-D: variable "i" was declared but never referenced
compiling LCDControl.c...
compiling IDManager.c...
linking...
Program Size: Code=28392 RO-data=820 RW-data=128 ZI-data=4199672  
".\LedLightingSystem.axf" - 0 Errors, 10 Warning(s).
Load "U:\\Quarks\\LedLightingSystem.axf" 
Erase Done.
Programming Done.
Verify OK.
Application running ...
Build target 'Internal Flash'
compiling LCDControl.c...
linking...
Program Size: Code=28444 RO-data=820 RW-data=128 ZI-data=4199672  
".\LedLightingSystem.axf" - 0 Errors, 0 Warning(s).
Build target 'Internal Flash'
compiling LCDControl.c...
linking...
Program Size: Code=28444 RO-data=820 RW-data=128 ZI-data=4199672  
".\LedLightingSystem.axf" - 0 Errors, 0 Warning(s).
Load "U:\\Quarks\\LedLightingSystem.axf" 
Erase Done.
Programming Done.
Verify OK.
Application running ...
