<html>
<body>
<pre>
<h1>µVision Build Log</h1>
<h2>Tool Versions:</h2>
IDE-Version: µVision V5.21.1.0
Copyright (C) 2016 ARM Ltd and ARM Germany GmbH. All rights reserved.
License Information: Jarrod Richardson, TCD, LIC=----
 
Tool Versions:
Toolchain:       MDK-Lite  Version: 5.21a
Toolchain Path:  E:\Program Files (x86)\Keil_v5\ARM\ARMCC\Bin
C Compiler:      Armcc.exe V5.06 update 3 (build 300)
Assembler:       Armasm.exe V5.06 update 3 (build 300)
Linker/Locator:  ArmLink.exe V5.06 update 3 (build 300)
Library Manager: ArmAr.exe V5.06 update 3 (build 300)
Hex Converter:   FromElf.exe V5.06 update 3 (build 300)
CPU DLL:         SARM.DLL V5.21a
Dialog DLL:      DARMP.DLL V1.52.0.0
Target DLL:      UL2ARM.DLL V1.74.9.0
Dialog DLL:      TARMP.DLL V1.52.0.0
 
<h2>Project:</h2>
E:\Development\C\Quarks\LedLightingSystem.uvproj
Project File Date:  12/17/2016

<h2>Output:</h2>
*** Using Compiler 'V5.06 update 3 (build 300)', folder: 'E:\Program Files (x86)\Keil_v5\ARM\ARMCC\Bin'
Build target 'Internal Flash'
Clean started - Project: 'LedLightingSystem'
   deleting intermediate output files for target 'Internal Flash'
*** Scatter Error: no default 'Read/Write' range selected
assembling LPC2400.s...
compiling main.c...
main.c(56): warning:  #223-D: function "printf" declared implicitly
                printf(ConsoleUnderline);
main.c: 1 warning, 0 errors
compiling console.c...
compiling Retarget.c...
compiling serial.c...
assembling serialISR.s...
assembling lcdISR.s...
compiling list.c...
compiling queue.c...
compiling tasks.c...
compiling port.c...
assembling portASM.s...
compiling heap_3.c...
compiling font5x7.c...
compiling lcd_grph.c...
compiling lcd_hw.c...
compiling Components.c...
compiling Graphics.c...
compiling Shapes.c...
compiling LEDLights.c...
compiling LCDGraphics.c...
Control\LCDGraphics.c(95): warning:  #188-D: enumerated type mixed with another type
                        screen.interfaces[0].lights[0].state = l;
Control\LCDGraphics.c(102): warning:  #188-D: enumerated type mixed with another type
                        screen.interfaces[0].lights[1].state = l;
Control\LCDGraphics.c(109): warning:  #188-D: enumerated type mixed with another type
                        screen.interfaces[1].lights[0].state = l;
Control\LCDGraphics.c(116): warning:  #188-D: enumerated type mixed with another type
                        screen.interfaces[1].lights[1].state = l;
Control\LCDGraphics.c(166): warning:  #188-D: enumerated type mixed with another type
        screen.interfaces[0].lights[0].state = t;
Control\LCDGraphics.c(169): warning:  #188-D: enumerated type mixed with another type
        screen.interfaces[0].lights[1].state = t;
Control\LCDGraphics.c(172): warning:  #188-D: enumerated type mixed with another type
        screen.interfaces[1].lights[0].state = t;
Control\LCDGraphics.c(175): warning:  #188-D: enumerated type mixed with another type
        screen.interfaces[1].lights[1].state = t;
Control\LCDGraphics.c: 8 warnings, 0 errors
compiling LCDControl.c...
compiling IDManager.c...
compiling BoardButtons.c...
Control\BoardButtons.c(99): warning:  #177-D: variable "i" was declared but never referenced
        unsigned int i; 
Control\BoardButtons.c(100): warning:  #177-D: variable "mask" was declared but never referenced
        unsigned char mask;
Control\BoardButtons.c: 2 warnings, 0 errors
linking...
Program Size: Code=30584 RO-data=820 RW-data=136 ZI-data=4199672  
".\LedLightingSystem.axf" - 0 Error(s), 11 Warning(s).

*** Performing Cross-Module-Optimization:
compiling Retarget.c...
compiling queue.c...
compiling tasks.c...
compiling port.c...
compiling lcd_grph.c...
compiling lcd_hw.c...
compiling Graphics.c...
compiling Shapes.c...
compiling LCDGraphics.c...
Control\LCDGraphics.c(95): warning:  #188-D: enumerated type mixed with another type
                        screen.interfaces[0].lights[0].state = l;
Control\LCDGraphics.c(102): warning:  #188-D: enumerated type mixed with another type
                        screen.interfaces[0].lights[1].state = l;
Control\LCDGraphics.c(109): warning:  #188-D: enumerated type mixed with another type
                        screen.interfaces[1].lights[0].state = l;
Control\LCDGraphics.c(116): warning:  #188-D: enumerated type mixed with another type
                        screen.interfaces[1].lights[1].state = l;
Control\LCDGraphics.c(166): warning:  #188-D: enumerated type mixed with another type
        screen.interfaces[0].lights[0].state = t;
Control\LCDGraphics.c(169): warning:  #188-D: enumerated type mixed with another type
        screen.interfaces[0].lights[1].state = t;
Control\LCDGraphics.c(172): warning:  #188-D: enumerated type mixed with another type
        screen.interfaces[1].lights[0].state = t;
Control\LCDGraphics.c(175): warning:  #188-D: enumerated type mixed with another type
        screen.interfaces[1].lights[1].state = t;
Control\LCDGraphics.c: 8 warnings, 0 errors
linking...
Program Size: Code=24116 RO-data=44 RW-data=132 ZI-data=4199676  
compiling Retarget.c...
compiling queue.c...
compiling tasks.c...
compiling port.c...
compiling lcd_grph.c...
compiling lcd_hw.c...
compiling Graphics.c...
compiling Shapes.c...
compiling LCDGraphics.c...
Control\LCDGraphics.c(95): warning:  #188-D: enumerated type mixed with another type
                        screen.interfaces[0].lights[0].state = l;
Control\LCDGraphics.c(102): warning:  #188-D: enumerated type mixed with another type
                        screen.interfaces[0].lights[1].state = l;
Control\LCDGraphics.c(109): warning:  #188-D: enumerated type mixed with another type
                        screen.interfaces[1].lights[0].state = l;
Control\LCDGraphics.c(116): warning:  #188-D: enumerated type mixed with another type
                        screen.interfaces[1].lights[1].state = l;
Control\LCDGraphics.c(166): warning:  #188-D: enumerated type mixed with another type
        screen.interfaces[0].lights[0].state = t;
Control\LCDGraphics.c(169): warning:  #188-D: enumerated type mixed with another type
        screen.interfaces[0].lights[1].state = t;
Control\LCDGraphics.c(172): warning:  #188-D: enumerated type mixed with another type
        screen.interfaces[1].lights[0].state = t;
Control\LCDGraphics.c(175): warning:  #188-D: enumerated type mixed with another type
        screen.interfaces[1].lights[1].state = t;
Control\LCDGraphics.c: 8 warnings, 0 errors
linking...
Program Size: Code=24116 RO-data=44 RW-data=132 ZI-data=4199676  
".\LedLightingSystem.axf" - 0 Error(s), 8 Warning(s).
*** Completed Cross-Module-Optimization after 3 iteration(s).
Build Time Elapsed:  00:00:06
</pre>
</body>
</html>
