Component: ARM Compiler 5.06 update 3 (build 300) Tool: armlink [4d35c9]

==============================================================================

Section Cross References

    lpc2400.o(STACK) refers (Special) to heapauxi.o(.text) for __use_two_region_memory
    lpc2400.o(HEAP) refers (Special) to heapauxi.o(.text) for __use_two_region_memory
    lpc2400.o(RESET) refers (Special) to heapauxi.o(.text) for __use_two_region_memory
    lpc2400.o(RESET) refers to portasm.o(PORT_ASM) for vPortYieldProcessor
    lpc2400.o(RESET) refers to lpc2400.o(STACK) for Stack_Top
    lpc2400.o(RESET) refers to __main.o(!!!main) for __main
    lpc2400.o(.text) refers (Special) to heapauxi.o(.text) for __use_two_region_memory
    lpc2400.o(.text) refers to lpc2400.o(HEAP) for Heap_Mem
    lpc2400.o(.text) refers to lpc2400.o(STACK) for Stack_Mem
    main.o(.text) refers to lcd_hw.o(.text) for lcd_hw_init
    main.o(.text) refers to queue.o(.text) for xQueueGenericCreate
    main.o(.text) refers to console.o(.text) for vStartConsole
    main.o(.text) refers to noretval__2printf.o(.text) for __2printf
    main.o(.text) refers to lcdcontrol.o(.text) for vStartLcd
    main.o(.text) refers to ledlights.o(.text) for vStartLightsTask
    main.o(.text) refers to boardbuttons.o(.text) for vStartButtonsTask
    main.o(.text) refers to tasks.o(.text) for vTaskStartScheduler
    main.o(.text) refers to lcdisr.o(.text) for vLCD_ISREntry
    console.o(.text) refers to strlen.o(.text) for strlen
    console.o(.text) refers to serial.o(.text) for vSerialPutString
    console.o(.text) refers to tasks.o(.text) for xTaskCreate
    console.o(.text) refers to noretval__2printf.o(.text) for __2printf
    console.o(.text) refers to console.o(.data) for pcPrompt
    console.o(.data) refers to console.o(.conststring) for .conststring
    retarget.o(.text) refers (Special) to use_no_semi.o(.text) for __use_no_semihosting_swi
    retarget.o(.text) refers to console.o(.text) for xConsolePortHandle
    retarget.o(.text) refers to serial.o(.text) for xSerialPutChar
    retarget.o(.text) refers (Special) to use_no_semi.o(.text) for __use_no_semihosting_swi
    retarget.o(.text) refers to console.o(.text) for xConsolePortHandle
    retarget.o(.text) refers to serial.o(.text) for xSerialGetChar
    retarget.o(.data) refers (Special) to use_no_semi.o(.text) for __use_no_semihosting_swi
    serial.o(.text) refers to queue.o(.text) for xQueueGenericCreate
    serial.o(.text) refers to port.o(.text) for vPortEnterCritical
    serial.o(.text) refers to aeabi_sdiv.o(.text_udiv) for __aeabi_uidivmod
    serial.o(.text) refers to tasks.o(.text) for vTaskSwitchContext
    serial.o(.text) refers to serial.o(.data) for xRxedChars
    serial.o(.text) refers to serialisr.o(.text) for vUART_ISREntry
    serialisr.o(.text) refers to port.o(.data) for ulCriticalNesting
    serialisr.o(.text) refers to tasks.o(.data) for pxCurrentTCB
    serialisr.o(.text) refers to serial.o(.text) for vUART_ISRHandler
    lcdisr.o(.text) refers to port.o(.data) for ulCriticalNesting
    lcdisr.o(.text) refers to tasks.o(.data) for pxCurrentTCB
    lcdisr.o(.text) refers to lcdcontrol.o(.text) for vLCD_ISRHandler
    queue.o(.text) refers to port.o(.text) for vPortEnterCritical
    queue.o(.text) refers to tasks.o(.text) for xTaskRemoveFromEventList
    queue.o(.text) refers to portasm.o(PORT_ASM) for vPortYield
    queue.o(.text) refers to list.o(.text) for vListInitialise
    queue.o(.text) refers to heap_3.o(.text) for pvPortMalloc
    queue.o(.text) refers to rt_memcpy.o(.text) for __aeabi_memcpy
    queue.o(.text) refers to queue.o(.text) for prvCopyDataFromQueue
    queue.o(.text) refers to port.o(.text) for vPortEnterCritical
    queue.o(.text) refers to port.o(.text) for vPortEnterCritical
    queue.o(.text) refers to heap_3.o(.text) for vPortFree
    tasks.o(.text) refers to list.o(.text) for vListInitialise
    tasks.o(.text) refers to port.o(.text) for vPortEnterCritical
    tasks.o(.text) refers to portasm.o(PORT_ASM) for vPortYield
    tasks.o(.text) refers to heap_3.o(.text) for pvPortMalloc
    tasks.o(.text) refers to tasks.o(.bss) for pxReadyTasksLists
    tasks.o(.text) refers to tasks.o(.data) for pxDelayedTaskList
    tasks.o(.text) refers to port.o(.text) for vPortEnterCritical
    tasks.o(.text) refers to list.o(.text) for uxListRemove
    tasks.o(.text) refers to tasks.o(.text) for prvDeleteTCB
    tasks.o(.text) refers to portasm.o(PORT_ASM) for vPortYield
    tasks.o(.text) refers to tasks.o(.data) for pxCurrentTCB
    tasks.o(.text) refers to tasks.o(.bss) for xTasksWaitingTermination
    tasks.o(.text) refers to port.o(.text) for vPortEnterCritical
    tasks.o(.text) refers to tasks.o(.data) for pxCurrentTCB
    tasks.o(.text) refers to tasks.o(.data) for pxCurrentTCB
    tasks.o(.text) refers to port.o(.text) for vPortEnterCritical
    tasks.o(.text) refers to list.o(.text) for uxListRemove
    tasks.o(.text) refers to portasm.o(PORT_ASM) for vPortYield
[...]
    libinit2.o(.ARM.Collect$$libinit$$00000027) refers to argv_veneer.o(.emb_text) for __ARM_argv_veneer
    sys_command.o(.text) refers (Special) to use_no_semi.o(.text) for __I$use$semihosting
    sys_command.o(.text) refers (Special) to indicate_semi.o(.text) for __semihosting_library_function
    libspace.o(.text) refers to libspace.o(.bss) for __libspace_start
    __rtentry2.o(.ARM.Collect$$rtentry$$00000008) refers to boardinit2.o(.text) for _platform_post_stackheap_init
    __rtentry2.o(.ARM.Collect$$rtentry$$0000000A) refers to libinit.o(.ARM.Collect$$libinit$$00000000) for __rt_lib_init
    __rtentry2.o(.ARM.Collect$$rtentry$$0000000B) refers to boardinit3.o(.text) for _platform_post_lib_init
    __rtentry2.o(.ARM.Collect$$rtentry$$0000000D) refers to exit.o(.text) for exit
    __rtentry2.o(.ARM.Collect$$rtentry$$0000000D) refers to main.o(.text) for main
    __rtentry2.o(.ARM.exidx) refers to __rtentry2.o(.ARM.Collect$$rtentry$$00000001) for .ARM.Collect$$rtentry$$00000001
    __rtentry2.o(.ARM.exidx) refers to __rtentry2.o(.ARM.Collect$$rtentry$$00000008) for .ARM.Collect$$rtentry$$00000008
    __rtentry2.o(.ARM.exidx) refers to __rtentry2.o(.ARM.Collect$$rtentry$$0000000A) for .ARM.Collect$$rtentry$$0000000A
    __rtentry2.o(.ARM.exidx) refers to __rtentry2.o(.ARM.Collect$$rtentry$$0000000B) for .ARM.Collect$$rtentry$$0000000B
    __rtentry2.o(.ARM.exidx) refers to __rtentry2.o(.ARM.Collect$$rtentry$$0000000D) for .ARM.Collect$$rtentry$$0000000D
    __rtentry4.o(.ARM.Collect$$rtentry$$00000004) refers to sys_stackheap_outer.o(.text) for __user_setup_stackheap
    __rtentry4.o(.ARM.exidx) refers to __rtentry4.o(.ARM.Collect$$rtentry$$00000004) for .ARM.Collect$$rtentry$$00000004
    rt_div0.o(.text) refers to defsig_fpe_outer.o(.text) for __rt_SIGFPE
    maybetermalloc2.o(.emb_text) refers (Special) to term_alloc.o(.text) for _terminate_alloc
    h1_extend.o(.text) refers to h1_free.o(.text) for free
    h1_extend_mt.o(.text) refers to h1_free_mt.o(.text) for _free_internal
    _printf_char_common.o(.text) refers to __printf.o(.text) for __printf
    defsig_rtmem_outer.o(.text) refers to defsig_rtmem_inner.o(.text) for __rt_SIGRTMEM_inner
    defsig_rtmem_outer.o(.text) refers to defsig_exit.o(.text) for __sig_exit
    defsig_rtmem_formal.o(.text) refers to rt_raise.o(.text) for __rt_raise
    heapauxa.o(.text) refers to heapauxa.o(.data) for .data
    argv_veneer.o(.emb_text) refers to no_argv.o(.text) for __ARM_get_argv
    sys_stackheap_outer.o(.text) refers to libspace.o(.text) for __user_perproc_libspace
    sys_stackheap_outer.o(.text) refers to lpc2400.o(.text) for __user_initial_stackheap
    rt_raise.o(.text) refers to __raise.o(.text) for __raise
    rt_raise.o(.text) refers to retarget.o(.text) for _sys_exit
    term_alloc.o(.text) refers (Special) to libshutdown2.o(.ARM.Collect$$libshutdown$$0000000E) for __rt_lib_shutdown_heap_2
    term_alloc.o(.text) refers to rt_heap_descriptor_intlibspace.o(.text) for __rt_heap_descriptor
    __printf_nopercent.o(.text) refers to __printf_nopercent.o(i.__ARM_common_call_via_r7) for __ARM_common_call_via_r7
    __printf_nopercent.o(.text) refers to heap2.o(i.__ARM_common_call_via_r5) for __ARM_common_call_via_r5
    exit.o(.text) refers to rtexit.o(.ARM.Collect$$rtexit$$00000000) for __rt_exit
    defsig_exit.o(.text) refers to retarget.o(.text) for _sys_exit
    defsig_fpe_outer.o(.text) refers to defsig_fpe_inner.o(.text) for __rt_SIGFPE_inner
    defsig_fpe_outer.o(.text) refers to defsig_exit.o(.text) for __sig_exit
    defsig_fpe_formal.o(.text) refers to rt_raise.o(.text) for __rt_raise
    defsig_rtmem_inner.o(.text) refers to defsig_general.o(.text) for __default_signal_display
    _get_argv_nomalloc.o(.text) refers (Special) to hrguard.o(.text) for __heap_region$guard
    _get_argv_nomalloc.o(.text) refers to defsig_rtmem_outer.o(.text) for __rt_SIGRTMEM
    _get_argv_nomalloc.o(.text) refers to sys_command.o(.text) for _sys_command_string
    libinit.o(.ARM.Collect$$libinit$$00000000) refers (Special) to libinit2.o(.ARM.Collect$$libinit$$0000002E) for __rt_lib_init_alloca_1
    libinit.o(.ARM.Collect$$libinit$$00000000) refers (Special) to libinit2.o(.ARM.Collect$$libinit$$0000002C) for __rt_lib_init_argv_1
    libinit.o(.ARM.Collect$$libinit$$00000000) refers (Special) to libinit2.o(.ARM.Collect$$libinit$$0000001B) for __rt_lib_init_atexit_1
    libinit.o(.ARM.Collect$$libinit$$00000000) refers (Special) to libinit2.o(.ARM.Collect$$libinit$$00000021) for __rt_lib_init_clock_1
    libinit.o(.ARM.Collect$$libinit$$00000000) refers (Special) to libinit2.o(.ARM.Collect$$libinit$$00000032) for __rt_lib_init_cpp_1
    libinit.o(.ARM.Collect$$libinit$$00000000) refers (Special) to libinit2.o(.ARM.Collect$$libinit$$00000030) for __rt_lib_init_exceptions_1
    libinit.o(.ARM.Collect$$libinit$$00000000) refers (Special) to libinit2.o(.ARM.Collect$$libinit$$00000002) for __rt_lib_init_fp_1
    libinit.o(.ARM.Collect$$libinit$$00000000) refers (Special) to libinit2.o(.ARM.Collect$$libinit$$0000001F) for __rt_lib_init_fp_trap_1
    libinit.o(.ARM.Collect$$libinit$$00000000) refers (Special) to libinit2.o(.ARM.Collect$$libinit$$00000023) for __rt_lib_init_getenv_1
    libinit.o(.ARM.Collect$$libinit$$00000000) refers (Special) to libinit2.o(.ARM.Collect$$libinit$$0000000A) for __rt_lib_init_heap_1
    libinit.o(.ARM.Collect$$libinit$$00000000) refers (Special) to libinit2.o(.ARM.Collect$$libinit$$00000011) for __rt_lib_init_lc_collate_1
    libinit.o(.ARM.Collect$$libinit$$00000000) refers (Special) to libinit2.o(.ARM.Collect$$libinit$$00000013) for __rt_lib_init_lc_ctype_1
    libinit.o(.ARM.Collect$$libinit$$00000000) refers (Special) to libinit2.o(.ARM.Collect$$libinit$$00000015) for __rt_lib_init_lc_monetary_1
    libinit.o(.ARM.Collect$$libinit$$00000000) refers (Special) to libinit2.o(.ARM.Collect$$libinit$$00000017) for __rt_lib_init_lc_numeric_1
    libinit.o(.ARM.Collect$$libinit$$00000000) refers (Special) to libinit2.o(.ARM.Collect$$libinit$$00000019) for __rt_lib_init_lc_time_1
    libinit.o(.ARM.Collect$$libinit$$00000000) refers (Special) to libinit2.o(.ARM.Collect$$libinit$$00000004) for __rt_lib_init_preinit_1
    libinit.o(.ARM.Collect$$libinit$$00000000) refers (Special) to libinit2.o(.ARM.Collect$$libinit$$0000000E) for __rt_lib_init_rand_1
    libinit.o(.ARM.Collect$$libinit$$00000000) refers (Special) to libinit2.o(.ARM.Collect$$libinit$$00000033) for __rt_lib_init_return
    libinit.o(.ARM.Collect$$libinit$$00000000) refers (Special) to libinit2.o(.ARM.Collect$$libinit$$0000001D) for __rt_lib_init_signal_1
    libinit.o(.ARM.Collect$$libinit$$00000000) refers (Special) to libinit2.o(.ARM.Collect$$libinit$$00000025) for __rt_lib_init_stdio_1
    libinit.o(.ARM.Collect$$libinit$$00000000) refers (Special) to libinit2.o(.ARM.Collect$$libinit$$0000000C) for __rt_lib_init_user_alloc_1
    rtexit.o(.ARM.Collect$$rtexit$$00000000) refers (Special) to rtexit2.o(.ARM.Collect$$rtexit$$00000004) for __rt_exit_exit
    rtexit.o(.ARM.Collect$$rtexit$$00000000) refers (Special) to rtexit2.o(.ARM.Collect$$rtexit$$00000003) for __rt_exit_ls
    rtexit.o(.ARM.Collect$$rtexit$$00000000) refers (Special) to rtexit2.o(.ARM.Collect$$rtexit$$00000002) for __rt_exit_prels_1
    rtexit.o(.ARM.exidx) refers (Special) to rtexit2.o(.ARM.Collect$$rtexit$$00000004) for __rt_exit_exit
    rtexit.o(.ARM.exidx) refers (Special) to rtexit2.o(.ARM.Collect$$rtexit$$00000003) for __rt_exit_ls
    rtexit.o(.ARM.exidx) refers (Special) to rtexit2.o(.ARM.Collect$$rtexit$$00000002) for __rt_exit_prels_1
    rtexit.o(.ARM.exidx) refers to rtexit.o(.ARM.Collect$$rtexit$$00000000) for .ARM.Collect$$rtexit$$00000000
    __raise.o(.text) refers to __printf.o(i.__ARM_common_call_via_r2) for __ARM_common_call_via_r2
    __raise.o(.text) refers to defsig.o(CL$$defsig) for __default_signal_handler
    defsig_general.o(.text) refers to retarget.o(.text) for _ttywrch
    defsig_fpe_inner.o(.text) refers to defsig_general.o(.text) for __default_signal_display
    libshutdown2.o(.ARM.Collect$$libshutdown$$0000000D) refers (Weak) to term_alloc.o(.text) for _terminate_alloc
    rtexit2.o(.ARM.Collect$$rtexit$$00000003) refers to libshutdown.o(.ARM.Collect$$libshutdown$$00000000) for __rt_lib_shutdown
    rtexit2.o(.ARM.Collect$$rtexit$$00000004) refers to retarget.o(.text) for _sys_exit
    rtexit2.o(.ARM.exidx) refers to rtexit2.o(.ARM.Collect$$rtexit$$00000001) for .ARM.Collect$$rtexit$$00000001
    rtexit2.o(.ARM.exidx) refers to rtexit2.o(.ARM.Collect$$rtexit$$00000003) for .ARM.Collect$$rtexit$$00000003
    rtexit2.o(.ARM.exidx) refers to rtexit2.o(.ARM.Collect$$rtexit$$00000004) for .ARM.Collect$$rtexit$$00000004
    defsig.o(CL$$defsig) refers to defsig_fpe_inner.o(.text) for __rt_SIGFPE_inner
    defsig.o(CL$$defsig) refers to defsig_rtmem_inner.o(.text) for __rt_SIGRTMEM_inner
    defsig_abrt_inner.o(.text) refers to defsig_general.o(.text) for __default_signal_display
    defsig_rtred_inner.o(.text) refers to defsig_general.o(.text) for __default_signal_display
    defsig_stak_inner.o(.text) refers to defsig_general.o(.text) for __default_signal_display
    defsig_pvfn_inner.o(.text) refers to defsig_general.o(.text) for __default_signal_display
    defsig_cppl_inner.o(.text) refers to defsig_general.o(.text) for __default_signal_display
    defsig_segv_inner.o(.text) refers to defsig_general.o(.text) for __default_signal_display
    defsig_other.o(.text) refers to defsig_general.o(.text) for __default_signal_display
    libshutdown.o(.ARM.Collect$$libshutdown$$00000000) refers (Special) to libshutdown2.o(.ARM.Collect$$libshutdown$$00000002) for __rt_lib_shutdown_cpp_1
    libshutdown.o(.ARM.Collect$$libshutdown$$00000000) refers (Special) to libshutdown2.o(.ARM.Collect$$libshutdown$$00000007) for __rt_lib_shutdown_fp_trap_1
    libshutdown.o(.ARM.Collect$$libshutdown$$00000000) refers (Special) to libshutdown2.o(.ARM.Collect$$libshutdown$$0000000F) for __rt_lib_shutdown_heap_1
    libshutdown.o(.ARM.Collect$$libshutdown$$00000000) refers (Special) to libshutdown2.o(.ARM.Collect$$libshutdown$$00000010) for __rt_lib_shutdown_return
    libshutdown.o(.ARM.Collect$$libshutdown$$00000000) refers (Special) to libshutdown2.o(.ARM.Collect$$libshutdown$$0000000A) for __rt_lib_shutdown_signal_1
    libshutdown.o(.ARM.Collect$$libshutdown$$00000000) refers (Special) to libshutdown2.o(.ARM.Collect$$libshutdown$$00000004) for __rt_lib_shutdown_stdio_1
    libshutdown.o(.ARM.Collect$$libshutdown$$00000000) refers (Special) to libshutdown2.o(.ARM.Collect$$libshutdown$$0000000C) for __rt_lib_shutdown_user_alloc_1


==============================================================================

Removing Unused input sections from the image.

    Removing retarget.o(.text), (68 bytes).
    Removing queue.o(.text), (76 bytes).
    Removing queue.o(.text), (32 bytes).
    Removing queue.o(.text), (44 bytes).
    Removing queue.o(.text), (12 bytes).
    Removing queue.o(.text), (28 bytes).
    Removing queue.o(.text), (32 bytes).
    Removing queue.o(.text), (36 bytes).
    Removing tasks.o(.text), (244 bytes).
    Removing tasks.o(.text), (64 bytes).
    Removing tasks.o(.text), (48 bytes).
    Removing tasks.o(.text), (324 bytes).
    Removing tasks.o(.text), (220 bytes).
    Removing tasks.o(.text), (172 bytes).
    Removing tasks.o(.text), (192 bytes).
    Removing tasks.o(.text), (44 bytes).
    Removing tasks.o(.text), (20 bytes).
    Removing tasks.o(.text), (16 bytes).
    Removing tasks.o(.text), (44 bytes).
    Removing tasks.o(.text), (76 bytes).
    Removing tasks.o(.text), (172 bytes).
    Removing tasks.o(.text), (48 bytes).
    Removing tasks.o(.text), (184 bytes).
    Removing tasks.o(.text), (232 bytes).
    Removing tasks.o(.text), (312 bytes).
    Removing tasks.o(.text), (388 bytes).
    Removing tasks.o(.text), (236 bytes).
    Removing tasks.o(.text), (92 bytes).
    Removing port.o(.text), (4 bytes).
    Removing font5x7.o(.constdata), (768 bytes).
    Removing lcd_grph.o(.text), (112 bytes).
    Removing lcd_grph.o(.text), (72 bytes).
    Removing lcd_grph.o(.text), (196 bytes).
    Removing lcd_grph.o(.text), (164 bytes).
    Removing lcd_grph.o(.text), (124 bytes).
    Removing lcd_grph.o(.text), (112 bytes).
    Removing lcd_grph.o(.text), (188 bytes).
    Removing lcd_grph.o(.text), (536 bytes).
    Removing lcd_grph.o(.text), (1184 bytes).
    Removing lcd_grph.o(.text), (264 bytes).
    Removing lcd_grph.o(.text), (92 bytes).
    Removing lcd_grph.o(.text), (28 bytes).
    Removing lcd_grph.o(.text), (84 bytes).
    Removing lcd_grph.o(.text), (60 bytes).
    Removing lcd_grph.o(.text), (36 bytes).
    Removing lcd_grph.o(.text), (76 bytes).
    Removing lcd_grph.o(.constdata), (8 bytes).
    Removing lcd_grph.o(.data), (4 bytes).
    Removing lcd_hw.o(.text), (40 bytes).
    Removing graphics.o(.text), (116 bytes).
    Removing graphics.o(.text), (68 bytes).
    Removing graphics.o(.text), (160 bytes).
    Removing graphics.o(.text), (168 bytes).
    Removing graphics.o(.text), (536 bytes).
    Removing graphics.o(.text), (1184 bytes).
    Removing graphics.o(.text), (36 bytes).
    Removing graphics.o(.text), (264 bytes).
    Removing graphics.o(.text), (92 bytes).
    Removing graphics.o(.text), (28 bytes).
    Removing graphics.o(.text), (84 bytes).
    Removing graphics.o(.text), (60 bytes).
    Removing graphics.o(.text), (36 bytes).
    Removing graphics.o(.text), (76 bytes).
    Removing graphics.o(.text), (36 bytes).
    Removing graphics.o(.constdata), (8 bytes).
    Removing graphics.o(.data), (4 bytes).
    Removing shapes.o(.text), (8 bytes).
    Removing lcdgraphics.o(.text), (168 bytes).
    Removing lcdgraphics.o(.text), (76 bytes).

69 unused section(s) (total 10816 bytes) removed from the image.

==============================================================================

Adding Veneers to the image

    Adding TA veneer (4 bytes, Inline) for call to '_printf_percent' from __printf.o(.text).
    Adding AT veneer (8 bytes, Inline) for call to '__rt_lib_init' from __rtentry2.o(.ARM.Collect$$rtentry$$0000000A).
    Adding AT veneer (8 bytes, Inline) for call to '__rt_lib_shutdown' from rtexit2.o(.ARM.Collect$$rtexit$$00000003).
    Adding TA veneer (4 bytes, Inline) for call to '__rt_exit' from exit.o(.text).
    Adding AT veneer (8 bytes, Inline) for call to 'malloc' from heap_3.o(.text).
    Adding AT veneer (8 bytes, Inline) for call to 'free' from heap_3.o(.text).
    Adding AT veneer (8 bytes, Inline) for call to '__2printf' from main.o(.text).
    Adding AT veneer (8 bytes, Inline) for call to 'strlen' from console.o(.text).
    Adding TA veneer (4 bytes, Inline) for call to '__rt_heap_descriptor' from h1_alloc.o(.text).
    Adding AT veneer (8 bytes, Inline) for call to '_printf_string' from _printf_s.o(.ARM.Collect$$_printf_percent$$00000014).
    Adding TA veneer (8 bytes, Short) for call to 'ferror' from _printf_char_file.o(.text).
    Adding TA veneer (8 bytes, Short) for call to '_sys_exit' from defsig_exit.o(.text).
    Adding TA veneer (8 bytes, Short) for call to '_ttywrch' from defsig_general.o(.text).

13 Veneer(s) (total 92 bytes) added to the image.

==============================================================================

Image Symbol Table

    Local Symbols

    Symbol Name                              Value     Ov Type        Size  Object(Section)

    RESET                                    0x00000000   Section      832  lpc2400.o(RESET)
    ../clib/angel/boardlib.s                 0x00000000   Number         0  boardinit3.o ABSOLUTE
    ../clib/angel/boardlib.s                 0x00000000   Number         0  boardinit2.o ABSOLUTE
    ../clib/angel/boardlib.s                 0x00000000   Number         0  boardinit1.o ABSOLUTE
    ../clib/angel/boardlib.s                 0x00000000   Number         0  boardshut.o ABSOLUTE
    ../clib/angel/handlers.s                 0x00000000   Number         0  __scatter_copy.o ABSOLUTE
    ../clib/angel/handlers.s                 0x00000000   Number         0  __scatter_zi.o ABSOLUTE
    ../clib/angel/kernel.s                   0x00000000   Number         0  __rtentry.o ABSOLUTE
    ../clib/angel/kernel.s                   0x00000000   Number         0  rtexit2.o ABSOLUTE
    ../clib/angel/kernel.s                   0x00000000   Number         0  rtexit.o ABSOLUTE
    ../clib/angel/kernel.s                   0x00000000   Number         0  __rtentry2.o ABSOLUTE
    ../clib/angel/kernel.s                   0x00000000   Number         0  __rtentry4.o ABSOLUTE
    ../clib/angel/rt.s                       0x00000000   Number         0  rt_div0.o ABSOLUTE
    ../clib/angel/rt.s                       0x00000000   Number         0  rt_raise.o ABSOLUTE
    ../clib/angel/rt.s                       0x00000000   Number         0  aeabi_idiv0.o ABSOLUTE
    ../clib/angel/rt.s                       0x00000000   Number         0  aeabi_idiv0_sigfpe.o ABSOLUTE
    ../clib/angel/rt.s                       0x00000000   Number         0  rt_heap_descriptor.o ABSOLUTE
    ../clib/angel/rt.s                       0x00000000   Number         0  rt_heap_descriptor_intlibspace.o ABSOLUTE
    ../clib/angel/scatter.s                  0x00000000   Number         0  __scatter.o ABSOLUTE
    ../clib/angel/startup.s                  0x00000000   Number         0  __main.o ABSOLUTE
    ../clib/angel/sys.s                      0x00000000   Number         0  use_no_semi.o ABSOLUTE
    ../clib/angel/sys.s                      0x00000000   Number         0  indicate_semi.o ABSOLUTE
    ../clib/angel/sys.s                      0x00000000   Number         0  mutex_dummy.o ABSOLUTE
    ../clib/angel/sys.s                      0x00000000   Number         0  sys_stackheap_outer.o ABSOLUTE
    ../clib/angel/sys.s                      0x00000000   Number         0  libspace.o ABSOLUTE
    ../clib/angel/sysapp.c                   0x00000000   Number         0  sys_command.o ABSOLUTE
    ../clib/armsys.c                         0x00000000   Number         0  argv_veneer.o ABSOLUTE
    ../clib/armsys.c                         0x00000000   Number         0  no_argv.o ABSOLUTE
    ../clib/armsys.c                         0x00000000   Number         0  _get_argv.o ABSOLUTE
    ../clib/armsys.c                         0x00000000   Number         0  _get_argv_nomalloc.o ABSOLUTE
    ../clib/armsys.c                         0x00000000   Number         0  argv_veneer.o ABSOLUTE
    ../clib/division.s                       0x00000000   Number         0  aeabi_sdiv_div0.o ABSOLUTE
    ../clib/division.s                       0x00000000   Number         0  aeabi_sdiv.o ABSOLUTE
    ../clib/divrt.s                          0x00000000   Number         0  divrt_7tdmi.o ABSOLUTE
    ../clib/divrt.s                          0x00000000   Number         0  divrt_7tdmi_div0.o ABSOLUTE
    ../clib/heap1.c                          0x00000000   Number         0  h1_extend_mt.o ABSOLUTE
    ../clib/heap1.c                          0x00000000   Number         0  h1_final_mt.o ABSOLUTE
    ../clib/heap1.c                          0x00000000   Number         0  h1_alloc.o ABSOLUTE
    ../clib/heap1.c                          0x00000000   Number         0  h1_extend.o ABSOLUTE
    ../clib/heap1.c                          0x00000000   Number         0  h1_free_mt.o ABSOLUTE
    ../clib/heap1.c                          0x00000000   Number         0  h1_alloc_mt.o ABSOLUTE
    ../clib/heap1.c                          0x00000000   Number         0  h1_free.o ABSOLUTE
    ../clib/heap1.c                          0x00000000   Number         0  h1_init_mt.o ABSOLUTE
    ../clib/heap1.c                          0x00000000   Number         0  h1_final.o ABSOLUTE
    ../clib/heap1.c                          0x00000000   Number         0  h1_init.o ABSOLUTE
    ../clib/heap2.c                          0x00000000   Number         0  heap2mt.o ABSOLUTE
    ../clib/heap2.c                          0x00000000   Number         0  fdtree.o ABSOLUTE
    ../clib/heap2.c                          0x00000000   Number         0  heap2.o ABSOLUTE
    ../clib/heapalloc.c                      0x00000000   Number         0  hrguard.o ABSOLUTE
    ../clib/heapalloc.c                      0x00000000   Number         0  free.o ABSOLUTE
    ../clib/heapalloc.c                      0x00000000   Number         0  hguard.o ABSOLUTE
    ../clib/heapalloc.c                      0x00000000   Number         0  init_alloc.o ABSOLUTE
    ../clib/heapalloc.c                      0x00000000   Number         0  heapstubs.o ABSOLUTE
    ../clib/heapalloc.c                      0x00000000   Number         0  term_alloc.o ABSOLUTE
    ../clib/heapalloc.c                      0x00000000   Number         0  malloc.o ABSOLUTE
    ../clib/heapalloc.c                      0x00000000   Number         0  maybetermalloc2.o ABSOLUTE
    ../clib/heapalloc.c                      0x00000000   Number         0  maybetermalloc2.o ABSOLUTE
    ../clib/heapalloc.c                      0x00000000   Number         0  maybetermalloc1.o ABSOLUTE
    ../clib/heapalloc.c                      0x00000000   Number         0  maybetermalloc1.o ABSOLUTE
    ../clib/heapaux.c                        0x00000000   Number         0  heapauxa.o ABSOLUTE
    ../clib/heapaux.c                        0x00000000   Number         0  heapauxi.o ABSOLUTE
    ../clib/libinit.s                        0x00000000   Number         0  libinit2.o ABSOLUTE
    ../clib/libinit.s                        0x00000000   Number         0  libinit.o ABSOLUTE
    ../clib/libinit.s                        0x00000000   Number         0  libshutdown.o ABSOLUTE
    ../clib/libinit.s                        0x00000000   Number         0  libshutdown2.o ABSOLUTE
    ../clib/memcpset.s                       0x00000000   Number         0  rt_memcpy.o ABSOLUTE
    ../clib/memcpset.s                       0x00000000   Number         0  rt_memcpy_w.o ABSOLUTE
    ../clib/printf.c                         0x00000000   Number         0  __printf.o ABSOLUTE
    ../clib/printf.c                         0x00000000   Number         0  __printf_flags.o ABSOLUTE
    ../clib/printf.c                         0x00000000   Number         0  __printf_flags_ss_wp.o ABSOLUTE
    ../clib/printf.c                         0x00000000   Number         0  __printf_ss_wp.o ABSOLUTE
    ../clib/printf.c                         0x00000000   Number         0  __printf_ss.o ABSOLUTE
    ../clib/printf.c                         0x00000000   Number         0  _printf_char_common.o ABSOLUTE
    ../clib/printf.c                         0x00000000   Number         0  noretval__2printf.o ABSOLUTE
    ../clib/printf.c                         0x00000000   Number         0  __printf_flags_ss.o ABSOLUTE
    ../clib/printf.c                         0x00000000   Number         0  __printf_wp.o ABSOLUTE
    ../clib/printf.c                         0x00000000   Number         0  __printf_flags_wp.o ABSOLUTE
    ../clib/printf.c                         0x00000000   Number         0  __printf_nopercent.o ABSOLUTE
    ../clib/printf.c                         0x00000000   Number         0  __2printf.o ABSOLUTE
    ../clib/printf.c                         0x00000000   Number         0  _printf_char.o ABSOLUTE
    ../clib/printf.c                         0x00000000   Number         0  _printf_char_file.o ABSOLUTE
    ../clib/printf.c                         0x00000000   Number         0  _printf_str.o ABSOLUTE
    ../clib/printf_percent.s                 0x00000000   Number         0  _printf_s.o ABSOLUTE
    ../clib/printf_percent.s                 0x00000000   Number         0  _printf_percent_end.o ABSOLUTE
    ../clib/printf_percent.s                 0x00000000   Number         0  _printf_percent.o ABSOLUTE
    ../clib/signal.c                         0x00000000   Number         0  defsig_fpe_formal.o ABSOLUTE
    ../clib/signal.c                         0x00000000   Number         0  defsig_rtmem_formal.o ABSOLUTE
    ../clib/signal.c                         0x00000000   Number         0  defsig_rtmem_inner.o ABSOLUTE
    ../clib/signal.c                         0x00000000   Number         0  defsig_rtmem_outer.o ABSOLUTE
    ../clib/signal.c                         0x00000000   Number         0  defsig_fpe_inner.o ABSOLUTE
    ../clib/signal.c                         0x00000000   Number         0  defsig_general.o ABSOLUTE
    ../clib/signal.c                         0x00000000   Number         0  defsig_fpe_outer.o ABSOLUTE
    ../clib/signal.c                         0x00000000   Number         0  __raise.o ABSOLUTE
    ../clib/signal.c                         0x00000000   Number         0  defsig_abrt_inner.o ABSOLUTE
    ../clib/signal.c                         0x00000000   Number         0  defsig_rtred_inner.o ABSOLUTE
    ../clib/signal.c                         0x00000000   Number         0  defsig_stak_inner.o ABSOLUTE
    ../clib/signal.c                         0x00000000   Number         0  defsig_pvfn_inner.o ABSOLUTE
    ../clib/signal.c                         0x00000000   Number         0  defsig_cppl_inner.o ABSOLUTE
    ../clib/signal.c                         0x00000000   Number         0  defsig_segv_inner.o ABSOLUTE
    ../clib/signal.c                         0x00000000   Number         0  defsig_other.o ABSOLUTE
    ../clib/signal.c                         0x00000000   Number         0  defsig_exit.o ABSOLUTE
    ../clib/signal.s                         0x00000000   Number         0  defsig.o ABSOLUTE
    ../clib/stdlib.c                         0x00000000   Number         0  exit.o ABSOLUTE
    ../clib/string.c                         0x00000000   Number         0  strlen.o ABSOLUTE
    ../fplib/fpinit.s                        0x00000000   Number         0  fpinit.o ABSOLUTE
    ..\FreeRTOS\Source\list.c                0x00000000   Number         0  list.o ABSOLUTE
    ..\FreeRTOS\Source\portable\MemMang\heap_3.c 0x00000000   Number         0  heap_3.o ABSOLUTE
    ..\FreeRTOS\Source\portable\TCD\ARM7_LPC2468\port.c 0x00000000   Number         0  port.o ABSOLUTE
    ..\FreeRTOS\Source\portable\TCD\ARM7_LPC2468\portASM.s 0x00000000   Number         0  portasm.o ABSOLUTE
    ..\FreeRTOS\Source\queue.c               0x00000000   Number         0  queue.o ABSOLUTE
    ..\FreeRTOS\Source\tasks.c               0x00000000   Number         0  tasks.o ABSOLUTE
    Control\BoardButtons.c                   0x00000000   Number         0  boardbuttons.o ABSOLUTE
    Control\Components.c                     0x00000000   Number         0  components.o ABSOLUTE
    Control\Graphics.c                       0x00000000   Number         0  graphics.o ABSOLUTE
    Control\IDManager.c                      0x00000000   Number         0  idmanager.o ABSOLUTE
    Control\LCDControl.c                     0x00000000   Number         0  lcdcontrol.o ABSOLUTE
    Control\LCDGraphics.c                    0x00000000   Number         0  lcdgraphics.o ABSOLUTE
    Control\LEDLights.c                      0x00000000   Number         0  ledlights.o ABSOLUTE
    Control\Shapes.c                         0x00000000   Number         0  shapes.o ABSOLUTE
    LCD\font5x7.c                            0x00000000   Number         0  font5x7.o ABSOLUTE
    LCD\lcd_grph.c                           0x00000000   Number         0  lcd_grph.o ABSOLUTE
    LCD\lcd_hw.c                             0x00000000   Number         0  lcd_hw.o ABSOLUTE
    LPC2400.s                                0x00000000   Number         0  lpc2400.o ABSOLUTE
    Retarget.c                               0x00000000   Number         0  retarget.o ABSOLUTE
    console.c                                0x00000000   Number         0  console.o ABSOLUTE
    dc.s                                     0x00000000   Number         0  dc.o ABSOLUTE
    lcdISR.s                                 0x00000000   Number         0  lcdisr.o ABSOLUTE
    main.c                                   0x00000000   Number         0  main.o ABSOLUTE
    serial.c                                 0x00000000   Number         0  serial.o ABSOLUTE
    serialISR.s                              0x00000000   Number         0  serialisr.o ABSOLUTE
    Undef_Handler                            0x00000040   ARM Code       4  lpc2400.o(RESET)
    PAbt_Handler                             0x00000048   ARM Code       4  lpc2400.o(RESET)
    DAbt_Handler                             0x0000004c   ARM Code       4  lpc2400.o(RESET)
    IRQ_Handler                              0x00000050   ARM Code       4  lpc2400.o(RESET)
    !!!main                                  0x00000340   Section        8  __main.o(!!!main)
    !!!scatter                               0x00000348   Section       60  __scatter.o(!!!scatter)
    !!handler_copy                           0x00000384   Section       40  __scatter_copy.o(!!handler_copy)
    !!handler_zi                             0x000003ac   Section       44  __scatter_zi.o(!!handler_zi)
    .ARM.Collect$$_printf_percent$$00000000  0x000003dc   Section        0  _printf_percent.o(.ARM.Collect$$_printf_percent$$00000000)
    .ARM.Collect$$_printf_percent$$00000014  0x000003dc   Section        8  _printf_s.o(.ARM.Collect$$_printf_percent$$00000014)
    .ARM.Collect$$_printf_percent$$00000017  0x000003e4   Section        8  _printf_percent_end.o(.ARM.Collect$$_printf_percent$$00000017)
    .ARM.Collect$$libinit$$00000000          0x000003f4   Section        2  libinit.o(.ARM.Collect$$libinit$$00000000)
    .ARM.Collect$$libinit$$00000002          0x000003f6   Section        0  libinit2.o(.ARM.Collect$$libinit$$00000002)
    .ARM.Collect$$libinit$$00000004          0x000003f6   Section        0  libinit2.o(.ARM.Collect$$libinit$$00000004)
    .ARM.Collect$$libinit$$00000005          0x000003f6   Section        8  libinit2.o(.ARM.Collect$$libinit$$00000005)
    .ARM.Collect$$libinit$$0000000A          0x000003fe   Section        0  libinit2.o(.ARM.Collect$$libinit$$0000000A)
    .ARM.Collect$$libinit$$0000000C          0x000003fe   Section        0  libinit2.o(.ARM.Collect$$libinit$$0000000C)
    .ARM.Collect$$libinit$$0000000E          0x000003fe   Section        0  libinit2.o(.ARM.Collect$$libinit$$0000000E)
    .ARM.Collect$$libinit$$00000011          0x000003fe   Section        0  libinit2.o(.ARM.Collect$$libinit$$00000011)
    .ARM.Collect$$libinit$$00000013          0x000003fe   Section        0  libinit2.o(.ARM.Collect$$libinit$$00000013)
    .ARM.Collect$$libinit$$00000015          0x000003fe   Section        0  libinit2.o(.ARM.Collect$$libinit$$00000015)
    .ARM.Collect$$libinit$$00000017          0x000003fe   Section        0  libinit2.o(.ARM.Collect$$libinit$$00000017)
    .ARM.Collect$$libinit$$00000019          0x000003fe   Section        0  libinit2.o(.ARM.Collect$$libinit$$00000019)
    .ARM.Collect$$libinit$$0000001B          0x000003fe   Section        0  libinit2.o(.ARM.Collect$$libinit$$0000001B)
    .ARM.Collect$$libinit$$0000001D          0x000003fe   Section        0  libinit2.o(.ARM.Collect$$libinit$$0000001D)
    .ARM.Collect$$libinit$$0000001F          0x000003fe   Section        0  libinit2.o(.ARM.Collect$$libinit$$0000001F)
    .ARM.Collect$$libinit$$00000021          0x000003fe   Section        0  libinit2.o(.ARM.Collect$$libinit$$00000021)
    .ARM.Collect$$libinit$$00000023          0x000003fe   Section        0  libinit2.o(.ARM.Collect$$libinit$$00000023)
    .ARM.Collect$$libinit$$00000025          0x000003fe   Section        0  libinit2.o(.ARM.Collect$$libinit$$00000025)
    .ARM.Collect$$libinit$$0000002C          0x000003fe   Section        0  libinit2.o(.ARM.Collect$$libinit$$0000002C)
    .ARM.Collect$$libinit$$0000002E          0x000003fe   Section        0  libinit2.o(.ARM.Collect$$libinit$$0000002E)
    .ARM.Collect$$libinit$$00000030          0x000003fe   Section        0  libinit2.o(.ARM.Collect$$libinit$$00000030)
    .ARM.Collect$$libinit$$00000032          0x000003fe   Section        0  libinit2.o(.ARM.Collect$$libinit$$00000032)
    .ARM.Collect$$libinit$$00000033          0x000003fe   Section       12  libinit2.o(.ARM.Collect$$libinit$$00000033)
    .ARM.Collect$$libshutdown$$00000000      0x00000414   Section        4  libshutdown.o(.ARM.Collect$$libshutdown$$00000000)
    .ARM.Collect$$libshutdown$$00000002      0x00000418   Section        0  libshutdown2.o(.ARM.Collect$$libshutdown$$00000002)
    .ARM.Collect$$libshutdown$$00000004      0x00000418   Section        0  libshutdown2.o(.ARM.Collect$$libshutdown$$00000004)
    .ARM.Collect$$libshutdown$$00000007      0x00000418   Section        0  libshutdown2.o(.ARM.Collect$$libshutdown$$00000007)
    .ARM.Collect$$libshutdown$$0000000A      0x00000418   Section        0  libshutdown2.o(.ARM.Collect$$libshutdown$$0000000A)
    .ARM.Collect$$libshutdown$$0000000C      0x00000418   Section        0  libshutdown2.o(.ARM.Collect$$libshutdown$$0000000C)
    .ARM.Collect$$libshutdown$$0000000F      0x00000418   Section        0  libshutdown2.o(.ARM.Collect$$libshutdown$$0000000F)
    .ARM.Collect$$libshutdown$$00000010      0x00000418   Section        6  libshutdown2.o(.ARM.Collect$$libshutdown$$00000010)
    .ARM.Collect$$rtentry$$00000000          0x00000420   Section        0  __rtentry.o(.ARM.Collect$$rtentry$$00000000)
    .ARM.Collect$$rtentry$$00000002          0x00000420   Section        0  __rtentry2.o(.ARM.Collect$$rtentry$$00000002)
    .ARM.Collect$$rtentry$$00000004          0x00000420   Section        8  __rtentry4.o(.ARM.Collect$$rtentry$$00000004)
    .ARM.Collect$$rtentry$$00000009          0x00000428   Section        0  __rtentry2.o(.ARM.Collect$$rtentry$$00000009)
    .ARM.Collect$$rtentry$$0000000A          0x00000428   Section        4  __rtentry2.o(.ARM.Collect$$rtentry$$0000000A)
    .ARM.Collect$$rtentry$$0000000C          0x0000042c   Section        0  __rtentry2.o(.ARM.Collect$$rtentry$$0000000C)
    .ARM.Collect$$rtentry$$0000000D          0x0000042c   Section       40  __rtentry2.o(.ARM.Collect$$rtentry$$0000000D)
    .ARM.Collect$$rtexit$$00000000           0x00000458   Section        4  rtexit.o(.ARM.Collect$$rtexit$$00000000)
    .ARM.Collect$$rtexit$$00000002           0x0000045c   Section        0  rtexit2.o(.ARM.Collect$$rtexit$$00000002)
    .ARM.Collect$$rtexit$$00000003           0x0000045c   Section        4  rtexit2.o(.ARM.Collect$$rtexit$$00000003)
    .ARM.Collect$$rtexit$$00000004           0x00000460   Section        8  rtexit2.o(.ARM.Collect$$rtexit$$00000004)
    .emb_text                                0x00000468   Section        0  maybetermalloc1.o(.emb_text)
    .text                                    0x00000468   Section       36  lpc2400.o(.text)
    .text                                    0x0000048c   Section        0  main.o(.text)
    prvSetupHardware                         0x0000048c   ARM Code     236  main.o(.text)
    .text                                    0x00000660   Section        0  console.o(.text)
    vConsoleTask                             0x00000660   ARM Code     152  console.o(.text)
    .text                                    0x00000784   Section        0  retarget.o(.text)
    .text                                    0x000007e8   Section        0  serial.o(.text)
    .text                                    0x00000b68   Section      148  serialisr.o(.text)
    .text                                    0x00000bfc   Section      148  lcdisr.o(.text)
    .text                                    0x00000c90   Section        0  list.o(.text)
    .text                                    0x00000da4   Section        0  queue.o(.text)
    prvInitialiseNewQueue                    0x00000e60   ARM Code      72  queue.o(.text)
    prvUnlockQueue                           0x00000f08   ARM Code     232  queue.o(.text)
    prvIsQueueFull                           0x00000ff0   ARM Code      56  queue.o(.text)
    prvCopyDataToQueue                       0x00001028   ARM Code     208  queue.o(.text)
    prvIsQueueEmpty                          0x000013d4   ARM Code      52  queue.o(.text)
    prvCopyDataFromQueue                     0x00001408   ARM Code      88  queue.o(.text)
    .text                                    0x000016c8   Section        0  tasks.o(.text)
    prvInitialiseTaskLists                   0x000016c8   ARM Code     112  tasks.o(.text)
    prvAddNewTaskToReadyList                 0x00001738   ARM Code     260  tasks.o(.text)
    prvInitialiseNewTask                     0x0000183c   ARM Code     204  tasks.o(.text)
    prvResetNextTaskUnblockTime              0x000019b4   ARM Code      88  tasks.o(.text)
    prvDeleteTCB                             0x00001a0c   ARM Code      32  tasks.o(.text)
    prvAddCurrentTaskToDelayedList           0x00001d40   ARM Code     184  tasks.o(.text)
    prvTaskIsTaskSuspended                   0x00001fa0   ARM Code     124  tasks.o(.text)
    prvCheckTasksWaitingTermination          0x0000201c   ARM Code     160  tasks.o(.text)
    prvIdleTask                              0x000020bc   ARM Code      32  tasks.o(.text)
    .text                                    0x00002380   Section        0  port.o(.text)
    prvSetupTimerInterrupt                   0x00002470   ARM Code     116  port.o(.text)
    .text                                    0x00002588   Section        0  heap_3.o(.text)
    .text                                    0x000025d8   Section        0  lcd_hw.o(.text)
    sendSpi                                  0x000025f0   ARM Code     104  lcd_hw.o(.text)
    .text                                    0x00002fec   Section        0  graphics.o(.text)
    hLine                                    0x000030a0   ARM Code     108  graphics.o(.text)
    vLine                                    0x0000310c   ARM Code      88  graphics.o(.text)
    .text                                    0x000035c4   Section        0  shapes.o(.text)
    .text                                    0x0000362c   Section        0  ledlights.o(.text)
    vConsumerTask                            0x00003840   ARM Code     440  ledlights.o(.text)
    .text                                    0x00003a98   Section        0  lcdgraphics.o(.text)
    .text                                    0x00004d40   Section        0  lcdcontrol.o(.text)
    getLedMessage                            0x00004d40   ARM Code     128  lcdcontrol.o(.text)
    vLcdTask                                 0x00004dc0   ARM Code     756  lcdcontrol.o(.text)
    .text                                    0x00005184   Section        0  idmanager.o(.text)
    .text                                    0x000051c8   Section        0  boardbuttons.o(.text)
    vButtonsTask                             0x00005308   ARM Code     256  boardbuttons.o(.text)
    .text                                    0x000054b0   Section        4  use_no_semi.o(.text)
    .text                                    0x000054bc   Section        0  h1_alloc.o(.text)
    .text                                    0x00005534   Section        0  h1_free.o(.text)
    .text                                    0x00005590   Section        0  noretval__2printf.o(.text)
    .text                                    0x000055ac   Section        0  __printf.o(.text)
    .text                                    0x00005622   Section        0  _printf_str.o(.text)
    .text                                    0x00005684   Section        0  strlen.o(.text)
    .text                                    0x000056c8   Section      212  rt_memcpy.o(.text)
    .text                                    0x0000579c   Section      100  rt_memcpy_w.o(.text)
    .text                                    0x00005800   Section      384  aeabi_sdiv.o(.text)
    __arm_div8                               0x0000582c   ARM Code       0  aeabi_sdiv.o(.text)
    __arm_div5                               0x00005850   ARM Code       0  aeabi_sdiv.o(.text)
    __arm_div2                               0x00005874   ARM Code       0  aeabi_sdiv.o(.text)
    __arm_div_large                          0x000058b0   ARM Code       0  aeabi_sdiv.o(.text)
    .text                                    0x00005980   Section        0  heapauxi.o(.text)
    .text                                    0x0000598c   Section       12  rt_heap_descriptor_intlibspace.o(.text)
    .text                                    0x00005998   Section        0  hguard.o(.text)
    .text                                    0x0000599c   Section        0  init_alloc.o(.text)
    .text                                    0x00005a30   Section        0  h1_init.o(.text)
    .text                                    0x00005a48   Section        0  _printf_char.o(.text)
    .text                                    0x00005a7c   Section        0  _printf_char_file.o(.text)
    .text                                    0x00005aa8   Section       12  libspace.o(.text)
    .text                                    0x00005ab4   Section        0  h1_extend.o(.text)
    .text                                    0x00005aec   Section        0  _printf_char_common.o(.text)
    _printf_input_char                       0x00005aed   Thumb Code    10  _printf_char_common.o(.text)
    .text                                    0x00005b1c   Section        0  defsig_rtmem_outer.o(.text)
    .text                                    0x00005b2c   Section       96  sys_stackheap_outer.o(.text)
    .text                                    0x00005b8c   Section        0  exit.o(.text)
    .text                                    0x00005ba0   Section        0  defsig_exit.o(.text)
    .text                                    0x00005bb0   Section        0  defsig_rtmem_inner.o(.text)
    .text                                    0x00005c04   Section        0  defsig_general.o(.text)
    .text_udiv                               0x00005c3c   Section       36  aeabi_sdiv.o(.text_udiv)
    PORT_ASM                                 0x00005c60   Section      392  portasm.o(PORT_ASM)
    i.__ARM_common_call_via_r1               0x00005e00   Section        0  __printf.o(i.__ARM_common_call_via_r1)
    i.__ARM_common_call_via_r2               0x00005e02   Section        0  __printf.o(i.__ARM_common_call_via_r2)
    .conststring                             0x00005e04   Section       10  console.o(.conststring)
    .data                                    0xa0000000   Section        8  console.o(.data)
    xPort                                    0xa0000000   Data           4  console.o(.data)
    .data                                    0xa0000008   Section        4  retarget.o(.data)
    .data                                    0xa000000c   Section       12  serial.o(.data)
    xRxedChars                               0xa000000c   Data           4  serial.o(.data)
    xCharsForTx                              0xa0000010   Data           4  serial.o(.data)
    lTHREEmpty                               0xa0000014   Data           4  serial.o(.data)
    .data                                    0xa0000018   Section       60  tasks.o(.data)
    pxDelayedTaskList                        0xa000001c   Data           4  tasks.o(.data)
    pxOverflowDelayedTaskList                0xa0000020   Data           4  tasks.o(.data)
    uxDeletedTasksWaitingCleanUp             0xa0000024   Data           4  tasks.o(.data)
    uxCurrentNumberOfTasks                   0xa0000028   Data           4  tasks.o(.data)
    xTickCount                               0xa000002c   Data           4  tasks.o(.data)
    uxTopReadyPriority                       0xa0000030   Data           4  tasks.o(.data)
    xSchedulerRunning                        0xa0000034   Data           4  tasks.o(.data)
    uxPendedTicks                            0xa0000038   Data           4  tasks.o(.data)
    xYieldPending                            0xa000003c   Data           4  tasks.o(.data)
    xNumOfOverflows                          0xa0000040   Data           4  tasks.o(.data)
    uxTaskNumber                             0xa0000044   Data           4  tasks.o(.data)
    xNextTaskUnblockTime                     0xa0000048   Data           4  tasks.o(.data)
    xIdleTaskHandle                          0xa000004c   Data           4  tasks.o(.data)
    uxSchedulerSuspended                     0xa0000050   Data           4  tasks.o(.data)
    .data                                    0xa0000054   Section        4  port.o(.data)
    .data                                    0xa0000058   Section        1  lcd_hw.o(.data)
    .data                                    0xa000005c   Section       12  ledlights.o(.data)
    xCmdQ                                    0xa000005c   Data           4  ledlights.o(.data)
    xMutex                                   0xa0000060   Data           4  ledlights.o(.data)
    lastMessage                              0xa0000064   Data           4  ledlights.o(.data)
    .data                                    0xa0000068   Section        8  lcdgraphics.o(.data)
    .data                                    0xa0000070   Section        8  lcdcontrol.o(.data)
    xCmdQ                                    0xa0000074   Data           4  lcdcontrol.o(.data)
    .data                                    0xa0000078   Section        4  idmanager.o(.data)
    .data                                    0xa000007c   Section        8  boardbuttons.o(.data)
    xCmdQ                                    0xa000007c   Data           4  boardbuttons.o(.data)
    xMutex                                   0xa0000080   Data           4  boardbuttons.o(.data)
    .bss                                     0xa0000084   Section      180  tasks.o(.bss)
    pxReadyTasksLists                        0xa0000084   Data          80  tasks.o(.bss)
    xDelayedTaskList1                        0xa00000d4   Data          20  tasks.o(.bss)
    xDelayedTaskList2                        0xa00000e8   Data          20  tasks.o(.bss)
    xPendingReadyList                        0xa00000fc   Data          20  tasks.o(.bss)
    xTasksWaitingTermination                 0xa0000110   Data          20  tasks.o(.bss)
    xSuspendedTaskList                       0xa0000124   Data          20  tasks.o(.bss)
    .bss                                     0xa0000138   Section      196  lcdgraphics.o(.bss)
    .bss                                     0xa00001fc   Section       13  idmanager.o(.bss)
    .bss                                     0xa000020c   Section       96  libspace.o(.bss)
    HEAP                                     0xa0000270   Section    4194304  lpc2400.o(HEAP)
    Heap_Mem                                 0xa0000270   Data       4194304  lpc2400.o(HEAP)
    STACK                                    0xa0400270   Section     4880  lpc2400.o(STACK)
    Stack_Mem                                0xa0400270   Data        4880  lpc2400.o(STACK)
    Stack_Top                                0xa0401580   Data           0  lpc2400.o(STACK)

    Global Symbols

    Symbol Name                              Value     Ov Type        Size  Object(Section)

    BuildAttributes$$THM_ISAv1$ARM_ISAv4$S$PE$A:L22$X:L11$S22$IEEE1$IW$USESV6$~STKCKD$USESV7$~SHL$OTIME$ROPI$EBA8$UX$STANDARDLIB$REQ8$PRES8$EABIv2 0x00000000   Number         0  anon$$obj.o ABSOLUTE
    __ARM_use_no_argv                        0x00000000   Number         0  main.o ABSOLUTE
    __ARM_exceptions_init                     - Undefined Weak Reference
    __alloca_initialize                       - Undefined Weak Reference
    __arm_preinit_                            - Undefined Weak Reference
    __cpp_initialize__aeabi_                  - Undefined Weak Reference
    __cxa_finalize                            - Undefined Weak Reference
    __rt_locale                               - Undefined Weak Reference
    __sigvec_lookup                           - Undefined Weak Reference
    __user_heap_extent                        - Undefined Weak Reference
    _atexit_init                              - Undefined Weak Reference
    _call_atexit_fns                          - Undefined Weak Reference
    _clock_init                               - Undefined Weak Reference
    _fp_trap_init                             - Undefined Weak Reference
    _fp_trap_shutdown                         - Undefined Weak Reference
    _get_lc_collate                           - Undefined Weak Reference
    _get_lc_ctype                             - Undefined Weak Reference
    _get_lc_monetary                          - Undefined Weak Reference
    _get_lc_numeric                           - Undefined Weak Reference
    _get_lc_time                              - Undefined Weak Reference
    _getenv_init                              - Undefined Weak Reference
    _handle_redirection                       - Undefined Weak Reference
    _initio                                   - Undefined Weak Reference
    _mutex_acquire                            - Undefined Weak Reference
    _mutex_free                               - Undefined Weak Reference
    _mutex_release                            - Undefined Weak Reference
    _printf_mbtowc                            - Undefined Weak Reference
    _printf_post_padding                      - Undefined Weak Reference
    _printf_pre_padding                       - Undefined Weak Reference
    _rand_init                                - Undefined Weak Reference
    _signal_finish                            - Undefined Weak Reference
    _signal_init                              - Undefined Weak Reference
    _terminateio                              - Undefined Weak Reference
    Reset_Handler                            0x00000058   ARM Code       0  lpc2400.o(RESET)
    __main                                   0x00000340   ARM Code       8  __main.o(!!!main)
    __scatterload                            0x00000348   ARM Code       0  __scatter.o(!!!scatter)
    __scatterload_rt2                        0x00000348   ARM Code      52  __scatter.o(!!!scatter)
    __scatterload_null                       0x0000035c   ARM Code       0  __scatter.o(!!!scatter)
    __scatterload_copy                       0x00000384   ARM Code      40  __scatter_copy.o(!!handler_copy)
    __scatterload_zeroinit                   0x000003ac   ARM Code      44  __scatter_zi.o(!!handler_zi)
    Inline Thumb to ARM Veneer to _printf_percent 0x000003d9   Thumb Code     4  _printf_percent.o(.ARM.Collect$$_printf_percent$$00000000)
    _printf_percent                          0x000003dc   ARM Code       0  _printf_percent.o(.ARM.Collect$$_printf_percent$$00000000)
    _printf_s                                0x000003dc   ARM Code       0  _printf_s.o(.ARM.Collect$$_printf_percent$$00000014)
    _printf_percent_end                      0x000003e4   ARM Code       0  _printf_percent_end.o(.ARM.Collect$$_printf_percent$$00000017)
    Inline ARM to Thumb Veneer to __rt_lib_init 0x000003ec   ARM Code       8  libinit.o(.ARM.Collect$$libinit$$00000000)
    __rt_lib_init                            0x000003f5   Thumb Code     0  libinit.o(.ARM.Collect$$libinit$$00000000)
    __rt_lib_init_fp_1                       0x000003f7   Thumb Code     0  libinit2.o(.ARM.Collect$$libinit$$00000002)
    __rt_lib_init_heap_2                     0x000003f7   Thumb Code     0  libinit2.o(.ARM.Collect$$libinit$$00000005)
    __rt_lib_init_preinit_1                  0x000003f7   Thumb Code     0  libinit2.o(.ARM.Collect$$libinit$$00000004)
    __rt_lib_init_alloca_1                   0x000003ff   Thumb Code     0  libinit2.o(.ARM.Collect$$libinit$$0000002E)
    __rt_lib_init_argv_1                     0x000003ff   Thumb Code     0  libinit2.o(.ARM.Collect$$libinit$$0000002C)
    __rt_lib_init_atexit_1                   0x000003ff   Thumb Code     0  libinit2.o(.ARM.Collect$$libinit$$0000001B)
    __rt_lib_init_clock_1                    0x000003ff   Thumb Code     0  libinit2.o(.ARM.Collect$$libinit$$00000021)
    __rt_lib_init_cpp_1                      0x000003ff   Thumb Code     0  libinit2.o(.ARM.Collect$$libinit$$00000032)
    __rt_lib_init_exceptions_1               0x000003ff   Thumb Code     0  libinit2.o(.ARM.Collect$$libinit$$00000030)
    __rt_lib_init_fp_trap_1                  0x000003ff   Thumb Code     0  libinit2.o(.ARM.Collect$$libinit$$0000001F)
    __rt_lib_init_getenv_1                   0x000003ff   Thumb Code     0  libinit2.o(.ARM.Collect$$libinit$$00000023)
    __rt_lib_init_heap_1                     0x000003ff   Thumb Code     0  libinit2.o(.ARM.Collect$$libinit$$0000000A)
    __rt_lib_init_lc_collate_1               0x000003ff   Thumb Code     0  libinit2.o(.ARM.Collect$$libinit$$00000011)
    __rt_lib_init_lc_ctype_1                 0x000003ff   Thumb Code     0  libinit2.o(.ARM.Collect$$libinit$$00000013)
    __rt_lib_init_lc_monetary_1              0x000003ff   Thumb Code     0  libinit2.o(.ARM.Collect$$libinit$$00000015)
    __rt_lib_init_lc_numeric_1               0x000003ff   Thumb Code     0  libinit2.o(.ARM.Collect$$libinit$$00000017)
    __rt_lib_init_lc_time_1                  0x000003ff   Thumb Code     0  libinit2.o(.ARM.Collect$$libinit$$00000019)
    __rt_lib_init_rand_1                     0x000003ff   Thumb Code     0  libinit2.o(.ARM.Collect$$libinit$$0000000E)
    __rt_lib_init_return                     0x000003ff   Thumb Code     0  libinit2.o(.ARM.Collect$$libinit$$00000033)
    __rt_lib_init_signal_1                   0x000003ff   Thumb Code     0  libinit2.o(.ARM.Collect$$libinit$$0000001D)
    __rt_lib_init_stdio_1                    0x000003ff   Thumb Code     0  libinit2.o(.ARM.Collect$$libinit$$00000025)
    __rt_lib_init_user_alloc_1               0x000003ff   Thumb Code     0  libinit2.o(.ARM.Collect$$libinit$$0000000C)
    Inline ARM to Thumb Veneer to __rt_lib_shutdown 0x0000040c   ARM Code       8  libshutdown.o(.ARM.Collect$$libshutdown$$00000000)
    __rt_lib_shutdown                        0x00000415   Thumb Code     0  libshutdown.o(.ARM.Collect$$libshutdown$$00000000)
    __rt_lib_shutdown_cpp_1                  0x00000419   Thumb Code     0  libshutdown2.o(.ARM.Collect$$libshutdown$$00000002)
    __rt_lib_shutdown_fp_trap_1              0x00000419   Thumb Code     0  libshutdown2.o(.ARM.Collect$$libshutdown$$00000007)
    __rt_lib_shutdown_heap_1                 0x00000419   Thumb Code     0  libshutdown2.o(.ARM.Collect$$libshutdown$$0000000F)
    __rt_lib_shutdown_return                 0x00000419   Thumb Code     0  libshutdown2.o(.ARM.Collect$$libshutdown$$00000010)
    __rt_lib_shutdown_signal_1               0x00000419   Thumb Code     0  libshutdown2.o(.ARM.Collect$$libshutdown$$0000000A)
    __rt_lib_shutdown_stdio_1                0x00000419   Thumb Code     0  libshutdown2.o(.ARM.Collect$$libshutdown$$00000004)
    __rt_lib_shutdown_user_alloc_1           0x00000419   Thumb Code     0  libshutdown2.o(.ARM.Collect$$libshutdown$$0000000C)
    __rt_entry                               0x00000420   ARM Code       0  __rtentry.o(.ARM.Collect$$rtentry$$00000000)
    __rt_entry_presh_1                       0x00000420   ARM Code       0  __rtentry2.o(.ARM.Collect$$rtentry$$00000002)
    __rt_entry_sh                            0x00000420   ARM Code       0  __rtentry4.o(.ARM.Collect$$rtentry$$00000004)
    __rt_entry_li                            0x00000428   ARM Code       0  __rtentry2.o(.ARM.Collect$$rtentry$$0000000A)
    __rt_entry_postsh_1                      0x00000428   ARM Code       0  __rtentry2.o(.ARM.Collect$$rtentry$$00000009)
    __rt_entry_main                          0x0000042c   ARM Code       0  __rtentry2.o(.ARM.Collect$$rtentry$$0000000D)
    __rt_entry_postli_1                      0x0000042c   ARM Code       0  __rtentry2.o(.ARM.Collect$$rtentry$$0000000C)
    Inline Thumb to ARM Veneer to __rt_exit  0x00000455   Thumb Code     4  rtexit.o(.ARM.Collect$$rtexit$$00000000)
    __rt_exit                                0x00000458   ARM Code       0  rtexit.o(.ARM.Collect$$rtexit$$00000000)
    __rt_exit_ls                             0x0000045c   ARM Code       0  rtexit2.o(.ARM.Collect$$rtexit$$00000003)
    __rt_exit_prels_1                        0x0000045c   ARM Code       0  rtexit2.o(.ARM.Collect$$rtexit$$00000002)
    __rt_exit_exit                           0x00000460   ARM Code       0  rtexit2.o(.ARM.Collect$$rtexit$$00000004)
    __user_initial_stackheap                 0x00000468   ARM Code       0  lpc2400.o(.text)
    _maybe_terminate_alloc                   0x00000469   Thumb Code     0  maybetermalloc1.o(.emb_text)
    main                                     0x00000578   ARM Code     156  main.o(.text)
    vStartConsole                            0x000006f8   ARM Code      80  console.o(.text)
    xConsolePortHandle                       0x00000748   ARM Code      12  console.o(.text)
    fputc                                    0x00000784   ARM Code      44  retarget.o(.text)
    ferror                                   0x000007b0   ARM Code      12  retarget.o(.text)
    _ttywrch                                 0x000007bc   ARM Code      36  retarget.o(.text)
    _sys_exit                                0x000007e0   ARM Code       8  retarget.o(.text)
    xSerialPortInitMinimal                   0x000007e8   ARM Code     292  serial.o(.text)
    xSerialGetChar                           0x0000090c   ARM Code      68  serial.o(.text)
    xSerialPutChar                           0x00000950   ARM Code     172  serial.o(.text)
    vSerialPutString                         0x000009fc   ARM Code      64  serial.o(.text)
    vUART_ISRHandler                         0x00000a3c   ARM Code     276  serial.o(.text)
    vUART_ISREntry                           0x00000b68   ARM Code       0  serialisr.o(.text)
    vLCD_ISREntry                            0x00000bfc   ARM Code       0  lcdisr.o(.text)
    vListInitialise                          0x00000c90   ARM Code      44  list.o(.text)
    vListInitialiseItem                      0x00000cbc   ARM Code      12  list.o(.text)
    vListInsertEnd                           0x00000cc8   ARM Code      48  list.o(.text)
    vListInsert                              0x00000cf8   ARM Code      96  list.o(.text)
    uxListRemove                             0x00000d58   ARM Code      76  list.o(.text)
    xQueueGenericReset                       0x00000da4   ARM Code     188  queue.o(.text)
    xQueueGenericCreate                      0x00000ea8   ARM Code      96  queue.o(.text)
    xQueueGenericSend                        0x000010f8   ARM Code     380  queue.o(.text)
    xQueueGenericSendFromISR                 0x00001274   ARM Code     188  queue.o(.text)
    xQueueGiveFromISR                        0x00001330   ARM Code     164  queue.o(.text)
    xQueueGenericReceive                     0x00001460   ARM Code     440  queue.o(.text)
    xQueueReceiveFromISR                     0x00001618   ARM Code     176  queue.o(.text)
    xTaskCreate                              0x00001908   ARM Code     172  tasks.o(.text)
    xTaskIncrementTick                       0x00001a2c   ARM Code     440  tasks.o(.text)
    xTaskResumeAll                           0x00001be4   ARM Code     348  tasks.o(.text)
    vTaskSuspendAll                          0x00001df8   ARM Code      24  tasks.o(.text)
    vTaskDelayUntil                          0x00001e10   ARM Code     152  tasks.o(.text)
    vTaskDelay                               0x00001ea8   ARM Code      64  tasks.o(.text)
    vTaskSwitchContext                       0x00001ee8   ARM Code     184  tasks.o(.text)
    vTaskStartScheduler                      0x000020dc   ARM Code     112  tasks.o(.text)
    xTaskGetTickCount                        0x0000214c   ARM Code      32  tasks.o(.text)
    vTaskPlaceOnEventList                    0x0000216c   ARM Code      52  tasks.o(.text)
    xTaskRemoveFromEventList                 0x000021a0   ARM Code     180  tasks.o(.text)
    vTaskSetTimeOutState                     0x00002254   ARM Code      28  tasks.o(.text)
    xTaskCheckForTimeOut                     0x00002270   ARM Code     256  tasks.o(.text)
    vTaskMissedYield                         0x00002370   ARM Code      16  tasks.o(.text)
    pxPortInitialiseStack                    0x00002380   ARM Code     240  port.o(.text)
    xPortStartScheduler                      0x000024e4   ARM Code      24  port.o(.text)
    vPortEnterCritical                       0x000024fc   ARM Code      36  port.o(.text)
    vPortExitCritical                        0x00002520   ARM Code      68  port.o(.text)
    pvPortMalloc                             0x00002588   ARM Code      40  heap_3.o(.text)
    vPortFree                                0x000025b0   ARM Code      40  heap_3.o(.text)
    mdelay                                   0x000025d8   ARM Code      24  lcd_hw.o(.text)
    lcd_hw_init                              0x00002658   ARM Code     384  lcd_hw.o(.text)
    writeToDisp                              0x000027d8   ARM Code      12  lcd_hw.o(.text)
    writeToReg                               0x000027e4   ARM Code      56  lcd_hw.o(.text)
    readFromReg                              0x0000281c   ARM Code      60  lcd_hw.o(.text)
    writeLcdCommand                          0x00002858   ARM Code     252  lcd_hw.o(.text)
    lcd_init                                 0x00002954   ARM Code    1104  lcd_hw.o(.text)
    getTouch                                 0x00002da4   ARM Code     336  lcd_hw.o(.text)
    movePen                                  0x00002fec   ARM Code     108  graphics.o(.text)
    drawPoint                                0x00003058   ARM Code      72  graphics.o(.text)
    setWindow                                0x00003164   ARM Code     144  graphics.o(.text)
    fillScreen                               0x000031f4   ARM Code     120  graphics.o(.text)
    fillRect                                 0x0000326c   ARM Code     212  graphics.o(.text)
    fillRectStruct                           0x00003340   ARM Code      44  graphics.o(.text)
    drawButton                               0x0000336c   ARM Code     160  graphics.o(.text)
    drawSlider                               0x0000340c   ARM Code     288  graphics.o(.text)
    getBrightnessColourFromState             0x0000352c   ARM Code      72  graphics.o(.text)
    drawLight                                0x00003574   ARM Code      52  graphics.o(.text)
    doesRectContainPoint                     0x000035c4   ARM Code     104  shapes.o(.text)
    setLEDs                                  0x0000362c   ARM Code     532  ledlights.o(.text)
    vStartLightsTask                         0x000039f8   ARM Code     160  ledlights.o(.text)
    drawLedScreen                            0x00003a98   ARM Code     684  lcdgraphics.o(.text)
    drawButtonPointer                        0x00003d44   ARM Code     108  lcdgraphics.o(.text)
    drawSliderPointer                        0x00003db0   ARM Code      68  lcdgraphics.o(.text)
    drawButtons                              0x00003df4   ARM Code     224  lcdgraphics.o(.text)
    drawSliders                              0x00003ed4   ARM Code     236  lcdgraphics.o(.text)
    drawPresets                              0x00003fc0   ARM Code     208  lcdgraphics.o(.text)
    drawLights                               0x00004090   ARM Code     428  lcdgraphics.o(.text)
    isPresetButton                           0x0000423c   ARM Code      64  lcdgraphics.o(.text)
    isSlider                                 0x0000427c   ARM Code      64  lcdgraphics.o(.text)
    getLedMode                               0x000042bc   ARM Code      92  lcdgraphics.o(.text)
    getLedData                               0x00004318   ARM Code     136  lcdgraphics.o(.text)
    getLedPulse0                             0x000043a0   ARM Code      80  lcdgraphics.o(.text)
    getLedPulse1                             0x000043f0   ARM Code      80  lcdgraphics.o(.text)
    getPresetButtonId                        0x00004440   ARM Code      68  lcdgraphics.o(.text)
    getSlider                                0x00004484   ARM Code      68  lcdgraphics.o(.text)
    getButton                                0x000044c8   ARM Code     168  lcdgraphics.o(.text)
    getPoint                                 0x00004570   ARM Code      44  lcdgraphics.o(.text)
    masterPreset                             0x0000459c   ARM Code      72  lcdgraphics.o(.text)
    interfaceDimPreset                       0x000045e4   ARM Code      88  lcdgraphics.o(.text)
    sliderHalfPreset                         0x0000463c   ARM Code     108  lcdgraphics.o(.text)
    disableOtherPresets                      0x000046a8   ARM Code      84  lcdgraphics.o(.text)
    handlePreset                             0x000046fc   ARM Code     212  lcdgraphics.o(.text)
    handleButton                             0x000047d0   ARM Code      72  lcdgraphics.o(.text)
    handleSlider                             0x00004818   ARM Code     164  lcdgraphics.o(.text)
    isComponentTouched                       0x000048bc   ARM Code     352  lcdgraphics.o(.text)
    setupLedScreen                           0x00004a1c   ARM Code     804  lcdgraphics.o(.text)
    vStartLcd                                0x000050b4   ARM Code     128  lcdcontrol.o(.text)
    vLCD_ISRHandler                          0x00005134   ARM Code      72  lcdcontrol.o(.text)
    Register                                 0x00005184   ARM Code      44  idmanager.o(.text)
    GetComponent                             0x000051b0   ARM Code      16  idmanager.o(.text)
    getBoardButtons                          0x000051c8   ARM Code     320  boardbuttons.o(.text)
    vStartButtonsTask                        0x00005408   ARM Code      72  boardbuttons.o(.text)
    __I$use$semihosting                      0x000054b0   ARM Code       0  use_no_semi.o(.text)
    __use_no_semihosting_swi                 0x000054b0   ARM Code       4  use_no_semi.o(.text)
    Inline ARM to Thumb Veneer to malloc     0x000054b4   ARM Code       8  h1_alloc.o(.text)
    malloc                                   0x000054bd   Thumb Code   110  h1_alloc.o(.text)
    Inline ARM to Thumb Veneer to free       0x0000552c   ARM Code       8  h1_free.o(.text)
    free                                     0x00005535   Thumb Code    84  h1_free.o(.text)
    Inline ARM to Thumb Veneer to __2printf  0x00005588   ARM Code       8  noretval__2printf.o(.text)
    __2printf                                0x00005591   Thumb Code    22  noretval__2printf.o(.text)
    __printf                                 0x000055ad   Thumb Code   118  __printf.o(.text)
    _printf_str                              0x00005623   Thumb Code    88  _printf_str.o(.text)
    Inline ARM to Thumb Veneer to strlen     0x0000567c   ARM Code       8  strlen.o(.text)
    strlen                                   0x00005685   Thumb Code    64  strlen.o(.text)
    __aeabi_memcpy                           0x000056c8   ARM Code       0  rt_memcpy.o(.text)
    __rt_memcpy                              0x000056c8   ARM Code     212  rt_memcpy.o(.text)
    _memcpy_lastbytes                        0x0000577c   ARM Code       0  rt_memcpy.o(.text)
    __aeabi_memcpy4                          0x0000579c   ARM Code       0  rt_memcpy_w.o(.text)
    __aeabi_memcpy8                          0x0000579c   ARM Code       0  rt_memcpy_w.o(.text)
    __rt_memcpy_w                            0x0000579c   ARM Code     100  rt_memcpy_w.o(.text)
    _memcpy_lastbytes_aligned                0x000057e8   ARM Code       0  rt_memcpy_w.o(.text)
    __aeabi_idiv                             0x00005800   ARM Code       0  aeabi_sdiv.o(.text)
    __aeabi_idivmod                          0x00005800   ARM Code     384  aeabi_sdiv.o(.text)
    __use_two_region_memory                  0x00005981   Thumb Code     2  heapauxi.o(.text)
    __rt_heap_escrow                         0x00005983   Thumb Code     2  heapauxi.o(.text)
    __rt_heap_expand                         0x00005985   Thumb Code     2  heapauxi.o(.text)
    Inline Thumb to ARM Veneer to __rt_heap_descriptor 0x00005989   Thumb Code     4  rt_heap_descriptor_intlibspace.o(.text)
    __rt_heap_descriptor                     0x0000598c   ARM Code      12  rt_heap_descriptor_intlibspace.o(.text)
    __use_no_heap                            0x00005999   Thumb Code     2  hguard.o(.text)
    __heap$guard                             0x0000599b   Thumb Code     2  hguard.o(.text)
    _terminate_user_alloc                    0x0000599d   Thumb Code     2  init_alloc.o(.text)
    _init_user_alloc                         0x0000599f   Thumb Code     2  init_alloc.o(.text)
    __Heap_Full                              0x000059a1   Thumb Code    36  init_alloc.o(.text)
    __Heap_Broken                            0x000059c5   Thumb Code    14  init_alloc.o(.text)
    _init_alloc                              0x000059d3   Thumb Code    94  init_alloc.o(.text)
    __Heap_Initialize                        0x00005a31   Thumb Code    10  h1_init.o(.text)
    __Heap_DescSize                          0x00005a3b   Thumb Code     4  h1_init.o(.text)
    Inline ARM to Thumb Veneer to _printf_string 0x00005a40   ARM Code       8  _printf_char.o(.text)
    _printf_cs_common                        0x00005a49   Thumb Code    26  _printf_char.o(.text)
    _printf_char                             0x00005a63   Thumb Code    16  _printf_char.o(.text)
    _printf_string                           0x00005a73   Thumb Code     8  _printf_char.o(.text)
    _printf_char_file                        0x00005a7d   Thumb Code    38  _printf_char_file.o(.text)
    __user_libspace                          0x00005aa8   ARM Code      12  libspace.o(.text)
    __user_perproc_libspace                  0x00005aa8   ARM Code       0  libspace.o(.text)
    __user_perthread_libspace                0x00005aa8   ARM Code       0  libspace.o(.text)
    __Heap_ProvideMemory                     0x00005ab5   Thumb Code    56  h1_extend.o(.text)
    _printf_char_common                      0x00005af7   Thumb Code    34  _printf_char_common.o(.text)
    __rt_SIGRTMEM                            0x00005b1d   Thumb Code    16  defsig_rtmem_outer.o(.text)
    __user_setup_stackheap                   0x00005b2c   ARM Code      96  sys_stackheap_outer.o(.text)
    exit                                     0x00005b8d   Thumb Code    20  exit.o(.text)
    __sig_exit                               0x00005ba1   Thumb Code    16  defsig_exit.o(.text)
    __rt_SIGRTMEM_inner                      0x00005bb1   Thumb Code    26  defsig_rtmem_inner.o(.text)
    __default_signal_display                 0x00005c05   Thumb Code    56  defsig_general.o(.text)
    __aeabi_uidiv                            0x00005c3c   ARM Code       0  aeabi_sdiv.o(.text_udiv)
    __aeabi_uidivmod                         0x00005c3c   ARM Code      36  aeabi_sdiv.o(.text_udiv)
    vPortStartFirstTask                      0x00005c60   ARM Code       0  portasm.o(PORT_ASM)
    vPortYield                               0x00005c90   ARM Code       0  portasm.o(PORT_ASM)
    vPortYieldProcessor                      0x00005c98   ARM Code       0  portasm.o(PORT_ASM)
    vPreemptiveTick                          0x00005d24   ARM Code       0  portasm.o(PORT_ASM)
    Short Thumb to ARM Veneer to ferror      0x00005de9   Thumb Code     8  anon$$obj.o(Veneer$$Code)
    Short Thumb to ARM Veneer to _sys_exit   0x00005df1   Thumb Code     8  anon$$obj.o(Veneer$$Code)
    Short Thumb to ARM Veneer to _ttywrch    0x00005df9   Thumb Code     8  anon$$obj.o(Veneer$$Code)
    __ARM_common_call_via_r1                 0x00005e01   Thumb Code     2  __printf.o(i.__ARM_common_call_via_r1)
    __ARM_common_call_via_r2                 0x00005e03   Thumb Code     2  __printf.o(i.__ARM_common_call_via_r2)
    Region$$Table$$Base                      0x00005e10   Number         0  anon$$obj.o(Region$$Table)
    Region$$Table$$Limit                     0x00005e30   Number         0  anon$$obj.o(Region$$Table)
    pcPrompt                                 0xa0000004   Data           4  console.o(.data)
    __stdout                                 0xa0000008   Data           4  retarget.o(.data)
    pxCurrentTCB                             0xa0000018   Data           4  tasks.o(.data)
    ulCriticalNesting                        0xa0000054   Data           4  port.o(.data)
    activeController                         0xa0000058   Data           1  lcd_hw.o(.data)
    palette                                  0xa0000068   Data           8  lcdgraphics.o(.data)
    xLcdSemphr                               0xa0000070   Data           4  lcdcontrol.o(.data)
    latestId                                 0xa0000078   Data           4  idmanager.o(.data)
    screen                                   0xa0000138   Data         196  lcdgraphics.o(.bss)
    types                                    0xa00001fc   Data          13  idmanager.o(.bss)
    __libspace_start                         0xa000020c   Data          96  libspace.o(.bss)
    __temporary_stack_top$libspace           0xa000026c   Data           0  libspace.o(.bss)



==============================================================================

Memory Map of the image

  Image Entry point : 0x00000340

  Load Region LR_IROM1 (Base: 0x00000000, Size: 0x00005eb4, Max: 0x00080000, ABSOLUTE)

    Execution Region ER_IROM1 (Base: 0x00000000, Size: 0x00005e30, Max: 0x00080000, ABSOLUTE)

    Base Addr    Size         Type   Attr      Idx    E Section Name        Object

    0x00000000   0x00000340   Code   RO            3    RESET               lpc2400.o
    0x00000340   0x00000008   Code   RO          979  * !!!main             c_t.l(__main.o)
    0x00000348   0x0000003c   Code   RO         1195    !!!scatter          c_t.l(__scatter.o)
    0x00000384   0x00000028   Code   RO         1197    !!handler_copy      c_t.l(__scatter_copy.o)
    0x000003ac   0x0000002c   Code   RO         1199    !!handler_zi        c_t.l(__scatter_zi.o)
    0x000003d8   0x00000004   Ven    RO          954    .ARM.Collect$$_printf_percent$$00000000  c_t.l(_printf_percent.o)
    0x000003dc   0x00000000   Code   RO          954    .ARM.Collect$$_printf_percent$$00000000  c_t.l(_printf_percent.o)
    0x000003dc   0x00000008   Code   RO          953    .ARM.Collect$$_printf_percent$$00000014  c_t.l(_printf_s.o)
    0x000003e4   0x00000008   Code   RO         1017    .ARM.Collect$$_printf_percent$$00000017  c_t.l(_printf_percent_end.o)
    0x000003ec   0x00000008   Ven    RO         1138    .ARM.Collect$$libinit$$00000000  c_t.l(libinit.o)
    0x000003f4   0x00000002   Code   RO         1138    .ARM.Collect$$libinit$$00000000  c_t.l(libinit.o)
    0x000003f6   0x00000000   Code   RO         1021    .ARM.Collect$$libinit$$00000002  c_t.l(libinit2.o)
    0x000003f6   0x00000000   Code   RO         1023    .ARM.Collect$$libinit$$00000004  c_t.l(libinit2.o)
    0x000003f6   0x00000008   Code   RO         1024    .ARM.Collect$$libinit$$00000005  c_t.l(libinit2.o)
    0x000003fe   0x00000000   Code   RO         1026    .ARM.Collect$$libinit$$0000000A  c_t.l(libinit2.o)
    0x000003fe   0x00000000   Code   RO         1028    .ARM.Collect$$libinit$$0000000C  c_t.l(libinit2.o)
    0x000003fe   0x00000000   Code   RO         1030    .ARM.Collect$$libinit$$0000000E  c_t.l(libinit2.o)
    0x000003fe   0x00000000   Code   RO         1033    .ARM.Collect$$libinit$$00000011  c_t.l(libinit2.o)
    0x000003fe   0x00000000   Code   RO         1035    .ARM.Collect$$libinit$$00000013  c_t.l(libinit2.o)
    0x000003fe   0x00000000   Code   RO         1037    .ARM.Collect$$libinit$$00000015  c_t.l(libinit2.o)
    0x000003fe   0x00000000   Code   RO         1039    .ARM.Collect$$libinit$$00000017  c_t.l(libinit2.o)
    0x000003fe   0x00000000   Code   RO         1041    .ARM.Collect$$libinit$$00000019  c_t.l(libinit2.o)
    0x000003fe   0x00000000   Code   RO         1043    .ARM.Collect$$libinit$$0000001B  c_t.l(libinit2.o)
    0x000003fe   0x00000000   Code   RO         1045    .ARM.Collect$$libinit$$0000001D  c_t.l(libinit2.o)
    0x000003fe   0x00000000   Code   RO         1047    .ARM.Collect$$libinit$$0000001F  c_t.l(libinit2.o)
    0x000003fe   0x00000000   Code   RO         1049    .ARM.Collect$$libinit$$00000021  c_t.l(libinit2.o)
    0x000003fe   0x00000000   Code   RO         1051    .ARM.Collect$$libinit$$00000023  c_t.l(libinit2.o)
    0x000003fe   0x00000000   Code   RO         1053    .ARM.Collect$$libinit$$00000025  c_t.l(libinit2.o)
    0x000003fe   0x00000000   Code   RO         1057    .ARM.Collect$$libinit$$0000002C  c_t.l(libinit2.o)
    0x000003fe   0x00000000   Code   RO         1059    .ARM.Collect$$libinit$$0000002E  c_t.l(libinit2.o)
    0x000003fe   0x00000000   Code   RO         1061    .ARM.Collect$$libinit$$00000030  c_t.l(libinit2.o)
    0x000003fe   0x00000000   Code   RO         1063    .ARM.Collect$$libinit$$00000032  c_t.l(libinit2.o)
    0x000003fe   0x0000000c   Code   RO         1064    .ARM.Collect$$libinit$$00000033  c_t.l(libinit2.o)
    0x0000040a   0x00000002   PAD
    0x0000040c   0x00000008   Ven    RO         1192    .ARM.Collect$$libshutdown$$00000000  c_t.l(libshutdown.o)
    0x00000414   0x00000004   Code   RO         1192    .ARM.Collect$$libshutdown$$00000000  c_t.l(libshutdown.o)
    0x00000418   0x00000000   Code   RO         1152    .ARM.Collect$$libshutdown$$00000002  c_t.l(libshutdown2.o)
    0x00000418   0x00000000   Code   RO         1154    .ARM.Collect$$libshutdown$$00000004  c_t.l(libshutdown2.o)
    0x00000418   0x00000000   Code   RO         1157    .ARM.Collect$$libshutdown$$00000007  c_t.l(libshutdown2.o)
    0x00000418   0x00000000   Code   RO         1160    .ARM.Collect$$libshutdown$$0000000A  c_t.l(libshutdown2.o)
    0x00000418   0x00000000   Code   RO         1162    .ARM.Collect$$libshutdown$$0000000C  c_t.l(libshutdown2.o)
    0x00000418   0x00000000   Code   RO         1165    .ARM.Collect$$libshutdown$$0000000F  c_t.l(libshutdown2.o)
    0x00000418   0x00000006   Code   RO         1166    .ARM.Collect$$libshutdown$$00000010  c_t.l(libshutdown2.o)
    0x0000041e   0x00000002   PAD
    0x00000420   0x00000000   Code   RO          983    .ARM.Collect$$rtentry$$00000000  c_t.l(__rtentry.o)
    0x00000420   0x00000000   Code   RO         1071    .ARM.Collect$$rtentry$$00000002  c_t.l(__rtentry2.o)
    0x00000420   0x00000008   Code   RO         1083    .ARM.Collect$$rtentry$$00000004  c_t.l(__rtentry4.o)
    0x00000428   0x00000000   Code   RO         1073    .ARM.Collect$$rtentry$$00000009  c_t.l(__rtentry2.o)
    0x00000428   0x00000004   Code   RO         1074    .ARM.Collect$$rtentry$$0000000A  c_t.l(__rtentry2.o)
    0x0000042c   0x00000000   Code   RO         1076    .ARM.Collect$$rtentry$$0000000C  c_t.l(__rtentry2.o)
    0x0000042c   0x00000028   Code   RO         1077    .ARM.Collect$$rtentry$$0000000D  c_t.l(__rtentry2.o)
    0x00000454   0x00000004   Ven    RO         1139    .ARM.Collect$$rtexit$$00000000  c_t.l(rtexit.o)
    0x00000458   0x00000004   Code   RO         1139    .ARM.Collect$$rtexit$$00000000  c_t.l(rtexit.o)
    0x0000045c   0x00000000   Code   RO         1168    .ARM.Collect$$rtexit$$00000002  c_t.l(rtexit2.o)
    0x0000045c   0x00000004   Code   RO         1169    .ARM.Collect$$rtexit$$00000003  c_t.l(rtexit2.o)
    0x00000460   0x00000008   Code   RO         1170    .ARM.Collect$$rtexit$$00000004  c_t.l(rtexit2.o)
    0x00000468   0x00000000   Code   RO         1089    .emb_text           c_t.l(maybetermalloc1.o)
    0x00000468   0x00000024   Code   RO            4    .text               lpc2400.o
    0x0000048c   0x000001d4   Code   RO           11    .text               main.o
    0x00000660   0x00000124   Code   RO           94    .text               console.o
    0x00000784   0x00000064   Code   RO          117    .text               retarget.o
    0x000007e8   0x00000380   Code   RO          151    .text               serial.o
    0x00000b68   0x00000094   Code   RO          165    .text               serialisr.o
    0x00000bfc   0x00000094   Code   RO          168    .text               lcdisr.o
    0x00000c90   0x00000114   Code   RO          171    .text               list.o
    0x00000da4   0x00000924   Code   RO          183    .text               queue.o
    0x000016c8   0x00000cb8   Code   RO          237    .text               tasks.o
    0x00002380   0x00000208   Code   RO          379    .text               port.o
    0x00002588   0x00000050   Code   RO          403    .text               heap_3.o
    0x000025d8   0x00000a14   Code   RO          548    .text               lcd_hw.o
    0x00002fec   0x000005d8   Code   RO          596    .text               graphics.o
    0x000035c4   0x00000068   Code   RO          715    .text               shapes.o
    0x0000362c   0x0000046c   Code   RO          733    .text               ledlights.o
    0x00003a98   0x000012a8   Code   RO          760    .text               lcdgraphics.o
    0x00004d40   0x00000444   Code   RO          794    .text               lcdcontrol.o
    0x00005184   0x00000044   Code   RO          818    .text               idmanager.o
    0x000051c8   0x000002e8   Code   RO          834    .text               boardbuttons.o
    0x000054b0   0x00000004   Code   RO          853    .text               c_t.l(use_no_semi.o)
    0x000054b4   0x00000008   Ven    RO          859    .text               c_t.l(h1_alloc.o)
    0x000054bc   0x0000006e   Code   RO          859    .text               c_t.l(h1_alloc.o)
    0x0000552a   0x00000002   PAD
    0x0000552c   0x00000008   Ven    RO          861    .text               c_t.l(h1_free.o)
    0x00005534   0x00000054   Code   RO          861    .text               c_t.l(h1_free.o)
    0x00005588   0x00000008   Ven    RO          923    .text               c_t.l(noretval__2printf.o)
    0x00005590   0x0000001c   Code   RO          923    .text               c_t.l(noretval__2printf.o)
    0x000055ac   0x00000076   Code   RO          925    .text               c_t.l(__printf.o)
    0x00005622   0x00000058   Code   RO          931    .text               c_t.l(_printf_str.o)
    0x0000567a   0x00000002   PAD
    0x0000567c   0x00000008   Ven    RO          955    .text               c_t.l(strlen.o)
    0x00005684   0x00000044   Code   RO          955    .text               c_t.l(strlen.o)
    0x000056c8   0x000000d4   Code   RO          957    .text               c_t.l(rt_memcpy.o)
    0x0000579c   0x00000064   Code   RO          959    .text               c_t.l(rt_memcpy_w.o)
    0x00005800   0x00000180   Code   RO          961    .text               c_t.l(aeabi_sdiv.o)
    0x00005980   0x00000006   Code   RO          977    .text               c_t.l(heapauxi.o)
    0x00005986   0x00000002   PAD
    0x00005988   0x00000004   Ven    RO          991    .text               c_t.l(rt_heap_descriptor_intlibspace.o)
    0x0000598c   0x0000000c   Code   RO          991    .text               c_t.l(rt_heap_descriptor_intlibspace.o)
    0x00005998   0x00000004   Code   RO          993    .text               c_t.l(hguard.o)
    0x0000599c   0x00000094   Code   RO          995    .text               c_t.l(init_alloc.o)
    0x00005a30   0x0000000e   Code   RO          999    .text               c_t.l(h1_init.o)
    0x00005a3e   0x00000002   PAD
    0x00005a40   0x00000008   Ven    RO         1013    .text               c_t.l(_printf_char.o)
    0x00005a48   0x00000032   Code   RO         1013    .text               c_t.l(_printf_char.o)
    0x00005a7a   0x00000002   PAD
    0x00005a7c   0x0000002c   Code   RO         1015    .text               c_t.l(_printf_char_file.o)
    0x00005aa8   0x0000000c   Code   RO         1067    .text               c_t.l(libspace.o)
    0x00005ab4   0x00000038   Code   RO         1091    .text               c_t.l(h1_extend.o)
    0x00005aec   0x00000030   Code   RO         1095    .text               c_t.l(_printf_char_common.o)
    0x00005b1c   0x00000010   Code   RO         1097    .text               c_t.l(defsig_rtmem_outer.o)
    0x00005b2c   0x00000060   Code   RO         1109    .text               c_t.l(sys_stackheap_outer.o)
    0x00005b8c   0x00000014   Code   RO         1119    .text               c_t.l(exit.o)
    0x00005ba0   0x00000010   Code   RO         1121    .text               c_t.l(defsig_exit.o)
    0x00005bb0   0x00000054   Code   RO         1127    .text               c_t.l(defsig_rtmem_inner.o)
    0x00005c04   0x00000038   Code   RO         1147    .text               c_t.l(defsig_general.o)
    0x00005c3c   0x00000024   Code   RO          962    .text_udiv          c_t.l(aeabi_sdiv.o)
    0x00005c60   0x00000188   Code   RO          400    PORT_ASM            portasm.o
    0x00005de8   0x00000008   Ven    RO         1211    Veneer$$Code        anon$$obj.o
    0x00005df0   0x00000008   Ven    RO         1212    Veneer$$Code        anon$$obj.o
    0x00005df8   0x00000008   Ven    RO         1213    Veneer$$Code        anon$$obj.o
    0x00005e00   0x00000002   Code   RO          929    i.__ARM_common_call_via_r1  c_t.l(__printf.o)
    0x00005e02   0x00000002   Code   RO          927    i.__ARM_common_call_via_r2  c_t.l(__printf.o)
    0x00005e04   0x0000000a   Data   RO           95    .conststring        console.o
    0x00005e0e   0x00000002   PAD
    0x00005e10   0x00000020   Data   RO         1193    Region$$Table       anon$$obj.o


    Execution Region RW_RAM1 (Base: 0xa0000000, Size: 0x00401580, Max: 0x02000000, ABSOLUTE)

    Base Addr    Size         Type   Attr      Idx    E Section Name        Object

    0xa0000000   0x00000008   Data   RW           96    .data               console.o
    0xa0000008   0x00000004   Data   RW          119    .data               retarget.o
    0xa000000c   0x0000000c   Data   RW          152    .data               serial.o
    0xa0000018   0x0000003c   Data   RW          259    .data               tasks.o
    0xa0000054   0x00000004   Data   RW          381    .data               port.o
    0xa0000058   0x00000001   Data   RW          550    .data               lcd_hw.o
    0xa0000059   0x00000003   PAD
    0xa000005c   0x0000000c   Data   RW          734    .data               ledlights.o
    0xa0000068   0x00000008   Data   RW          764    .data               lcdgraphics.o
    0xa0000070   0x00000008   Data   RW          795    .data               lcdcontrol.o
    0xa0000078   0x00000004   Data   RW          820    .data               idmanager.o
    0xa000007c   0x00000008   Data   RW          835    .data               boardbuttons.o
    0xa0000084   0x000000b4   Zero   RW          258    .bss                tasks.o
    0xa0000138   0x000000c4   Zero   RW          763    .bss                lcdgraphics.o
    0xa00001fc   0x0000000d   Zero   RW          819    .bss                idmanager.o
    0xa0000209   0x00000003   PAD
    0xa000020c   0x00000060   Zero   RW         1068    .bss                c_t.l(libspace.o)
    0xa000026c   0x00000004   PAD
    0xa0000270   0x00400000   Zero   RW            2    HEAP                lpc2400.o
    0xa0400270   0x00001310   Zero   RW            1    STACK               lpc2400.o


==============================================================================

Image component sizes


      Code (inc. data)   RO Data    RW Data    ZI Data      Debug   Object Name

       744         96          0          8          0       1584   boardbuttons.o
         0          0          0          0          0       1940   components.o
       292         48         10          8          0       1134   console.o
      1496         28          0          0          0       4298   graphics.o
        80          0          0          0          0        769   heap_3.o
        68          8          0          4         13       1193   idmanager.o
         0          0          0          0          0        404   lcd_grph.o
      2580        248          0          1          0       3337   lcd_hw.o
      1092         88          0          8          0       4313   lcdcontrol.o
      4776         20          0          8        196       8449   lcdgraphics.o
       148         12          0          0          0        196   lcdisr.o
      1132         88          0         12          0       2143   ledlights.o
       276          0          0          0          0       1790   list.o
       868        112          0          0    4199184        640   lpc2400.o
       468         76          0          0          0      18631   main.o
       520         36          0          4          0       2705   port.o
       392         20          0          0          0        320   portasm.o
      2340          0          0          0          0       7956   queue.o
       100          0          0          4          0       2816   retarget.o
       896         24          0         12          0       2385   serial.o
       148         12          0          0          0        204   serialisr.o
       104          0          0          0          0        551   shapes.o
      3256         96          0         60        180      11209   tasks.o

    ----------------------------------------------------------------------
     21800       1012         44        132    4199576      78967   Object Totals
        24          0         32          0          0          0   (incl. Generated)
         0          0          2          3          3          0   (incl. Padding)

    ----------------------------------------------------------------------

      Code (inc. data)   RO Data    RW Data    ZI Data      Debug   Library Member Name

         8          0          0          0          0         68   __main.o
       122          0          0          0          0        208   __printf.o
         0          0          0          0          0          0   __rtentry.o
        44          4          0          0          0          0   __rtentry2.o
         8          0          0          0          0          0   __rtentry4.o
        60          8          0          0          0          0   __scatter.o
        40          0          0          0          0          0   __scatter_copy.o
        44          0          0          0          0          0   __scatter_zi.o
        58          0          0          0          0        112   _printf_char.o
        48          4          0          0          0         96   _printf_char_common.o
        44          6          0          0          0         88   _printf_char_file.o
         4          0          0          0          0          0   _printf_percent.o
         8          0          0          0          0          0   _printf_percent_end.o
         8          0          0          0          0          0   _printf_s.o
        88          0          0          0          0         84   _printf_str.o
       420          0          0          0          0        148   aeabi_sdiv.o
        16          0          0          0          0         80   defsig_exit.o
        56          0          0          0          0         84   defsig_general.o
        84         58          0          0          0         80   defsig_rtmem_inner.o
        16          0          0          0          0         80   defsig_rtmem_outer.o
        20          0          0          0          0         80   exit.o
       118          0          0          0          0        116   h1_alloc.o
        56          0          0          0          0         80   h1_extend.o
        92          0          0          0          0        100   h1_free.o
        14          0          0          0          0         76   h1_init.o
         6          0          0          0          0        136   heapauxi.o
         4          0          0          0          0        120   hguard.o
       148          0          0          0          0        192   init_alloc.o
        10          0          0          0          0          0   libinit.o
        20          0          0          0          0          0   libinit2.o
        12          0          0          0          0          0   libshutdown.o
         6          0          0          0          0          0   libshutdown2.o
        12          4          0          0         96         68   libspace.o
         0          0          0          0          0          0   maybetermalloc1.o
        36          6          0          0          0         84   noretval__2printf.o
        16          4          0          0          0         68   rt_heap_descriptor_intlibspace.o
       212          0          0          0          0         68   rt_memcpy.o
       100          0          0          0          0         80   rt_memcpy_w.o
         8          0          0          0          0          0   rtexit.o
        12          0          0          0          0          0   rtexit2.o
        76          4          0          0          0         76   strlen.o
        96          0          0          0          0         80   sys_stackheap_outer.o
         4          0          0          0          0         68   use_no_semi.o

    ----------------------------------------------------------------------
      2268         98          0          0        100       2620   Library Totals
        14          0          0          0          4          0   (incl. Padding)

    ----------------------------------------------------------------------

      Code (inc. data)   RO Data    RW Data    ZI Data      Debug   Library Name

      2254         98          0          0         96       2620   c_t.l

    ----------------------------------------------------------------------
      2268         98          0          0        100       2620   Library Totals

    ----------------------------------------------------------------------

==============================================================================


      Code (inc. data)   RO Data    RW Data    ZI Data      Debug   

     24068       1110         44        132    4199676      79047   Grand Totals
     24068       1110         44        132    4199676      79047   ELF Image Totals
     24068       1110         44        132          0          0   ROM Totals

==============================================================================

    Total RO  Size (Code + RO Data)                24112 (  23.55kB)
    Total RW  Size (RW Data + ZI Data)           4199808 (4101.38kB)
    Total ROM Size (Code + RO Data + RW Data)      24244 (  23.68kB)

==============================================================================

