<html>
<body>
<pre>
<h1>µVision Build Log</h1>
<h2>Project:</h2>
U:\Quarks\LedLightingSystem.uvproj
Project File Date:  12/12/2016

<h2>Output:</h2>
Rebuild target 'Internal Flash'
Clean started - Project: 'LedLightingSystem'
   deleting intermediate output files for target 'Internal Flash'
*** Scatter Error: no default 'Read/Write' range selected
assembling LPC2400.s...
compiling main.c...
compiling console.c...
compiling Retarget.c...
compiling serial.c...
assembling serialISR.s...
assembling lcdISR.s...
compiling button.c...
assembling buttonISR.s...
compiling sensors.c...
compiling list.c...
compiling queue.c...
compiling tasks.c...
compiling port.c...
assembling portASM.s...
compiling heap_3.c...
compiling font5x7.c...
compiling lcd_grph.c...
compiling lcd_hw.c...
compiling Components.c...
compiling Graphics.c...
compiling Shapes.c...
compiling LEDLights.c...
compiling LCDGraphics.c...
Control\LCDGraphics.c(95): warning:  #188-D: enumerated type mixed with another type
Control\LCDGraphics.c(102): warning:  #188-D: enumerated type mixed with another type
Control\LCDGraphics.c(109): warning:  #188-D: enumerated type mixed with another type
Control\LCDGraphics.c(116): warning:  #188-D: enumerated type mixed with another type
Control\LCDGraphics.c(166): warning:  #188-D: enumerated type mixed with another type
Control\LCDGraphics.c(169): warning:  #188-D: enumerated type mixed with another type
Control\LCDGraphics.c(172): warning:  #188-D: enumerated type mixed with another type
Control\LCDGraphics.c(175): warning:  #188-D: enumerated type mixed with another type
compiling LCDControl.c...
compiling IDManager.c...
compiling BoardButtons.c...
compiling GlobalVariables.c...
GlobalVariables.c: Error:  #5: cannot open source input file "GlobalVariables.c": No such file or directory
".\LedLightingSystem.axf" - 1 Errors, 8 Warning(s).

*** Performing Cross-Module-Optimization:
*** Feedback file '.\LedLightingSystem.fed' not found.
Target not created
Build target 'Internal Flash'
Clean started - Project: 'LedLightingSystem'
   deleting intermediate output files for target 'Internal Flash'
*** Scatter Error: no default 'Read/Write' range selected
assembling LPC2400.s...
compiling main.c...
compiling console.c...
compiling Retarget.c...
compiling serial.c...
assembling serialISR.s...
assembling lcdISR.s...
compiling button.c...
assembling buttonISR.s...
compiling sensors.c...
compiling list.c...
compiling queue.c...
compiling tasks.c...
compiling port.c...
assembling portASM.s...
compiling heap_3.c...
compiling font5x7.c...
compiling lcd_grph.c...
compiling lcd_hw.c...
compiling Components.c...
compiling Graphics.c...
compiling Shapes.c...
compiling LEDLights.c...
compiling LCDGraphics.c...
Control\LCDGraphics.c(95): warning:  #188-D: enumerated type mixed with another type
Control\LCDGraphics.c(102): warning:  #188-D: enumerated type mixed with another type
Control\LCDGraphics.c(109): warning:  #188-D: enumerated type mixed with another type
Control\LCDGraphics.c(116): warning:  #188-D: enumerated type mixed with another type
Control\LCDGraphics.c(166): warning:  #188-D: enumerated type mixed with another type
Control\LCDGraphics.c(169): warning:  #188-D: enumerated type mixed with another type
Control\LCDGraphics.c(172): warning:  #188-D: enumerated type mixed with another type
Control\LCDGraphics.c(175): warning:  #188-D: enumerated type mixed with another type
compiling LCDControl.c...
compiling IDManager.c...
compiling BoardButtons.c...
linking...
Program Size: Code=30704 RO-data=820 RW-data=136 ZI-data=4199672  
".\LedLightingSystem.axf" - 0 Errors, 8 Warning(s).

*** Performing Cross-Module-Optimization:
compiling Retarget.c...
compiling button.c...
compiling sensors.c...
compiling queue.c...
compiling tasks.c...
compiling port.c...
compiling lcd_grph.c...
compiling lcd_hw.c...
compiling Graphics.c...
compiling Shapes.c...
compiling LCDGraphics.c...
Control\LCDGraphics.c(95): warning:  #188-D: enumerated type mixed with another type
Control\LCDGraphics.c(102): warning:  #188-D: enumerated type mixed with another type
Control\LCDGraphics.c(109): warning:  #188-D: enumerated type mixed with another type
Control\LCDGraphics.c(116): warning:  #188-D: enumerated type mixed with another type
Control\LCDGraphics.c(166): warning:  #188-D: enumerated type mixed with another type
Control\LCDGraphics.c(169): warning:  #188-D: enumerated type mixed with another type
Control\LCDGraphics.c(172): warning:  #188-D: enumerated type mixed with another type
Control\LCDGraphics.c(175): warning:  #188-D: enumerated type mixed with another type
linking...
Program Size: Code=24244 RO-data=44 RW-data=132 ZI-data=4199676  
compiling Retarget.c...
compiling button.c...
compiling sensors.c...
compiling queue.c...
compiling tasks.c...
compiling port.c...
compiling lcd_grph.c...
compiling lcd_hw.c...
compiling Graphics.c...
compiling Shapes.c...
compiling LCDGraphics.c...
Control\LCDGraphics.c(95): warning:  #188-D: enumerated type mixed with another type
Control\LCDGraphics.c(102): warning:  #188-D: enumerated type mixed with another type
Control\LCDGraphics.c(109): warning:  #188-D: enumerated type mixed with another type
Control\LCDGraphics.c(116): warning:  #188-D: enumerated type mixed with another type
Control\LCDGraphics.c(166): warning:  #188-D: enumerated type mixed with another type
Control\LCDGraphics.c(169): warning:  #188-D: enumerated type mixed with another type
Control\LCDGraphics.c(172): warning:  #188-D: enumerated type mixed with another type
Control\LCDGraphics.c(175): warning:  #188-D: enumerated type mixed with another type
linking...
Program Size: Code=24244 RO-data=44 RW-data=132 ZI-data=4199676  
".\LedLightingSystem.axf" - 0 Errors, 8 Warning(s).
*** Completed Cross-Module-Optimization after 3 iteration(s).
Load "U:\\Quarks\\LedLightingSystem.axf" 
Erase Done.
Programming Done.
Verify OK.
Application running ...
Build target 'Internal Flash'
Clean started - Project: 'LedLightingSystem'
   deleting intermediate output files for target 'Internal Flash'
*** Scatter Error: no default 'Read/Write' range selected
assembling LPC2400.s...
compiling main.c...
compiling console.c...
compiling Retarget.c...
compiling serial.c...
assembling serialISR.s...
assembling lcdISR.s...
compiling button.c...
assembling buttonISR.s...
compiling sensors.c...
compiling list.c...
compiling queue.c...
compiling tasks.c...
compiling port.c...
assembling portASM.s...
compiling heap_3.c...
compiling font5x7.c...
compiling lcd_grph.c...
compiling lcd_hw.c...
compiling Components.c...
compiling Graphics.c...
compiling Shapes.c...
compiling LEDLights.c...
compiling LCDGraphics.c...
Control\LCDGraphics.c(95): warning:  #188-D: enumerated type mixed with another type
Control\LCDGraphics.c(102): warning:  #188-D: enumerated type mixed with another type
Control\LCDGraphics.c(109): warning:  #188-D: enumerated type mixed with another type
Control\LCDGraphics.c(116): warning:  #188-D: enumerated type mixed with another type
Control\LCDGraphics.c(166): warning:  #188-D: enumerated type mixed with another type
Control\LCDGraphics.c(169): warning:  #188-D: enumerated type mixed with another type
Control\LCDGraphics.c(172): warning:  #188-D: enumerated type mixed with another type
Control\LCDGraphics.c(175): warning:  #188-D: enumerated type mixed with another type
compiling LCDControl.c...
compiling IDManager.c...
compiling BoardButtons.c...
linking...
Program Size: Code=30512 RO-data=820 RW-data=136 ZI-data=4199672  
".\LedLightingSystem.axf" - 0 Errors, 8 Warning(s).

*** Performing Cross-Module-Optimization:
compiling Retarget.c...
compiling button.c...
compiling sensors.c...
compiling queue.c...
compiling tasks.c...
compiling port.c...
compiling lcd_grph.c...
compiling lcd_hw.c...
compiling Graphics.c...
compiling Shapes.c...
compiling LCDGraphics.c...
Control\LCDGraphics.c(95): warning:  #188-D: enumerated type mixed with another type
Control\LCDGraphics.c(102): warning:  #188-D: enumerated type mixed with another type
Control\LCDGraphics.c(109): warning:  #188-D: enumerated type mixed with another type
Control\LCDGraphics.c(116): warning:  #188-D: enumerated type mixed with another type
Control\LCDGraphics.c(166): warning:  #188-D: enumerated type mixed with another type
Control\LCDGraphics.c(169): warning:  #188-D: enumerated type mixed with another type
Control\LCDGraphics.c(172): warning:  #188-D: enumerated type mixed with another type
Control\LCDGraphics.c(175): warning:  #188-D: enumerated type mixed with another type
linking...
Program Size: Code=24052 RO-data=44 RW-data=132 ZI-data=4199676  
compiling Retarget.c...
compiling button.c...
compiling sensors.c...
compiling queue.c...
compiling tasks.c...
compiling port.c...
compiling lcd_grph.c...
compiling lcd_hw.c...
compiling Graphics.c...
compiling Shapes.c...
compiling LCDGraphics.c...
Control\LCDGraphics.c(95): warning:  #188-D: enumerated type mixed with another type
Control\LCDGraphics.c(102): warning:  #188-D: enumerated type mixed with another type
Control\LCDGraphics.c(109): warning:  #188-D: enumerated type mixed with another type
Control\LCDGraphics.c(116): warning:  #188-D: enumerated type mixed with another type
Control\LCDGraphics.c(166): warning:  #188-D: enumerated type mixed with another type
Control\LCDGraphics.c(169): warning:  #188-D: enumerated type mixed with another type
Control\LCDGraphics.c(172): warning:  #188-D: enumerated type mixed with another type
Control\LCDGraphics.c(175): warning:  #188-D: enumerated type mixed with another type
linking...
Program Size: Code=24052 RO-data=44 RW-data=132 ZI-data=4199676  
".\LedLightingSystem.axf" - 0 Errors, 8 Warning(s).
*** Completed Cross-Module-Optimization after 3 iteration(s).
Load "U:\\Quarks\\LedLightingSystem.axf" 
Erase Done.
Programming Done.
Verify OK.
Application running ...
Build target 'Internal Flash'
Clean started - Project: 'LedLightingSystem'
   deleting intermediate output files for target 'Internal Flash'
*** Scatter Error: no default 'Read/Write' range selected
assembling LPC2400.s...
compiling main.c...
compiling console.c...
compiling Retarget.c...
compiling serial.c...
assembling serialISR.s...
assembling lcdISR.s...
compiling button.c...
assembling buttonISR.s...
compiling sensors.c...
compiling list.c...
compiling queue.c...
compiling tasks.c...
compiling port.c...
assembling portASM.s...
compiling heap_3.c...
compiling font5x7.c...
compiling lcd_grph.c...
compiling lcd_hw.c...
compiling Components.c...
compiling Graphics.c...
compiling Shapes.c...
compiling LEDLights.c...
compiling LCDGraphics.c...
Control\LCDGraphics.c(95): warning:  #188-D: enumerated type mixed with another type
Control\LCDGraphics.c(102): warning:  #188-D: enumerated type mixed with another type
Control\LCDGraphics.c(109): warning:  #188-D: enumerated type mixed with another type
Control\LCDGraphics.c(116): warning:  #188-D: enumerated type mixed with another type
Control\LCDGraphics.c(166): warning:  #188-D: enumerated type mixed with another type
Control\LCDGraphics.c(169): warning:  #188-D: enumerated type mixed with another type
Control\LCDGraphics.c(172): warning:  #188-D: enumerated type mixed with another type
Control\LCDGraphics.c(175): warning:  #188-D: enumerated type mixed with another type
compiling LCDControl.c...
compiling IDManager.c...
compiling BoardButtons.c...
linking...
Program Size: Code=30516 RO-data=820 RW-data=136 ZI-data=4199672  
".\LedLightingSystem.axf" - 0 Errors, 8 Warning(s).

*** Performing Cross-Module-Optimization:
compiling Retarget.c...
compiling button.c...
compiling sensors.c...
compiling queue.c...
compiling tasks.c...
compiling port.c...
compiling lcd_grph.c...
compiling lcd_hw.c...
compiling Graphics.c...
compiling Shapes.c...
compiling LCDGraphics.c...
Control\LCDGraphics.c(95): warning:  #188-D: enumerated type mixed with another type
Control\LCDGraphics.c(102): warning:  #188-D: enumerated type mixed with another type
Control\LCDGraphics.c(109): warning:  #188-D: enumerated type mixed with another type
Control\LCDGraphics.c(116): warning:  #188-D: enumerated type mixed with another type
Control\LCDGraphics.c(166): warning:  #188-D: enumerated type mixed with another type
Control\LCDGraphics.c(169): warning:  #188-D: enumerated type mixed with another type
Control\LCDGraphics.c(172): warning:  #188-D: enumerated type mixed with another type
Control\LCDGraphics.c(175): warning:  #188-D: enumerated type mixed with another type
linking...
Program Size: Code=24056 RO-data=44 RW-data=132 ZI-data=4199676  
compiling Retarget.c...
compiling button.c...
compiling sensors.c...
compiling queue.c...
compiling tasks.c...
compiling port.c...
compiling lcd_grph.c...
compiling lcd_hw.c...
compiling Graphics.c...
compiling Shapes.c...
compiling LCDGraphics.c...
Control\LCDGraphics.c(95): warning:  #188-D: enumerated type mixed with another type
Control\LCDGraphics.c(102): warning:  #188-D: enumerated type mixed with another type
Control\LCDGraphics.c(109): warning:  #188-D: enumerated type mixed with another type
Control\LCDGraphics.c(116): warning:  #188-D: enumerated type mixed with another type
Control\LCDGraphics.c(166): warning:  #188-D: enumerated type mixed with another type
Control\LCDGraphics.c(169): warning:  #188-D: enumerated type mixed with another type
Control\LCDGraphics.c(172): warning:  #188-D: enumerated type mixed with another type
Control\LCDGraphics.c(175): warning:  #188-D: enumerated type mixed with another type
linking...
Program Size: Code=24056 RO-data=44 RW-data=132 ZI-data=4199676  
".\LedLightingSystem.axf" - 0 Errors, 8 Warning(s).
*** Completed Cross-Module-Optimization after 3 iteration(s).
Load "U:\\Quarks\\LedLightingSystem.axf" 
Erase Done.
Programming Done.
Verify OK.
Application running ...
