ARM Linker, 5.03 [Build 76] [MDK-ARM Lite]

==============================================================================

Section Cross References

    lpc2400.o(STACK) refers (Special) to heapauxi.o(.text) for __use_two_region_memory
    lpc2400.o(HEAP) refers (Special) to heapauxi.o(.text) for __use_two_region_memory
    lpc2400.o(RESET) refers (Special) to heapauxi.o(.text) for __use_two_region_memory
    lpc2400.o(RESET) refers to portasm.o(PORT_ASM) for vPortYieldProcessor
    lpc2400.o(RESET) refers to lpc2400.o(STACK) for Stack_Top
    lpc2400.o(RESET) refers to __main.o(!!!main) for __main
    lpc2400.o(.text) refers (Special) to heapauxi.o(.text) for __use_two_region_memory
    lpc2400.o(.text) refers to lpc2400.o(HEAP) for Heap_Mem
    lpc2400.o(.text) refers to lpc2400.o(STACK) for Stack_Mem
    main.o(.text) refers to lcd_hw.o(.text) for lcd_hw_init
    main.o(.text) refers to queue.o(.text) for xQueueGenericCreate
    main.o(.text) refers to console.o(.text) for vStartConsole
    main.o(.text) refers to lcdcontrol.o(.text) for vStartLcd
    main.o(.text) refers to ledlights.o(.text) for vStartLightsTask
    main.o(.text) refers to boardbuttons.o(.text) for vStartButtonsTask
    main.o(.text) refers to tasks.o(.text) for vTaskStartScheduler
    main.o(.text) refers to lcdisr.o(.text) for vLCD_ISREntry
    console.o(.text) refers to strlen.o(.text) for strlen
    console.o(.text) refers to serial.o(.text) for vSerialPutString
    console.o(.text) refers to tasks.o(.text) for xTaskCreate
    console.o(.text) refers to noretval__2printf.o(.text) for __2printf
    console.o(.text) refers to console.o(.data) for pcPrompt
    console.o(.data) refers to console.o(.conststring) for .conststring
    retarget.o(.text) refers (Special) to use_no_semi.o(.text) for __use_no_semihosting_swi
    retarget.o(.text) refers to console.o(.text) for xConsolePortHandle
    retarget.o(.text) refers to serial.o(.text) for xSerialPutChar
    retarget.o(.text) refers (Special) to use_no_semi.o(.text) for __use_no_semihosting_swi
    retarget.o(.text) refers to console.o(.text) for xConsolePortHandle
    retarget.o(.text) refers to serial.o(.text) for xSerialGetChar
    retarget.o(.data) refers (Special) to use_no_semi.o(.text) for __use_no_semihosting_swi
    serial.o(.text) refers to queue.o(.text) for xQueueGenericCreate
    serial.o(.text) refers to port.o(.text) for vPortEnterCritical
    serial.o(.text) refers to aeabi_sdiv.o(.text_udiv) for __aeabi_uidivmod
    serial.o(.text) refers to tasks.o(.text) for vTaskSwitchContext
    serial.o(.text) refers to serial.o(.data) for xRxedChars
    serial.o(.text) refers to serialisr.o(.text) for vUART_ISREntry
    serialisr.o(.text) refers to port.o(.data) for ulCriticalNesting
    serialisr.o(.text) refers to tasks.o(.data) for pxCurrentTCB
    serialisr.o(.text) refers to serial.o(.text) for vUART_ISRHandler
    lcdisr.o(.text) refers to port.o(.data) for ulCriticalNesting
    lcdisr.o(.text) refers to tasks.o(.data) for pxCurrentTCB
    lcdisr.o(.text) refers to lcdcontrol.o(.text) for vLCD_ISRHandler
    button.o(.text) refers to queue.o(.text) for xQueueGenericCreate
    button.o(.text) refers to button.o(.data) for xButtonQ
    button.o(.text) refers to buttonisr.o(.text) for vBUTTON_ISREntry
    button.o(.text) refers to queue.o(.text) for xQueueGenericSendFromISR
    button.o(.text) refers to tasks.o(.text) for vTaskSwitchContext
    button.o(.text) refers to button.o(.data) for uPressed
    buttonisr.o(.text) refers to port.o(.data) for ulCriticalNesting
    buttonisr.o(.text) refers to tasks.o(.data) for pxCurrentTCB
    buttonisr.o(.text) refers to button.o(.text) for vBUTTON_ISRHandler
    sensors.o(.text) refers to _printf_percent.o(.ARM.Collect$$_printf_percent$$00000000) for _printf_percent
    sensors.o(.text) refers to _printf_u.o(.ARM.Collect$$_printf_percent$$0000000A) for _printf_u
    sensors.o(.text) refers to _printf_s.o(.ARM.Collect$$_printf_percent$$00000014) for _printf_s
    sensors.o(.text) refers to _printf_dec.o(.text) for _printf_int_dec
    sensors.o(.text) refers to _printf_str.o(.text) for _printf_str
    sensors.o(.text) refers to noretval__2printf.o(.text) for __2printf
    sensors.o(.text) refers to tasks.o(.text) for xTaskGetTickCount
    sensors.o(.text) refers to sensors.o(.text) for getButtons
    sensors.o(.text) refers to tasks.o(.text) for xTaskCreate
    sensors.o(.text) refers to noretval__2printf.o(.text) for __2printf
    sensors.o(.text) refers to sensors.o(.text) for vSensorsTask
    queue.o(.text) refers to port.o(.text) for vPortEnterCritical
    queue.o(.text) refers to tasks.o(.text) for xTaskRemoveFromEventList
    queue.o(.text) refers to portasm.o(PORT_ASM) for vPortYield
    queue.o(.text) refers to list.o(.text) for vListInitialise
    queue.o(.text) refers to heap_3.o(.text) for pvPortMalloc
    queue.o(.text) refers to rt_memcpy.o(.text) for __aeabi_memcpy
[...]
    rtentry2.o(.ARM.Collect$$rtentry$$00000008) refers to boardinit2.o(.text) for _platform_post_stackheap_init
    rtentry2.o(.ARM.Collect$$rtentry$$0000000A) refers to libinit.o(.ARM.Collect$$libinit$$00000000) for __rt_lib_init
    rtentry2.o(.ARM.Collect$$rtentry$$0000000B) refers to boardinit3.o(.text) for _platform_post_lib_init
    rtentry2.o(.ARM.Collect$$rtentry$$0000000D) refers to exit.o(.text) for exit
    rtentry2.o(.ARM.Collect$$rtentry$$0000000D) refers to main.o(.text) for main
    rtentry2.o(.ARM.exidx) refers to rtentry2.o(.ARM.Collect$$rtentry$$00000001) for .ARM.Collect$$rtentry$$00000001
    rtentry2.o(.ARM.exidx) refers to rtentry2.o(.ARM.Collect$$rtentry$$00000008) for .ARM.Collect$$rtentry$$00000008
    rtentry2.o(.ARM.exidx) refers to rtentry2.o(.ARM.Collect$$rtentry$$0000000A) for .ARM.Collect$$rtentry$$0000000A
    rtentry2.o(.ARM.exidx) refers to rtentry2.o(.ARM.Collect$$rtentry$$0000000B) for .ARM.Collect$$rtentry$$0000000B
    rtentry2.o(.ARM.exidx) refers to rtentry2.o(.ARM.Collect$$rtentry$$0000000D) for .ARM.Collect$$rtentry$$0000000D
    rtentry4.o(.ARM.Collect$$rtentry$$00000004) refers to sys_stackheap_outer.o(.text) for __user_setup_stackheap
    rtentry4.o(.ARM.exidx) refers to rtentry4.o(.ARM.Collect$$rtentry$$00000004) for .ARM.Collect$$rtentry$$00000004
    rt_div0.o(.text) refers to defsig_fpe_outer.o(.text) for __rt_SIGFPE
    maybetermalloc2.o(.emb_text) refers (Special) to term_alloc.o(.text) for _terminate_alloc
    h1_extend.o(.text) refers to h1_free.o(.text) for free
    h1_extend_mt.o(.text) refers to h1_free_mt.o(.text) for _free_internal
    _printf_char_common.o(.text) refers to __printf.o(.text) for __printf
    defsig_rtmem_outer.o(.text) refers to defsig_rtmem_inner.o(.text) for __rt_SIGRTMEM_inner
    defsig_rtmem_outer.o(.text) refers to defsig_exit.o(.text) for __sig_exit
    defsig_rtmem_formal.o(.text) refers to rt_raise.o(.text) for __rt_raise
    heapauxa.o(.text) refers to heapauxa.o(.data) for .data
    argv_veneer.o(.emb_text) refers to no_argv.o(.text) for __ARM_get_argv
    sys_stackheap_outer.o(.text) refers to libspace.o(.text) for __user_perproc_libspace
    sys_stackheap_outer.o(.text) refers to lpc2400.o(.text) for __user_initial_stackheap
    rt_raise.o(.text) refers to __raise.o(.text) for __raise
    rt_raise.o(.text) refers to retarget.o(.text) for _sys_exit
    term_alloc.o(.text) refers (Special) to libshutdown2.o(.ARM.Collect$$libshutdown$$0000000D) for __rt_lib_shutdown_heap_2
    term_alloc.o(.text) refers to rt_heap_descriptor_intlibspace.o(.text) for __rt_heap_descriptor
    __printf_nopercent.o(.text) refers to __printf_nopercent.o(i.__ARM_common_call_via_r7) for __ARM_common_call_via_r7
    __printf_nopercent.o(.text) refers to heap2.o(i.__ARM_common_call_via_r5) for __ARM_common_call_via_r5
    exit.o(.text) refers to rtexit.o(.ARM.Collect$$rtexit$$00000000) for __rt_exit
    defsig_exit.o(.text) refers to retarget.o(.text) for _sys_exit
    defsig_fpe_outer.o(.text) refers to defsig_fpe_inner.o(.text) for __rt_SIGFPE_inner
    defsig_fpe_outer.o(.text) refers to defsig_exit.o(.text) for __sig_exit
    defsig_fpe_formal.o(.text) refers to rt_raise.o(.text) for __rt_raise
    defsig_rtmem_inner.o(.text) refers to defsig_general.o(.text) for __default_signal_display
    _get_argv_nomalloc.o(.text) refers (Special) to hrguard.o(.text) for __heap_region$guard
    _get_argv_nomalloc.o(.text) refers to defsig_rtmem_outer.o(.text) for __rt_SIGRTMEM
    _get_argv_nomalloc.o(.text) refers to sys_command.o(.text) for _sys_command_string
    libinit.o(.ARM.Collect$$libinit$$00000000) refers (Special) to libinit2.o(.ARM.Collect$$libinit$$0000002C) for __rt_lib_init_alloca_1
    libinit.o(.ARM.Collect$$libinit$$00000000) refers (Special) to libinit2.o(.ARM.Collect$$libinit$$0000002A) for __rt_lib_init_argv_1
    libinit.o(.ARM.Collect$$libinit$$00000000) refers (Special) to libinit2.o(.ARM.Collect$$libinit$$00000019) for __rt_lib_init_atexit_1
    libinit.o(.ARM.Collect$$libinit$$00000000) refers (Special) to libinit2.o(.ARM.Collect$$libinit$$0000001F) for __rt_lib_init_clock_1
    libinit.o(.ARM.Collect$$libinit$$00000000) refers (Special) to libinit2.o(.ARM.Collect$$libinit$$00000030) for __rt_lib_init_cpp_1
    libinit.o(.ARM.Collect$$libinit$$00000000) refers (Special) to libinit2.o(.ARM.Collect$$libinit$$0000002E) for __rt_lib_init_exceptions_1
    libinit.o(.ARM.Collect$$libinit$$00000000) refers (Special) to libinit2.o(.ARM.Collect$$libinit$$00000002) for __rt_lib_init_fp_1
    libinit.o(.ARM.Collect$$libinit$$00000000) refers (Special) to libinit2.o(.ARM.Collect$$libinit$$0000001D) for __rt_lib_init_fp_trap_1
    libinit.o(.ARM.Collect$$libinit$$00000000) refers (Special) to libinit2.o(.ARM.Collect$$libinit$$00000021) for __rt_lib_init_getenv_1
    libinit.o(.ARM.Collect$$libinit$$00000000) refers (Special) to libinit2.o(.ARM.Collect$$libinit$$00000008) for __rt_lib_init_heap_1
    libinit.o(.ARM.Collect$$libinit$$00000000) refers (Special) to libinit2.o(.ARM.Collect$$libinit$$0000000F) for __rt_lib_init_lc_collate_1
    libinit.o(.ARM.Collect$$libinit$$00000000) refers (Special) to libinit2.o(.ARM.Collect$$libinit$$00000011) for __rt_lib_init_lc_ctype_1
    libinit.o(.ARM.Collect$$libinit$$00000000) refers (Special) to libinit2.o(.ARM.Collect$$libinit$$00000013) for __rt_lib_init_lc_monetary_1
    libinit.o(.ARM.Collect$$libinit$$00000000) refers (Special) to libinit2.o(.ARM.Collect$$libinit$$00000015) for __rt_lib_init_lc_numeric_1
    libinit.o(.ARM.Collect$$libinit$$00000000) refers (Special) to libinit2.o(.ARM.Collect$$libinit$$00000017) for __rt_lib_init_lc_time_1
    libinit.o(.ARM.Collect$$libinit$$00000000) refers (Special) to libinit2.o(.ARM.Collect$$libinit$$0000000C) for __rt_lib_init_rand_1
    libinit.o(.ARM.Collect$$libinit$$00000000) refers (Special) to libinit2.o(.ARM.Collect$$libinit$$00000031) for __rt_lib_init_return
    libinit.o(.ARM.Collect$$libinit$$00000000) refers (Special) to libinit2.o(.ARM.Collect$$libinit$$0000001B) for __rt_lib_init_signal_1
    libinit.o(.ARM.Collect$$libinit$$00000000) refers (Special) to libinit2.o(.ARM.Collect$$libinit$$00000023) for __rt_lib_init_stdio_1
    libinit.o(.ARM.Collect$$libinit$$00000000) refers (Special) to libinit2.o(.ARM.Collect$$libinit$$0000000A) for __rt_lib_init_user_alloc_1
    rtexit.o(.ARM.Collect$$rtexit$$00000000) refers (Special) to rtexit2.o(.ARM.Collect$$rtexit$$00000004) for __rt_exit_exit
    rtexit.o(.ARM.Collect$$rtexit$$00000000) refers (Special) to rtexit2.o(.ARM.Collect$$rtexit$$00000003) for __rt_exit_ls
    rtexit.o(.ARM.Collect$$rtexit$$00000000) refers (Special) to rtexit2.o(.ARM.Collect$$rtexit$$00000002) for __rt_exit_prels_1
    rtexit.o(.ARM.exidx) refers (Special) to rtexit2.o(.ARM.Collect$$rtexit$$00000004) for __rt_exit_exit
    rtexit.o(.ARM.exidx) refers (Special) to rtexit2.o(.ARM.Collect$$rtexit$$00000003) for __rt_exit_ls
    rtexit.o(.ARM.exidx) refers (Special) to rtexit2.o(.ARM.Collect$$rtexit$$00000002) for __rt_exit_prels_1
    rtexit.o(.ARM.exidx) refers to rtexit.o(.ARM.Collect$$rtexit$$00000000) for .ARM.Collect$$rtexit$$00000000
    __raise.o(.text) refers to __printf.o(i.__ARM_common_call_via_r2) for __ARM_common_call_via_r2
    __raise.o(.text) refers to defsig.o(CL$$defsig) for __default_signal_handler
    defsig_general.o(.text) refers to retarget.o(.text) for _ttywrch
    defsig_fpe_inner.o(.text) refers to defsig_general.o(.text) for __default_signal_display
    libshutdown2.o(.ARM.Collect$$libshutdown$$0000000C) refers (Weak) to term_alloc.o(.text) for _terminate_alloc
    rtexit2.o(.ARM.Collect$$rtexit$$00000003) refers to libshutdown.o(.ARM.Collect$$libshutdown$$00000000) for __rt_lib_shutdown
    rtexit2.o(.ARM.Collect$$rtexit$$00000004) refers to retarget.o(.text) for _sys_exit
    rtexit2.o(.ARM.exidx) refers to rtexit2.o(.ARM.Collect$$rtexit$$00000001) for .ARM.Collect$$rtexit$$00000001
    rtexit2.o(.ARM.exidx) refers to rtexit2.o(.ARM.Collect$$rtexit$$00000003) for .ARM.Collect$$rtexit$$00000003
    rtexit2.o(.ARM.exidx) refers to rtexit2.o(.ARM.Collect$$rtexit$$00000004) for .ARM.Collect$$rtexit$$00000004
    defsig.o(CL$$defsig) refers to defsig_fpe_inner.o(.text) for __rt_SIGFPE_inner
    defsig.o(CL$$defsig) refers to defsig_rtmem_inner.o(.text) for __rt_SIGRTMEM_inner
    defsig_abrt_inner.o(.text) refers to defsig_general.o(.text) for __default_signal_display
    defsig_rtred_inner.o(.text) refers to defsig_general.o(.text) for __default_signal_display
    defsig_stak_inner.o(.text) refers to defsig_general.o(.text) for __default_signal_display
    defsig_pvfn_inner.o(.text) refers to defsig_general.o(.text) for __default_signal_display
    defsig_cppl_inner.o(.text) refers to defsig_general.o(.text) for __default_signal_display
    defsig_segv_inner.o(.text) refers to defsig_general.o(.text) for __default_signal_display
    defsig_other.o(.text) refers to defsig_general.o(.text) for __default_signal_display
    libshutdown.o(.ARM.Collect$$libshutdown$$00000000) refers (Special) to libshutdown2.o(.ARM.Collect$$libshutdown$$00000006) for __rt_lib_shutdown_fp_trap_1
    libshutdown.o(.ARM.Collect$$libshutdown$$00000000) refers (Special) to libshutdown2.o(.ARM.Collect$$libshutdown$$0000000E) for __rt_lib_shutdown_heap_1
    libshutdown.o(.ARM.Collect$$libshutdown$$00000000) refers (Special) to libshutdown2.o(.ARM.Collect$$libshutdown$$0000000F) for __rt_lib_shutdown_return
    libshutdown.o(.ARM.Collect$$libshutdown$$00000000) refers (Special) to libshutdown2.o(.ARM.Collect$$libshutdown$$00000009) for __rt_lib_shutdown_signal_1
    libshutdown.o(.ARM.Collect$$libshutdown$$00000000) refers (Special) to libshutdown2.o(.ARM.Collect$$libshutdown$$00000003) for __rt_lib_shutdown_stdio_1
    libshutdown.o(.ARM.Collect$$libshutdown$$00000000) refers (Special) to libshutdown2.o(.ARM.Collect$$libshutdown$$0000000B) for __rt_lib_shutdown_user_alloc_1


==============================================================================

Removing Unused input sections from the image.

    Removing retarget.o(.text), (68 bytes).
    Removing button.o(.text), (172 bytes).
    Removing button.o(.text), (212 bytes).
    Removing button.o(.data), (8 bytes).
    Removing buttonisr.o(.text), (148 bytes).
    Removing sensors.o(.text), (296 bytes).
    Removing sensors.o(.text), (200 bytes).
    Removing sensors.o(.text), (188 bytes).
    Removing queue.o(.text), (76 bytes).
    Removing queue.o(.text), (32 bytes).
    Removing queue.o(.text), (44 bytes).
    Removing queue.o(.text), (12 bytes).
    Removing queue.o(.text), (28 bytes).
    Removing queue.o(.text), (32 bytes).
    Removing queue.o(.text), (36 bytes).
    Removing tasks.o(.text), (244 bytes).
    Removing tasks.o(.text), (64 bytes).
    Removing tasks.o(.text), (48 bytes).
    Removing tasks.o(.text), (320 bytes).
    Removing tasks.o(.text), (220 bytes).
    Removing tasks.o(.text), (172 bytes).
    Removing tasks.o(.text), (192 bytes).
    Removing tasks.o(.text), (44 bytes).
    Removing tasks.o(.text), (20 bytes).
    Removing tasks.o(.text), (16 bytes).
    Removing tasks.o(.text), (44 bytes).
    Removing tasks.o(.text), (76 bytes).
    Removing tasks.o(.text), (172 bytes).
    Removing tasks.o(.text), (48 bytes).
    Removing tasks.o(.text), (184 bytes).
    Removing tasks.o(.text), (232 bytes).
    Removing tasks.o(.text), (312 bytes).
    Removing tasks.o(.text), (388 bytes).
    Removing tasks.o(.text), (236 bytes).
    Removing tasks.o(.text), (92 bytes).
    Removing port.o(.text), (4 bytes).
    Removing font5x7.o(.constdata), (768 bytes).
    Removing lcd_grph.o(.text), (112 bytes).
    Removing lcd_grph.o(.text), (72 bytes).
    Removing lcd_grph.o(.text), (196 bytes).
    Removing lcd_grph.o(.text), (164 bytes).
    Removing lcd_grph.o(.text), (124 bytes).
    Removing lcd_grph.o(.text), (112 bytes).
    Removing lcd_grph.o(.text), (188 bytes).
    Removing lcd_grph.o(.text), (536 bytes).
    Removing lcd_grph.o(.text), (1184 bytes).
    Removing lcd_grph.o(.text), (260 bytes).
    Removing lcd_grph.o(.text), (92 bytes).
    Removing lcd_grph.o(.text), (28 bytes).
    Removing lcd_grph.o(.text), (84 bytes).
    Removing lcd_grph.o(.text), (60 bytes).
    Removing lcd_grph.o(.text), (36 bytes).
    Removing lcd_grph.o(.text), (76 bytes).
    Removing lcd_grph.o(.constdata), (8 bytes).
    Removing lcd_grph.o(.data), (4 bytes).
    Removing lcd_hw.o(.text), (40 bytes).
    Removing graphics.o(.text), (116 bytes).
    Removing graphics.o(.text), (68 bytes).
    Removing graphics.o(.text), (160 bytes).
    Removing graphics.o(.text), (168 bytes).
    Removing graphics.o(.text), (536 bytes).
    Removing graphics.o(.text), (1184 bytes).
    Removing graphics.o(.text), (36 bytes).
    Removing graphics.o(.text), (260 bytes).
    Removing graphics.o(.text), (92 bytes).
    Removing graphics.o(.text), (28 bytes).
    Removing graphics.o(.text), (84 bytes).
    Removing graphics.o(.text), (60 bytes).
    Removing graphics.o(.text), (36 bytes).
    Removing graphics.o(.text), (76 bytes).
    Removing graphics.o(.text), (36 bytes).
    Removing graphics.o(.constdata), (8 bytes).
    Removing graphics.o(.data), (4 bytes).
    Removing shapes.o(.text), (8 bytes).
    Removing lcdgraphics.o(.text), (168 bytes).
    Removing lcdgraphics.o(.text), (76 bytes).

76 unused section(s) (total 12028 bytes) removed from the image.

==============================================================================

Adding Veneers to the image

    Adding TA veneer (4 bytes, Inline) for call to '_printf_percent' from __printf.o(.text).
    Adding AT veneer (8 bytes, Inline) for call to '__rt_lib_init' from rtentry2.o(.ARM.Collect$$rtentry$$0000000A).
    Adding AT veneer (8 bytes, Inline) for call to '__rt_lib_shutdown' from rtexit2.o(.ARM.Collect$$rtexit$$00000003).
    Adding TA veneer (4 bytes, Inline) for call to '__rt_exit' from exit.o(.text).
    Adding AT veneer (8 bytes, Inline) for call to 'malloc' from heap_3.o(.text).
    Adding AT veneer (8 bytes, Inline) for call to 'free' from heap_3.o(.text).
    Adding AT veneer (8 bytes, Inline) for call to '__2printf' from console.o(.text).
    Adding AT veneer (8 bytes, Inline) for call to '_printf_int_dec' from _printf_i.o(.ARM.Collect$$_printf_percent$$00000008).
    Adding AT veneer (8 bytes, Inline) for call to 'strlen' from console.o(.text).
    Adding TA veneer (4 bytes, Inline) for call to '__rt_heap_descriptor' from h1_alloc.o(.text).
    Adding TA veneer (4 bytes, Inline) for call to '__rt_udiv10' from _printf_dec.o(.text).
    Adding TA veneer (8 bytes, Short) for call to 'ferror' from _printf_char_file.o(.text).
    Adding TA veneer (8 bytes, Short) for call to '_sys_exit' from defsig_exit.o(.text).
    Adding TA veneer (8 bytes, Short) for call to '_ttywrch' from defsig_general.o(.text).

14 Veneer(s) (total 96 bytes) added to the image.

==============================================================================

Image Symbol Table

    Local Symbols

    Symbol Name                              Value     Ov Type        Size  Object(Section)

    RESET                                    0x00000000   Section      832  lpc2400.o(RESET)
    ../clib/angel/boardlib.s                 0x00000000   Number         0  boardinit2.o ABSOLUTE
    ../clib/angel/boardlib.s                 0x00000000   Number         0  boardinit1.o ABSOLUTE
    ../clib/angel/boardlib.s                 0x00000000   Number         0  boardshut.o ABSOLUTE
    ../clib/angel/boardlib.s                 0x00000000   Number         0  boardinit3.o ABSOLUTE
    ../clib/angel/handlers.s                 0x00000000   Number         0  __scatter_copy.o ABSOLUTE
    ../clib/angel/handlers.s                 0x00000000   Number         0  __scatter_zi.o ABSOLUTE
    ../clib/angel/kernel.s                   0x00000000   Number         0  rtentry.o ABSOLUTE
    ../clib/angel/kernel.s                   0x00000000   Number         0  rtexit.o ABSOLUTE
    ../clib/angel/kernel.s                   0x00000000   Number         0  rtexit2.o ABSOLUTE
    ../clib/angel/kernel.s                   0x00000000   Number         0  rtentry2.o ABSOLUTE
    ../clib/angel/kernel.s                   0x00000000   Number         0  rtentry4.o ABSOLUTE
    ../clib/angel/rt.s                       0x00000000   Number         0  rt_heap_descriptor_intlibspace.o ABSOLUTE
    ../clib/angel/rt.s                       0x00000000   Number         0  rt_heap_descriptor.o ABSOLUTE
    ../clib/angel/rt.s                       0x00000000   Number         0  aeabi_idiv0.o ABSOLUTE
    ../clib/angel/rt.s                       0x00000000   Number         0  aeabi_idiv0_sigfpe.o ABSOLUTE
    ../clib/angel/rt.s                       0x00000000   Number         0  rt_raise.o ABSOLUTE
    ../clib/angel/rt.s                       0x00000000   Number         0  rt_div0.o ABSOLUTE
    ../clib/angel/scatter.s                  0x00000000   Number         0  __scatter.o ABSOLUTE
    ../clib/angel/startup.s                  0x00000000   Number         0  __main.o ABSOLUTE
    ../clib/angel/sys.s                      0x00000000   Number         0  mutex_dummy.o ABSOLUTE
    ../clib/angel/sys.s                      0x00000000   Number         0  use_no_semi.o ABSOLUTE
    ../clib/angel/sys.s                      0x00000000   Number         0  libspace.o ABSOLUTE
    ../clib/angel/sys.s                      0x00000000   Number         0  indicate_semi.o ABSOLUTE
    ../clib/angel/sys.s                      0x00000000   Number         0  sys_stackheap_outer.o ABSOLUTE
    ../clib/angel/sysapp.c                   0x00000000   Number         0  sys_command.o ABSOLUTE
    ../clib/armsys.c                         0x00000000   Number         0  _get_argv.o ABSOLUTE
    ../clib/armsys.c                         0x00000000   Number         0  no_argv.o ABSOLUTE
    ../clib/armsys.c                         0x00000000   Number         0  argv_veneer.o ABSOLUTE
    ../clib/armsys.c                         0x00000000   Number         0  argv_veneer.o ABSOLUTE
    ../clib/armsys.c                         0x00000000   Number         0  _get_argv_nomalloc.o ABSOLUTE
    ../clib/division.s                       0x00000000   Number         0  rtudiv10.o ABSOLUTE
    ../clib/division.s                       0x00000000   Number         0  aeabi_sdiv.o ABSOLUTE
    ../clib/division.s                       0x00000000   Number         0  aeabi_sdiv_div0.o ABSOLUTE
    ../clib/divrt.s                          0x00000000   Number         0  divrt_7tdmi.o ABSOLUTE
    ../clib/divrt.s                          0x00000000   Number         0  divrt_7tdmi_div0.o ABSOLUTE
    ../clib/heap1.c                          0x00000000   Number         0  h1_init_mt.o ABSOLUTE
    ../clib/heap1.c                          0x00000000   Number         0  h1_alloc.o ABSOLUTE
    ../clib/heap1.c                          0x00000000   Number         0  h1_final.o ABSOLUTE
    ../clib/heap1.c                          0x00000000   Number         0  h1_extend_mt.o ABSOLUTE
    ../clib/heap1.c                          0x00000000   Number         0  h1_extend.o ABSOLUTE
    ../clib/heap1.c                          0x00000000   Number         0  h1_free_mt.o ABSOLUTE
    ../clib/heap1.c                          0x00000000   Number         0  h1_alloc_mt.o ABSOLUTE
    ../clib/heap1.c                          0x00000000   Number         0  h1_final_mt.o ABSOLUTE
    ../clib/heap1.c                          0x00000000   Number         0  h1_free.o ABSOLUTE
    ../clib/heap1.c                          0x00000000   Number         0  h1_init.o ABSOLUTE
    ../clib/heap2.c                          0x00000000   Number         0  fdtree.o ABSOLUTE
    ../clib/heap2.c                          0x00000000   Number         0  heap2.o ABSOLUTE
    ../clib/heap2.c                          0x00000000   Number         0  heap2mt.o ABSOLUTE
    ../clib/heapalloc.c                      0x00000000   Number         0  heapstubs.o ABSOLUTE
    ../clib/heapalloc.c                      0x00000000   Number         0  malloc.o ABSOLUTE
    ../clib/heapalloc.c                      0x00000000   Number         0  free.o ABSOLUTE
    ../clib/heapalloc.c                      0x00000000   Number         0  init_alloc.o ABSOLUTE
    ../clib/heapalloc.c                      0x00000000   Number         0  hguard.o ABSOLUTE
    ../clib/heapalloc.c                      0x00000000   Number         0  hrguard.o ABSOLUTE
    ../clib/heapalloc.c                      0x00000000   Number         0  term_alloc.o ABSOLUTE
    ../clib/heapalloc.c                      0x00000000   Number         0  maybetermalloc2.o ABSOLUTE
    ../clib/heapalloc.c                      0x00000000   Number         0  maybetermalloc2.o ABSOLUTE
    ../clib/heapalloc.c                      0x00000000   Number         0  maybetermalloc1.o ABSOLUTE
    ../clib/heapalloc.c                      0x00000000   Number         0  maybetermalloc1.o ABSOLUTE
    ../clib/heapaux.c                        0x00000000   Number         0  heapauxi.o ABSOLUTE
    ../clib/heapaux.c                        0x00000000   Number         0  heapauxa.o ABSOLUTE
    ../clib/libinit.s                        0x00000000   Number         0  libinit.o ABSOLUTE
    ../clib/libinit.s                        0x00000000   Number         0  libinit2.o ABSOLUTE
    ../clib/libinit.s                        0x00000000   Number         0  libshutdown2.o ABSOLUTE
    ../clib/libinit.s                        0x00000000   Number         0  libshutdown.o ABSOLUTE
    ../clib/memcpset.s                       0x00000000   Number         0  rt_memcpy_w.o ABSOLUTE
    ../clib/memcpset.s                       0x00000000   Number         0  rt_memcpy.o ABSOLUTE
    ../clib/printf.c                         0x00000000   Number         0  __2printf.o ABSOLUTE
    ../clib/printf.c                         0x00000000   Number         0  noretval__2printf.o ABSOLUTE
    ../clib/printf.c                         0x00000000   Number         0  __printf.o ABSOLUTE
    ../clib/printf.c                         0x00000000   Number         0  _printf_str.o ABSOLUTE
    ../clib/printf.c                         0x00000000   Number         0  _printf_dec.o ABSOLUTE
    ../clib/printf.c                         0x00000000   Number         0  _printf_char.o ABSOLUTE
    ../clib/printf.c                         0x00000000   Number         0  __printf_flags.o ABSOLUTE
    ../clib/printf.c                         0x00000000   Number         0  __printf_ss.o ABSOLUTE
    ../clib/printf.c                         0x00000000   Number         0  __printf_flags_ss.o ABSOLUTE
    ../clib/printf.c                         0x00000000   Number         0  _printf_char_file.o ABSOLUTE
    ../clib/printf.c                         0x00000000   Number         0  __printf_flags_wp.o ABSOLUTE
    ../clib/printf.c                         0x00000000   Number         0  _printf_char_common.o ABSOLUTE
    ../clib/printf.c                         0x00000000   Number         0  __printf_nopercent.o ABSOLUTE
    ../clib/printf.c                         0x00000000   Number         0  __printf_flags_ss_wp.o ABSOLUTE
    ../clib/printf.c                         0x00000000   Number         0  _printf_intcommon.o ABSOLUTE
    ../clib/printf.c                         0x00000000   Number         0  __printf_ss_wp.o ABSOLUTE
    ../clib/printf.c                         0x00000000   Number         0  __printf_wp.o ABSOLUTE
    ../clib/printf_percent.s                 0x00000000   Number         0  _printf_percent.o ABSOLUTE
    ../clib/printf_percent.s                 0x00000000   Number         0  _printf_u.o ABSOLUTE
    ../clib/printf_percent.s                 0x00000000   Number         0  _printf_percent_end.o ABSOLUTE
    ../clib/printf_percent.s                 0x00000000   Number         0  _printf_i.o ABSOLUTE
    ../clib/printf_percent.s                 0x00000000   Number         0  _printf_s.o ABSOLUTE
    ../clib/signal.c                         0x00000000   Number         0  __raise.o ABSOLUTE
    ../clib/signal.c                         0x00000000   Number         0  defsig_rtmem_inner.o ABSOLUTE
    ../clib/signal.c                         0x00000000   Number         0  defsig_fpe_formal.o ABSOLUTE
    ../clib/signal.c                         0x00000000   Number         0  defsig_fpe_outer.o ABSOLUTE
    ../clib/signal.c                         0x00000000   Number         0  defsig_stak_inner.o ABSOLUTE
    ../clib/signal.c                         0x00000000   Number         0  defsig_cppl_inner.o ABSOLUTE
    ../clib/signal.c                         0x00000000   Number         0  defsig_segv_inner.o ABSOLUTE
    ../clib/signal.c                         0x00000000   Number         0  defsig_other.o ABSOLUTE
    ../clib/signal.c                         0x00000000   Number         0  defsig_general.o ABSOLUTE
    ../clib/signal.c                         0x00000000   Number         0  defsig_fpe_inner.o ABSOLUTE
    ../clib/signal.c                         0x00000000   Number         0  defsig_exit.o ABSOLUTE
    ../clib/signal.c                         0x00000000   Number         0  defsig_pvfn_inner.o ABSOLUTE
    ../clib/signal.c                         0x00000000   Number         0  defsig_rtmem_formal.o ABSOLUTE
    ../clib/signal.c                         0x00000000   Number         0  defsig_rtmem_outer.o ABSOLUTE
    ../clib/signal.c                         0x00000000   Number         0  defsig_abrt_inner.o ABSOLUTE
    ../clib/signal.c                         0x00000000   Number         0  defsig_rtred_inner.o ABSOLUTE
    ../clib/signal.s                         0x00000000   Number         0  defsig.o ABSOLUTE
    ../clib/stdlib.c                         0x00000000   Number         0  exit.o ABSOLUTE
    ../clib/string.c                         0x00000000   Number         0  strlen.o ABSOLUTE
    ../fplib/fpinit.s                        0x00000000   Number         0  fpinit.o ABSOLUTE
    ..\FreeRTOS\Source\list.c                0x00000000   Number         0  list.o ABSOLUTE
    ..\FreeRTOS\Source\portable\MemMang\heap_3.c 0x00000000   Number         0  heap_3.o ABSOLUTE
    ..\FreeRTOS\Source\portable\TCD\ARM7_LPC2468\port.c 0x00000000   Number         0  port.o ABSOLUTE
    ..\FreeRTOS\Source\portable\TCD\ARM7_LPC2468\portASM.s 0x00000000   Number         0  portasm.o ABSOLUTE
    ..\FreeRTOS\Source\queue.c               0x00000000   Number         0  queue.o ABSOLUTE
    ..\FreeRTOS\Source\tasks.c               0x00000000   Number         0  tasks.o ABSOLUTE
    Control\BoardButtons.c                   0x00000000   Number         0  boardbuttons.o ABSOLUTE
    Control\Components.c                     0x00000000   Number         0  components.o ABSOLUTE
    Control\Graphics.c                       0x00000000   Number         0  graphics.o ABSOLUTE
    Control\IDManager.c                      0x00000000   Number         0  idmanager.o ABSOLUTE
    Control\LCDControl.c                     0x00000000   Number         0  lcdcontrol.o ABSOLUTE
    Control\LCDGraphics.c                    0x00000000   Number         0  lcdgraphics.o ABSOLUTE
    Control\LEDLights.c                      0x00000000   Number         0  ledlights.o ABSOLUTE
    Control\Shapes.c                         0x00000000   Number         0  shapes.o ABSOLUTE
    LCD\font5x7.c                            0x00000000   Number         0  font5x7.o ABSOLUTE
    LCD\lcd_grph.c                           0x00000000   Number         0  lcd_grph.o ABSOLUTE
    LCD\lcd_hw.c                             0x00000000   Number         0  lcd_hw.o ABSOLUTE
    LPC2400.s                                0x00000000   Number         0  lpc2400.o ABSOLUTE
    Retarget.c                               0x00000000   Number         0  retarget.o ABSOLUTE
    button.c                                 0x00000000   Number         0  button.o ABSOLUTE
    buttonISR.s                              0x00000000   Number         0  buttonisr.o ABSOLUTE
    console.c                                0x00000000   Number         0  console.o ABSOLUTE
    dc.s                                     0x00000000   Number         0  dc.o ABSOLUTE
    lcdISR.s                                 0x00000000   Number         0  lcdisr.o ABSOLUTE
    main.c                                   0x00000000   Number         0  main.o ABSOLUTE
    sensors.c                                0x00000000   Number         0  sensors.o ABSOLUTE
    serial.c                                 0x00000000   Number         0  serial.o ABSOLUTE
    serialISR.s                              0x00000000   Number         0  serialisr.o ABSOLUTE
    Undef_Handler                            0x00000040   ARM Code       4  lpc2400.o(RESET)
    PAbt_Handler                             0x00000048   ARM Code       4  lpc2400.o(RESET)
    DAbt_Handler                             0x0000004c   ARM Code       4  lpc2400.o(RESET)
    IRQ_Handler                              0x00000050   ARM Code       4  lpc2400.o(RESET)
    !!!main                                  0x00000340   Section        8  __main.o(!!!main)
    !!!scatter                               0x00000348   Section       60  __scatter.o(!!!scatter)
    !!handler_copy                           0x00000384   Section       40  __scatter_copy.o(!!handler_copy)
    !!handler_zi                             0x000003ac   Section       44  __scatter_zi.o(!!handler_zi)
    .ARM.Collect$$_printf_percent$$00000000  0x000003dc   Section        0  _printf_percent.o(.ARM.Collect$$_printf_percent$$00000000)
    .ARM.Collect$$_printf_percent$$00000008  0x000003dc   Section        8  _printf_i.o(.ARM.Collect$$_printf_percent$$00000008)
    .ARM.Collect$$_printf_percent$$00000017  0x000003e4   Section        8  _printf_percent_end.o(.ARM.Collect$$_printf_percent$$00000017)
    .ARM.Collect$$libinit$$00000000          0x000003f4   Section        2  libinit.o(.ARM.Collect$$libinit$$00000000)
    .ARM.Collect$$libinit$$00000002          0x000003f6   Section        0  libinit2.o(.ARM.Collect$$libinit$$00000002)
    .ARM.Collect$$libinit$$00000003          0x000003f6   Section        8  libinit2.o(.ARM.Collect$$libinit$$00000003)
    .ARM.Collect$$libinit$$00000008          0x000003fe   Section        0  libinit2.o(.ARM.Collect$$libinit$$00000008)
    .ARM.Collect$$libinit$$0000000A          0x000003fe   Section        0  libinit2.o(.ARM.Collect$$libinit$$0000000A)
    .ARM.Collect$$libinit$$0000000C          0x000003fe   Section        0  libinit2.o(.ARM.Collect$$libinit$$0000000C)
    .ARM.Collect$$libinit$$0000000F          0x000003fe   Section        0  libinit2.o(.ARM.Collect$$libinit$$0000000F)
    .ARM.Collect$$libinit$$00000011          0x000003fe   Section        0  libinit2.o(.ARM.Collect$$libinit$$00000011)
    .ARM.Collect$$libinit$$00000013          0x000003fe   Section        0  libinit2.o(.ARM.Collect$$libinit$$00000013)
    .ARM.Collect$$libinit$$00000015          0x000003fe   Section        0  libinit2.o(.ARM.Collect$$libinit$$00000015)
    .ARM.Collect$$libinit$$00000017          0x000003fe   Section        0  libinit2.o(.ARM.Collect$$libinit$$00000017)
    .ARM.Collect$$libinit$$00000019          0x000003fe   Section        0  libinit2.o(.ARM.Collect$$libinit$$00000019)
    .ARM.Collect$$libinit$$0000001B          0x000003fe   Section        0  libinit2.o(.ARM.Collect$$libinit$$0000001B)
    .ARM.Collect$$libinit$$0000001D          0x000003fe   Section        0  libinit2.o(.ARM.Collect$$libinit$$0000001D)
    .ARM.Collect$$libinit$$0000001F          0x000003fe   Section        0  libinit2.o(.ARM.Collect$$libinit$$0000001F)
    .ARM.Collect$$libinit$$00000021          0x000003fe   Section        0  libinit2.o(.ARM.Collect$$libinit$$00000021)
    .ARM.Collect$$libinit$$00000023          0x000003fe   Section        0  libinit2.o(.ARM.Collect$$libinit$$00000023)
    .ARM.Collect$$libinit$$0000002A          0x000003fe   Section        0  libinit2.o(.ARM.Collect$$libinit$$0000002A)
    .ARM.Collect$$libinit$$0000002C          0x000003fe   Section        0  libinit2.o(.ARM.Collect$$libinit$$0000002C)
    .ARM.Collect$$libinit$$0000002E          0x000003fe   Section        0  libinit2.o(.ARM.Collect$$libinit$$0000002E)
    .ARM.Collect$$libinit$$00000030          0x000003fe   Section        0  libinit2.o(.ARM.Collect$$libinit$$00000030)
    .ARM.Collect$$libinit$$00000031          0x000003fe   Section       12  libinit2.o(.ARM.Collect$$libinit$$00000031)
    .ARM.Collect$$libshutdown$$00000000      0x00000414   Section        4  libshutdown.o(.ARM.Collect$$libshutdown$$00000000)
    .ARM.Collect$$libshutdown$$00000003      0x00000418   Section        0  libshutdown2.o(.ARM.Collect$$libshutdown$$00000003)
    .ARM.Collect$$libshutdown$$00000006      0x00000418   Section        0  libshutdown2.o(.ARM.Collect$$libshutdown$$00000006)
    .ARM.Collect$$libshutdown$$00000009      0x00000418   Section        0  libshutdown2.o(.ARM.Collect$$libshutdown$$00000009)
    .ARM.Collect$$libshutdown$$0000000B      0x00000418   Section        0  libshutdown2.o(.ARM.Collect$$libshutdown$$0000000B)
    .ARM.Collect$$libshutdown$$0000000E      0x00000418   Section        0  libshutdown2.o(.ARM.Collect$$libshutdown$$0000000E)
    .ARM.Collect$$libshutdown$$0000000F      0x00000418   Section        6  libshutdown2.o(.ARM.Collect$$libshutdown$$0000000F)
    .ARM.Collect$$rtentry$$00000000          0x00000420   Section        0  rtentry.o(.ARM.Collect$$rtentry$$00000000)
    .ARM.Collect$$rtentry$$00000002          0x00000420   Section        0  rtentry2.o(.ARM.Collect$$rtentry$$00000002)
    .ARM.Collect$$rtentry$$00000004          0x00000420   Section        8  rtentry4.o(.ARM.Collect$$rtentry$$00000004)
    .ARM.Collect$$rtentry$$00000009          0x00000428   Section        0  rtentry2.o(.ARM.Collect$$rtentry$$00000009)
    .ARM.Collect$$rtentry$$0000000A          0x00000428   Section        4  rtentry2.o(.ARM.Collect$$rtentry$$0000000A)
    .ARM.Collect$$rtentry$$0000000C          0x0000042c   Section        0  rtentry2.o(.ARM.Collect$$rtentry$$0000000C)
    .ARM.Collect$$rtentry$$0000000D          0x0000042c   Section       40  rtentry2.o(.ARM.Collect$$rtentry$$0000000D)
    .ARM.Collect$$rtexit$$00000000           0x00000458   Section        4  rtexit.o(.ARM.Collect$$rtexit$$00000000)
    .ARM.Collect$$rtexit$$00000002           0x0000045c   Section        0  rtexit2.o(.ARM.Collect$$rtexit$$00000002)
    .ARM.Collect$$rtexit$$00000003           0x0000045c   Section        4  rtexit2.o(.ARM.Collect$$rtexit$$00000003)
    .ARM.Collect$$rtexit$$00000004           0x00000460   Section        8  rtexit2.o(.ARM.Collect$$rtexit$$00000004)
    .emb_text                                0x00000468   Section        0  maybetermalloc1.o(.emb_text)
    .text                                    0x00000468   Section       36  lpc2400.o(.text)
    .text                                    0x0000048c   Section        0  main.o(.text)
    prvSetupHardware                         0x0000048c   ARM Code     236  main.o(.text)
    .text                                    0x00000608   Section        0  console.o(.text)
    vConsoleTask                             0x00000608   ARM Code     152  console.o(.text)
    .text                                    0x0000072c   Section        0  retarget.o(.text)
    .text                                    0x00000790   Section        0  serial.o(.text)
    .text                                    0x00000b0c   Section      148  serialisr.o(.text)
    .text                                    0x00000ba0   Section      148  lcdisr.o(.text)
    .text                                    0x00000c34   Section        0  list.o(.text)
    .text                                    0x00000d48   Section        0  queue.o(.text)
    prvInitialiseNewQueue                    0x00000e04   ARM Code      72  queue.o(.text)
    prvUnlockQueue                           0x00000eac   ARM Code     232  queue.o(.text)
    prvIsQueueFull                           0x00000f94   ARM Code      56  queue.o(.text)
    prvCopyDataToQueue                       0x00000fcc   ARM Code     208  queue.o(.text)
    prvIsQueueEmpty                          0x00001378   ARM Code      52  queue.o(.text)
    prvCopyDataFromQueue                     0x000013ac   ARM Code      88  queue.o(.text)
    .text                                    0x0000166c   Section        0  tasks.o(.text)
    prvInitialiseTaskLists                   0x0000166c   ARM Code     112  tasks.o(.text)
    prvAddNewTaskToReadyList                 0x000016dc   ARM Code     260  tasks.o(.text)
    prvInitialiseNewTask                     0x000017e0   ARM Code     204  tasks.o(.text)
    prvResetNextTaskUnblockTime              0x00001958   ARM Code      88  tasks.o(.text)
    prvDeleteTCB                             0x000019b0   ARM Code      32  tasks.o(.text)
    prvAddCurrentTaskToDelayedList           0x00001ce4   ARM Code     184  tasks.o(.text)
    prvTaskIsTaskSuspended                   0x00001f44   ARM Code     124  tasks.o(.text)
    prvCheckTasksWaitingTermination          0x00001fc0   ARM Code     160  tasks.o(.text)
    prvIdleTask                              0x00002060   ARM Code      32  tasks.o(.text)
    .text                                    0x00002324   Section        0  port.o(.text)
    prvSetupTimerInterrupt                   0x00002410   ARM Code     116  port.o(.text)
    .text                                    0x00002528   Section        0  heap_3.o(.text)
    .text                                    0x00002578   Section        0  lcd_hw.o(.text)
    sendSpi                                  0x00002590   ARM Code     100  lcd_hw.o(.text)
    .text                                    0x00002f84   Section        0  graphics.o(.text)
    hLine                                    0x00003038   ARM Code     108  graphics.o(.text)
    vLine                                    0x000030a4   ARM Code      88  graphics.o(.text)
    .text                                    0x0000355c   Section        0  shapes.o(.text)
    .text                                    0x000035c4   Section        0  ledlights.o(.text)
    vConsumerTask                            0x000037a8   ARM Code     420  ledlights.o(.text)
    .text                                    0x000039d8   Section        0  lcdgraphics.o(.text)
    .text                                    0x00004c7c   Section        0  lcdcontrol.o(.text)
    getLedMessage                            0x00004c7c   ARM Code     128  lcdcontrol.o(.text)
    vLcdTask                                 0x00004cfc   ARM Code     748  lcdcontrol.o(.text)
    .text                                    0x000050b8   Section        0  idmanager.o(.text)
    .text                                    0x000050fc   Section        0  boardbuttons.o(.text)
    vButtonsTask                             0x00005220   ARM Code     260  boardbuttons.o(.text)
    .text                                    0x000053dc   Section        4  use_no_semi.o(.text)
    .text                                    0x000053e8   Section        0  h1_alloc.o(.text)
    .text                                    0x00005460   Section        0  h1_free.o(.text)
    .text                                    0x000054bc   Section        0  noretval__2printf.o(.text)
    .text                                    0x000054d8   Section        0  __printf.o(.text)
    .text                                    0x00005558   Section        0  _printf_dec.o(.text)
    .text                                    0x000055d0   Section        0  strlen.o(.text)
    .text                                    0x00005614   Section      212  rt_memcpy.o(.text)
    .text                                    0x000056e8   Section      100  rt_memcpy_w.o(.text)
    .text                                    0x0000574c   Section      384  aeabi_sdiv.o(.text)
    __arm_div8                               0x00005778   ARM Code       0  aeabi_sdiv.o(.text)
    __arm_div5                               0x0000579c   ARM Code       0  aeabi_sdiv.o(.text)
    __arm_div2                               0x000057c0   ARM Code       0  aeabi_sdiv.o(.text)
    __arm_div_large                          0x000057fc   ARM Code       0  aeabi_sdiv.o(.text)
    .text                                    0x000058cc   Section        0  heapauxi.o(.text)
    .text                                    0x000058d8   Section       12  rt_heap_descriptor_intlibspace.o(.text)
    .text                                    0x000058e4   Section        0  hguard.o(.text)
    .text                                    0x000058e8   Section        0  init_alloc.o(.text)
    .text                                    0x0000597c   Section        0  h1_init.o(.text)
    .text                                    0x0000598a   Section        0  _printf_intcommon.o(.text)
    .text                                    0x00005a44   Section        0  _printf_char_file.o(.text)
    .text                                    0x00005a74   Section       44  rtudiv10.o(.text)
    .text                                    0x00005aa0   Section       12  libspace.o(.text)
    .text                                    0x00005aac   Section        0  h1_extend.o(.text)
    .text                                    0x00005ae4   Section        0  _printf_char_common.o(.text)
    _printf_input_char                       0x00005ae5   Thumb Code    10  _printf_char_common.o(.text)
    .text                                    0x00005b14   Section        0  defsig_rtmem_outer.o(.text)
    .text                                    0x00005b24   Section       96  sys_stackheap_outer.o(.text)
    .text                                    0x00005b84   Section        0  exit.o(.text)
    .text                                    0x00005b90   Section        0  defsig_exit.o(.text)
    .text                                    0x00005ba0   Section        0  defsig_rtmem_inner.o(.text)
    .text                                    0x00005bf4   Section        0  defsig_general.o(.text)
    .text_udiv                               0x00005c2c   Section       36  aeabi_sdiv.o(.text_udiv)
    PORT_ASM                                 0x00005c50   Section      396  portasm.o(PORT_ASM)
    i.__ARM_common_call_via_r1               0x00005df4   Section        0  __printf.o(i.__ARM_common_call_via_r1)
    i.__ARM_common_call_via_r2               0x00005df6   Section        0  __printf.o(i.__ARM_common_call_via_r2)
    .conststring                             0x00005df8   Section       10  console.o(.conststring)
    .data                                    0xa0000000   Section        8  console.o(.data)
    xPort                                    0xa0000004   Data           4  console.o(.data)
    .data                                    0xa0000008   Section        4  retarget.o(.data)
    .data                                    0xa000000c   Section       12  serial.o(.data)
    xRxedChars                               0xa000000c   Data           4  serial.o(.data)
    xCharsForTx                              0xa0000010   Data           4  serial.o(.data)
    lTHREEmpty                               0xa0000014   Data           4  serial.o(.data)
    .data                                    0xa0000018   Section       60  tasks.o(.data)
    uxDeletedTasksWaitingCleanUp             0xa000001c   Data           4  tasks.o(.data)
    uxCurrentNumberOfTasks                   0xa0000020   Data           4  tasks.o(.data)
    xTickCount                               0xa0000024   Data           4  tasks.o(.data)
    uxTopReadyPriority                       0xa0000028   Data           4  tasks.o(.data)
    xSchedulerRunning                        0xa000002c   Data           4  tasks.o(.data)
    uxPendedTicks                            0xa0000030   Data           4  tasks.o(.data)
    xYieldPending                            0xa0000034   Data           4  tasks.o(.data)
    xNumOfOverflows                          0xa0000038   Data           4  tasks.o(.data)
    uxTaskNumber                             0xa000003c   Data           4  tasks.o(.data)
    xNextTaskUnblockTime                     0xa0000040   Data           4  tasks.o(.data)
    xIdleTaskHandle                          0xa0000044   Data           4  tasks.o(.data)
    uxSchedulerSuspended                     0xa0000048   Data           4  tasks.o(.data)
    pxDelayedTaskList                        0xa000004c   Data           4  tasks.o(.data)
    pxOverflowDelayedTaskList                0xa0000050   Data           4  tasks.o(.data)
    .data                                    0xa0000054   Section        4  port.o(.data)
    .data                                    0xa0000058   Section        1  lcd_hw.o(.data)
    .data                                    0xa000005c   Section       12  ledlights.o(.data)
    xCmdQ                                    0xa000005c   Data           4  ledlights.o(.data)
    xMutex                                   0xa0000060   Data           4  ledlights.o(.data)
    lastMessage                              0xa0000064   Data           4  ledlights.o(.data)
    .data                                    0xa0000068   Section        8  lcdgraphics.o(.data)
    .data                                    0xa0000070   Section        8  lcdcontrol.o(.data)
    xCmdQ                                    0xa0000074   Data           4  lcdcontrol.o(.data)
    .data                                    0xa0000078   Section        4  idmanager.o(.data)
    .data                                    0xa000007c   Section        8  boardbuttons.o(.data)
    xCmdQ                                    0xa000007c   Data           4  boardbuttons.o(.data)
    xMutex                                   0xa0000080   Data           4  boardbuttons.o(.data)
    .bss                                     0xa0000084   Section      180  tasks.o(.bss)
    pxReadyTasksLists                        0xa0000084   Data          80  tasks.o(.bss)
    xDelayedTaskList1                        0xa00000d4   Data          20  tasks.o(.bss)
    xDelayedTaskList2                        0xa00000e8   Data          20  tasks.o(.bss)
    xPendingReadyList                        0xa00000fc   Data          20  tasks.o(.bss)
    xTasksWaitingTermination                 0xa0000110   Data          20  tasks.o(.bss)
    xSuspendedTaskList                       0xa0000124   Data          20  tasks.o(.bss)
    .bss                                     0xa0000138   Section      196  lcdgraphics.o(.bss)
    .bss                                     0xa00001fc   Section       13  idmanager.o(.bss)
    .bss                                     0xa000020c   Section       96  libspace.o(.bss)
    HEAP                                     0xa0000270   Section    4194304  lpc2400.o(HEAP)
    Heap_Mem                                 0xa0000270   Data       4194304  lpc2400.o(HEAP)
    STACK                                    0xa0400270   Section     4880  lpc2400.o(STACK)
    Stack_Mem                                0xa0400270   Data        4880  lpc2400.o(STACK)
    Stack_Top                                0xa0401580   Data           0  lpc2400.o(STACK)

    Global Symbols

    Symbol Name                              Value     Ov Type        Size  Object(Section)

    BuildAttributes$$THM_ISAv1$ARM_ISAv4$S$PE$A:L22$X:L11$S22$IEEE1$IW$USESV6$~STKCKD$USESV7$~SHL$OTIME$ROPI$EBA8$UX$STANDARDLIB$REQ8$PRES8$EABIv2 0x00000000   Number         0  anon$$obj.o ABSOLUTE
    __ARM_use_no_argv                        0x00000000   Number         0  main.o ABSOLUTE
    __ARM_exceptions_init                     - Undefined Weak Reference
    __alloca_initialize                       - Undefined Weak Reference
    __cpp_initialize__aeabi_                  - Undefined Weak Reference
    __cxa_finalize                            - Undefined Weak Reference
    __rt_locale                               - Undefined Weak Reference
    __sigvec_lookup                           - Undefined Weak Reference
    __user_heap_extent                        - Undefined Weak Reference
    _atexit_init                              - Undefined Weak Reference
    _call_atexit_fns                          - Undefined Weak Reference
    _clock_init                               - Undefined Weak Reference
    _fp_trap_init                             - Undefined Weak Reference
    _fp_trap_shutdown                         - Undefined Weak Reference
    _get_lc_collate                           - Undefined Weak Reference
    _get_lc_ctype                             - Undefined Weak Reference
    _get_lc_monetary                          - Undefined Weak Reference
    _get_lc_numeric                           - Undefined Weak Reference
    _get_lc_time                              - Undefined Weak Reference
    _getenv_init                              - Undefined Weak Reference
    _handle_redirection                       - Undefined Weak Reference
    _initio                                   - Undefined Weak Reference
    _mutex_acquire                            - Undefined Weak Reference
    _mutex_free                               - Undefined Weak Reference
    _mutex_release                            - Undefined Weak Reference
    _printf_mbtowc                            - Undefined Weak Reference
    _printf_post_padding                      - Undefined Weak Reference
    _printf_pre_padding                       - Undefined Weak Reference
    _printf_truncate_signed                   - Undefined Weak Reference
    _printf_truncate_unsigned                 - Undefined Weak Reference
    _rand_init                                - Undefined Weak Reference
    _signal_finish                            - Undefined Weak Reference
    _signal_init                              - Undefined Weak Reference
    _terminateio                              - Undefined Weak Reference
    Reset_Handler                            0x00000058   ARM Code       0  lpc2400.o(RESET)
    __main                                   0x00000340   ARM Code       8  __main.o(!!!main)
    __scatterload                            0x00000348   ARM Code       0  __scatter.o(!!!scatter)
    __scatterload_rt2                        0x00000348   ARM Code      52  __scatter.o(!!!scatter)
    __scatterload_null                       0x0000035c   ARM Code       0  __scatter.o(!!!scatter)
    __scatterload_copy                       0x00000384   ARM Code      40  __scatter_copy.o(!!handler_copy)
    __scatterload_zeroinit                   0x000003ac   ARM Code      44  __scatter_zi.o(!!handler_zi)
    Inline Thumb to ARM Veneer to _printf_percent 0x000003d9   Thumb Code     4  _printf_percent.o(.ARM.Collect$$_printf_percent$$00000000)
    _printf_i                                0x000003dc   ARM Code       0  _printf_i.o(.ARM.Collect$$_printf_percent$$00000008)
    _printf_percent                          0x000003dc   ARM Code       0  _printf_percent.o(.ARM.Collect$$_printf_percent$$00000000)
    _printf_percent_end                      0x000003e4   ARM Code       0  _printf_percent_end.o(.ARM.Collect$$_printf_percent$$00000017)
    Inline ARM to Thumb Veneer to __rt_lib_init 0x000003ec   ARM Code       8  libinit.o(.ARM.Collect$$libinit$$00000000)
    __rt_lib_init                            0x000003f5   Thumb Code     0  libinit.o(.ARM.Collect$$libinit$$00000000)
    __rt_lib_init_fp_1                       0x000003f7   Thumb Code     0  libinit2.o(.ARM.Collect$$libinit$$00000002)
    __rt_lib_init_heap_2                     0x000003f7   Thumb Code     0  libinit2.o(.ARM.Collect$$libinit$$00000003)
    __rt_lib_init_alloca_1                   0x000003ff   Thumb Code     0  libinit2.o(.ARM.Collect$$libinit$$0000002C)
    __rt_lib_init_argv_1                     0x000003ff   Thumb Code     0  libinit2.o(.ARM.Collect$$libinit$$0000002A)
    __rt_lib_init_atexit_1                   0x000003ff   Thumb Code     0  libinit2.o(.ARM.Collect$$libinit$$00000019)
    __rt_lib_init_clock_1                    0x000003ff   Thumb Code     0  libinit2.o(.ARM.Collect$$libinit$$0000001F)
    __rt_lib_init_cpp_1                      0x000003ff   Thumb Code     0  libinit2.o(.ARM.Collect$$libinit$$00000030)
    __rt_lib_init_exceptions_1               0x000003ff   Thumb Code     0  libinit2.o(.ARM.Collect$$libinit$$0000002E)
    __rt_lib_init_fp_trap_1                  0x000003ff   Thumb Code     0  libinit2.o(.ARM.Collect$$libinit$$0000001D)
    __rt_lib_init_getenv_1                   0x000003ff   Thumb Code     0  libinit2.o(.ARM.Collect$$libinit$$00000021)
    __rt_lib_init_heap_1                     0x000003ff   Thumb Code     0  libinit2.o(.ARM.Collect$$libinit$$00000008)
    __rt_lib_init_lc_collate_1               0x000003ff   Thumb Code     0  libinit2.o(.ARM.Collect$$libinit$$0000000F)
    __rt_lib_init_lc_ctype_1                 0x000003ff   Thumb Code     0  libinit2.o(.ARM.Collect$$libinit$$00000011)
    __rt_lib_init_lc_monetary_1              0x000003ff   Thumb Code     0  libinit2.o(.ARM.Collect$$libinit$$00000013)
    __rt_lib_init_lc_numeric_1               0x000003ff   Thumb Code     0  libinit2.o(.ARM.Collect$$libinit$$00000015)
    __rt_lib_init_lc_time_1                  0x000003ff   Thumb Code     0  libinit2.o(.ARM.Collect$$libinit$$00000017)
    __rt_lib_init_rand_1                     0x000003ff   Thumb Code     0  libinit2.o(.ARM.Collect$$libinit$$0000000C)
    __rt_lib_init_return                     0x000003ff   Thumb Code     0  libinit2.o(.ARM.Collect$$libinit$$00000031)
    __rt_lib_init_signal_1                   0x000003ff   Thumb Code     0  libinit2.o(.ARM.Collect$$libinit$$0000001B)
    __rt_lib_init_stdio_1                    0x000003ff   Thumb Code     0  libinit2.o(.ARM.Collect$$libinit$$00000023)
    __rt_lib_init_user_alloc_1               0x000003ff   Thumb Code     0  libinit2.o(.ARM.Collect$$libinit$$0000000A)
    Inline ARM to Thumb Veneer to __rt_lib_shutdown 0x0000040c   ARM Code       8  libshutdown.o(.ARM.Collect$$libshutdown$$00000000)
    __rt_lib_shutdown                        0x00000415   Thumb Code     0  libshutdown.o(.ARM.Collect$$libshutdown$$00000000)
    __rt_lib_shutdown_fp_trap_1              0x00000419   Thumb Code     0  libshutdown2.o(.ARM.Collect$$libshutdown$$00000006)
    __rt_lib_shutdown_heap_1                 0x00000419   Thumb Code     0  libshutdown2.o(.ARM.Collect$$libshutdown$$0000000E)
    __rt_lib_shutdown_return                 0x00000419   Thumb Code     0  libshutdown2.o(.ARM.Collect$$libshutdown$$0000000F)
    __rt_lib_shutdown_signal_1               0x00000419   Thumb Code     0  libshutdown2.o(.ARM.Collect$$libshutdown$$00000009)
    __rt_lib_shutdown_stdio_1                0x00000419   Thumb Code     0  libshutdown2.o(.ARM.Collect$$libshutdown$$00000003)
    __rt_lib_shutdown_user_alloc_1           0x00000419   Thumb Code     0  libshutdown2.o(.ARM.Collect$$libshutdown$$0000000B)
    __rt_entry                               0x00000420   ARM Code       0  rtentry.o(.ARM.Collect$$rtentry$$00000000)
    __rt_entry_presh_1                       0x00000420   ARM Code       0  rtentry2.o(.ARM.Collect$$rtentry$$00000002)
    __rt_entry_sh                            0x00000420   ARM Code       0  rtentry4.o(.ARM.Collect$$rtentry$$00000004)
    __rt_entry_li                            0x00000428   ARM Code       0  rtentry2.o(.ARM.Collect$$rtentry$$0000000A)
    __rt_entry_postsh_1                      0x00000428   ARM Code       0  rtentry2.o(.ARM.Collect$$rtentry$$00000009)
    __rt_entry_main                          0x0000042c   ARM Code       0  rtentry2.o(.ARM.Collect$$rtentry$$0000000D)
    __rt_entry_postli_1                      0x0000042c   ARM Code       0  rtentry2.o(.ARM.Collect$$rtentry$$0000000C)
    Inline Thumb to ARM Veneer to __rt_exit  0x00000455   Thumb Code     4  rtexit.o(.ARM.Collect$$rtexit$$00000000)
    __rt_exit                                0x00000458   ARM Code       0  rtexit.o(.ARM.Collect$$rtexit$$00000000)
    __rt_exit_ls                             0x0000045c   ARM Code       0  rtexit2.o(.ARM.Collect$$rtexit$$00000003)
    __rt_exit_prels_1                        0x0000045c   ARM Code       0  rtexit2.o(.ARM.Collect$$rtexit$$00000002)
    __rt_exit_exit                           0x00000460   ARM Code       0  rtexit2.o(.ARM.Collect$$rtexit$$00000004)
    __user_initial_stackheap                 0x00000468   ARM Code       0  lpc2400.o(.text)
    _maybe_terminate_alloc                   0x00000469   Thumb Code     0  maybetermalloc1.o(.emb_text)
    main                                     0x00000578   ARM Code     132  main.o(.text)
    vStartConsole                            0x000006a0   ARM Code      80  console.o(.text)
    xConsolePortHandle                       0x000006f0   ARM Code      12  console.o(.text)
    fputc                                    0x0000072c   ARM Code      44  retarget.o(.text)
    ferror                                   0x00000758   ARM Code      12  retarget.o(.text)
    _ttywrch                                 0x00000764   ARM Code      36  retarget.o(.text)
    _sys_exit                                0x00000788   ARM Code       8  retarget.o(.text)
    xSerialPortInitMinimal                   0x00000790   ARM Code     292  serial.o(.text)
    xSerialGetChar                           0x000008b4   ARM Code      68  serial.o(.text)
    xSerialPutChar                           0x000008f8   ARM Code     172  serial.o(.text)
    vSerialPutString                         0x000009a4   ARM Code      64  serial.o(.text)
    vUART_ISRHandler                         0x000009e4   ARM Code     272  serial.o(.text)
    vUART_ISREntry                           0x00000b0c   ARM Code       0  serialisr.o(.text)
    vLCD_ISREntry                            0x00000ba0   ARM Code       0  lcdisr.o(.text)
    vListInitialise                          0x00000c34   ARM Code      44  list.o(.text)
    vListInitialiseItem                      0x00000c60   ARM Code      12  list.o(.text)
    vListInsertEnd                           0x00000c6c   ARM Code      48  list.o(.text)
    vListInsert                              0x00000c9c   ARM Code      96  list.o(.text)
    uxListRemove                             0x00000cfc   ARM Code      76  list.o(.text)
    xQueueGenericReset                       0x00000d48   ARM Code     188  queue.o(.text)
    xQueueGenericCreate                      0x00000e4c   ARM Code      96  queue.o(.text)
    xQueueGenericSend                        0x0000109c   ARM Code     380  queue.o(.text)
    xQueueGenericSendFromISR                 0x00001218   ARM Code     188  queue.o(.text)
    xQueueGiveFromISR                        0x000012d4   ARM Code     164  queue.o(.text)
    xQueueGenericReceive                     0x00001404   ARM Code     440  queue.o(.text)
    xQueueReceiveFromISR                     0x000015bc   ARM Code     176  queue.o(.text)
    xTaskCreate                              0x000018ac   ARM Code     172  tasks.o(.text)
    xTaskIncrementTick                       0x000019d0   ARM Code     440  tasks.o(.text)
    xTaskResumeAll                           0x00001b88   ARM Code     348  tasks.o(.text)
    vTaskSuspendAll                          0x00001d9c   ARM Code      24  tasks.o(.text)
    vTaskDelayUntil                          0x00001db4   ARM Code     152  tasks.o(.text)
    vTaskDelay                               0x00001e4c   ARM Code      64  tasks.o(.text)
    vTaskSwitchContext                       0x00001e8c   ARM Code     184  tasks.o(.text)
    vTaskStartScheduler                      0x00002080   ARM Code     112  tasks.o(.text)
    xTaskGetTickCount                        0x000020f0   ARM Code      32  tasks.o(.text)
    vTaskPlaceOnEventList                    0x00002110   ARM Code      52  tasks.o(.text)
    xTaskRemoveFromEventList                 0x00002144   ARM Code     180  tasks.o(.text)
    vTaskSetTimeOutState                     0x000021f8   ARM Code      28  tasks.o(.text)
    xTaskCheckForTimeOut                     0x00002214   ARM Code     256  tasks.o(.text)
    vTaskMissedYield                         0x00002314   ARM Code      16  tasks.o(.text)
    pxPortInitialiseStack                    0x00002324   ARM Code     236  port.o(.text)
    xPortStartScheduler                      0x00002484   ARM Code      24  port.o(.text)
    vPortEnterCritical                       0x0000249c   ARM Code      36  port.o(.text)
    vPortExitCritical                        0x000024c0   ARM Code      68  port.o(.text)
    pvPortMalloc                             0x00002528   ARM Code      40  heap_3.o(.text)
    vPortFree                                0x00002550   ARM Code      40  heap_3.o(.text)
    mdelay                                   0x00002578   ARM Code      24  lcd_hw.o(.text)
    lcd_hw_init                              0x000025f4   ARM Code     384  lcd_hw.o(.text)
    writeToDisp                              0x00002774   ARM Code      12  lcd_hw.o(.text)
    writeToReg                               0x00002780   ARM Code      56  lcd_hw.o(.text)
    readFromReg                              0x000027b8   ARM Code      60  lcd_hw.o(.text)
    writeLcdCommand                          0x000027f4   ARM Code     252  lcd_hw.o(.text)
    lcd_init                                 0x000028f0   ARM Code    1104  lcd_hw.o(.text)
    getTouch                                 0x00002d40   ARM Code     336  lcd_hw.o(.text)
    movePen                                  0x00002f84   ARM Code     108  graphics.o(.text)
    drawPoint                                0x00002ff0   ARM Code      72  graphics.o(.text)
    setWindow                                0x000030fc   ARM Code     144  graphics.o(.text)
    fillScreen                               0x0000318c   ARM Code     120  graphics.o(.text)
    fillRect                                 0x00003204   ARM Code     212  graphics.o(.text)
    fillRectStruct                           0x000032d8   ARM Code      44  graphics.o(.text)
    drawButton                               0x00003304   ARM Code     160  graphics.o(.text)
    drawSlider                               0x000033a4   ARM Code     288  graphics.o(.text)
    getBrightnessColourFromState             0x000034c4   ARM Code      72  graphics.o(.text)
    drawLight                                0x0000350c   ARM Code      52  graphics.o(.text)
    doesRectContainPoint                     0x0000355c   ARM Code     104  shapes.o(.text)
    setLEDs                                  0x000035c4   ARM Code     484  ledlights.o(.text)
    vStartLightsTask                         0x0000394c   ARM Code     140  ledlights.o(.text)
    drawLedScreen                            0x000039d8   ARM Code     684  lcdgraphics.o(.text)
    drawButtonPointer                        0x00003c84   ARM Code     108  lcdgraphics.o(.text)
    drawSliderPointer                        0x00003cf0   ARM Code      68  lcdgraphics.o(.text)
    drawButtons                              0x00003d34   ARM Code     224  lcdgraphics.o(.text)
    drawSliders                              0x00003e14   ARM Code     236  lcdgraphics.o(.text)
    drawPresets                              0x00003f00   ARM Code     208  lcdgraphics.o(.text)
    drawLights                               0x00003fd0   ARM Code     424  lcdgraphics.o(.text)
    isPresetButton                           0x00004178   ARM Code      64  lcdgraphics.o(.text)
    isSlider                                 0x000041b8   ARM Code      64  lcdgraphics.o(.text)
    getLedMode                               0x000041f8   ARM Code      92  lcdgraphics.o(.text)
    getLedData                               0x00004254   ARM Code     136  lcdgraphics.o(.text)
    getLedPulse0                             0x000042dc   ARM Code      80  lcdgraphics.o(.text)
    getLedPulse1                             0x0000432c   ARM Code      80  lcdgraphics.o(.text)
    getPresetButtonId                        0x0000437c   ARM Code      68  lcdgraphics.o(.text)
    getSlider                                0x000043c0   ARM Code      68  lcdgraphics.o(.text)
    getButton                                0x00004404   ARM Code     168  lcdgraphics.o(.text)
    getPoint                                 0x000044ac   ARM Code      44  lcdgraphics.o(.text)
    masterPreset                             0x000044d8   ARM Code      72  lcdgraphics.o(.text)
    interfaceDimPreset                       0x00004520   ARM Code      88  lcdgraphics.o(.text)
    sliderHalfPreset                         0x00004578   ARM Code     108  lcdgraphics.o(.text)
    disableOtherPresets                      0x000045e4   ARM Code      84  lcdgraphics.o(.text)
    handlePreset                             0x00004638   ARM Code     212  lcdgraphics.o(.text)
    handleButton                             0x0000470c   ARM Code      72  lcdgraphics.o(.text)
    handleSlider                             0x00004754   ARM Code     164  lcdgraphics.o(.text)
    isComponentTouched                       0x000047f8   ARM Code     352  lcdgraphics.o(.text)
    setupLedScreen                           0x00004958   ARM Code     804  lcdgraphics.o(.text)
    vStartLcd                                0x00004fe8   ARM Code     128  lcdcontrol.o(.text)
    vLCD_ISRHandler                          0x00005068   ARM Code      72  lcdcontrol.o(.text)
    Register                                 0x000050b8   ARM Code      44  idmanager.o(.text)
    GetComponent                             0x000050e4   ARM Code      16  idmanager.o(.text)
    getBoardButtons                          0x000050fc   ARM Code     292  boardbuttons.o(.text)
    vStartButtonsTask                        0x00005324   ARM Code      72  boardbuttons.o(.text)
    __I$use$semihosting                      0x000053dc   ARM Code       0  use_no_semi.o(.text)
    __use_no_semihosting_swi                 0x000053dc   ARM Code       4  use_no_semi.o(.text)
    Inline ARM to Thumb Veneer to malloc     0x000053e0   ARM Code       8  h1_alloc.o(.text)
    malloc                                   0x000053e9   Thumb Code   110  h1_alloc.o(.text)
    Inline ARM to Thumb Veneer to free       0x00005458   ARM Code       8  h1_free.o(.text)
    free                                     0x00005461   Thumb Code    84  h1_free.o(.text)
    Inline ARM to Thumb Veneer to __2printf  0x000054b4   ARM Code       8  noretval__2printf.o(.text)
    __2printf                                0x000054bd   Thumb Code    22  noretval__2printf.o(.text)
    __printf                                 0x000054d9   Thumb Code   118  __printf.o(.text)
    Inline ARM to Thumb Veneer to _printf_int_dec 0x00005550   ARM Code       8  _printf_dec.o(.text)
    _printf_int_dec                          0x00005559   Thumb Code    94  _printf_dec.o(.text)
    Inline ARM to Thumb Veneer to strlen     0x000055c8   ARM Code       8  strlen.o(.text)
    strlen                                   0x000055d1   Thumb Code    64  strlen.o(.text)
    __aeabi_memcpy                           0x00005614   ARM Code       0  rt_memcpy.o(.text)
    __rt_memcpy                              0x00005614   ARM Code     212  rt_memcpy.o(.text)
    _memcpy_lastbytes                        0x000056c8   ARM Code       0  rt_memcpy.o(.text)
    __aeabi_memcpy4                          0x000056e8   ARM Code       0  rt_memcpy_w.o(.text)
    __aeabi_memcpy8                          0x000056e8   ARM Code       0  rt_memcpy_w.o(.text)
    __rt_memcpy_w                            0x000056e8   ARM Code     100  rt_memcpy_w.o(.text)
    _memcpy_lastbytes_aligned                0x00005734   ARM Code       0  rt_memcpy_w.o(.text)
    __aeabi_idiv                             0x0000574c   ARM Code       0  aeabi_sdiv.o(.text)
    __aeabi_idivmod                          0x0000574c   ARM Code     384  aeabi_sdiv.o(.text)
    __use_two_region_memory                  0x000058cd   Thumb Code     2  heapauxi.o(.text)
    __rt_heap_escrow                         0x000058cf   Thumb Code     2  heapauxi.o(.text)
    __rt_heap_expand                         0x000058d1   Thumb Code     2  heapauxi.o(.text)
    Inline Thumb to ARM Veneer to __rt_heap_descriptor 0x000058d5   Thumb Code     4  rt_heap_descriptor_intlibspace.o(.text)
    __rt_heap_descriptor                     0x000058d8   ARM Code      12  rt_heap_descriptor_intlibspace.o(.text)
    __use_no_heap                            0x000058e5   Thumb Code     2  hguard.o(.text)
    __heap$guard                             0x000058e7   Thumb Code     2  hguard.o(.text)
    _terminate_user_alloc                    0x000058e9   Thumb Code     2  init_alloc.o(.text)
    _init_user_alloc                         0x000058eb   Thumb Code     2  init_alloc.o(.text)
    __Heap_Full                              0x000058ed   Thumb Code    36  init_alloc.o(.text)
    __Heap_Broken                            0x00005911   Thumb Code    14  init_alloc.o(.text)
    _init_alloc                              0x0000591f   Thumb Code    94  init_alloc.o(.text)
    __Heap_Initialize                        0x0000597d   Thumb Code    10  h1_init.o(.text)
    __Heap_DescSize                          0x00005987   Thumb Code     4  h1_init.o(.text)
    _printf_int_common                       0x0000598b   Thumb Code   186  _printf_intcommon.o(.text)
    _printf_char_file                        0x00005a45   Thumb Code    38  _printf_char_file.o(.text)
    Inline Thumb to ARM Veneer to __rt_udiv10 0x00005a71   Thumb Code     4  rtudiv10.o(.text)
    __rt_udiv10                              0x00005a74   ARM Code      44  rtudiv10.o(.text)
    __user_libspace                          0x00005aa0   ARM Code      12  libspace.o(.text)
    __user_perproc_libspace                  0x00005aa0   ARM Code       0  libspace.o(.text)
    __user_perthread_libspace                0x00005aa0   ARM Code       0  libspace.o(.text)
    __Heap_ProvideMemory                     0x00005aad   Thumb Code    56  h1_extend.o(.text)
    _printf_char_common                      0x00005aef   Thumb Code    34  _printf_char_common.o(.text)
    __rt_SIGRTMEM                            0x00005b15   Thumb Code    16  defsig_rtmem_outer.o(.text)
    __user_setup_stackheap                   0x00005b24   ARM Code      96  sys_stackheap_outer.o(.text)
    exit                                     0x00005b85   Thumb Code    12  exit.o(.text)
    __sig_exit                               0x00005b91   Thumb Code    16  defsig_exit.o(.text)
    __rt_SIGRTMEM_inner                      0x00005ba1   Thumb Code    26  defsig_rtmem_inner.o(.text)
    __default_signal_display                 0x00005bf5   Thumb Code    56  defsig_general.o(.text)
    __aeabi_uidiv                            0x00005c2c   ARM Code       0  aeabi_sdiv.o(.text_udiv)
    __aeabi_uidivmod                         0x00005c2c   ARM Code      36  aeabi_sdiv.o(.text_udiv)
    vPortStartFirstTask                      0x00005c50   ARM Code       0  portasm.o(PORT_ASM)
    vPortYield                               0x00005c80   ARM Code       0  portasm.o(PORT_ASM)
    vPortYieldProcessor                      0x00005c88   ARM Code       0  portasm.o(PORT_ASM)
    vPreemptiveTick                          0x00005d14   ARM Code       0  portasm.o(PORT_ASM)
    Short Thumb to ARM Veneer to ferror      0x00005ddd   Thumb Code     8  anon$$obj.o(Veneer$$Code)
    Short Thumb to ARM Veneer to _sys_exit   0x00005de5   Thumb Code     8  anon$$obj.o(Veneer$$Code)
    Short Thumb to ARM Veneer to _ttywrch    0x00005ded   Thumb Code     8  anon$$obj.o(Veneer$$Code)
    __ARM_common_call_via_r1                 0x00005df5   Thumb Code     2  __printf.o(i.__ARM_common_call_via_r1)
    __ARM_common_call_via_r2                 0x00005df7   Thumb Code     2  __printf.o(i.__ARM_common_call_via_r2)
    Region$$Table$$Base                      0x00005e04   Number         0  anon$$obj.o(Region$$Table)
    Region$$Table$$Limit                     0x00005e24   Number         0  anon$$obj.o(Region$$Table)
    pcPrompt                                 0xa0000000   Data           4  console.o(.data)
    __stdout                                 0xa0000008   Data           4  retarget.o(.data)
    pxCurrentTCB                             0xa0000018   Data           4  tasks.o(.data)
    ulCriticalNesting                        0xa0000054   Data           4  port.o(.data)
    activeController                         0xa0000058   Data           1  lcd_hw.o(.data)
    palette                                  0xa0000068   Data           8  lcdgraphics.o(.data)
    xLcdSemphr                               0xa0000070   Data           4  lcdcontrol.o(.data)
    latestId                                 0xa0000078   Data           4  idmanager.o(.data)
    screen                                   0xa0000138   Data         196  lcdgraphics.o(.bss)
    types                                    0xa00001fc   Data          13  idmanager.o(.bss)
    __libspace_start                         0xa000020c   Data          96  libspace.o(.bss)
    __temporary_stack_top$libspace           0xa000026c   Data           0  libspace.o(.bss)



==============================================================================

Memory Map of the image

  Image Entry point : 0x00000340

  Load Region LR_IROM1 (Base: 0x00000000, Size: 0x00005ea8, Max: 0x00080000, ABSOLUTE)

    Execution Region ER_IROM1 (Base: 0x00000000, Size: 0x00005e24, Max: 0x00080000, ABSOLUTE)

    Base Addr    Size         Type   Attr      Idx    E Section Name        Object

    0x00000000   0x00000340   Code   RO            3    RESET               lpc2400.o
    0x00000340   0x00000008   Code   RO         1048  * !!!main             c_t.l(__main.o)
    0x00000348   0x0000003c   Code   RO         1265    !!!scatter          c_t.l(__scatter.o)
    0x00000384   0x00000028   Code   RO         1267    !!handler_copy      c_t.l(__scatter_copy.o)
    0x000003ac   0x0000002c   Code   RO         1269    !!handler_zi        c_t.l(__scatter_zi.o)
    0x000003d8   0x00000004   Ven    RO         1023    .ARM.Collect$$_printf_percent$$00000000  c_t.l(_printf_percent.o)
    0x000003dc   0x00000000   Code   RO         1023    .ARM.Collect$$_printf_percent$$00000000  c_t.l(_printf_percent.o)
    0x000003dc   0x00000008   Code   RO         1021    .ARM.Collect$$_printf_percent$$00000008  c_t.l(_printf_i.o)
    0x000003e4   0x00000008   Code   RO         1088    .ARM.Collect$$_printf_percent$$00000017  c_t.l(_printf_percent_end.o)
    0x000003ec   0x00000008   Ven    RO         1209    .ARM.Collect$$libinit$$00000000  c_t.l(libinit.o)
    0x000003f4   0x00000002   Code   RO         1209    .ARM.Collect$$libinit$$00000000  c_t.l(libinit.o)
    0x000003f6   0x00000000   Code   RO         1094    .ARM.Collect$$libinit$$00000002  c_t.l(libinit2.o)
    0x000003f6   0x00000008   Code   RO         1095    .ARM.Collect$$libinit$$00000003  c_t.l(libinit2.o)
    0x000003fe   0x00000000   Code   RO         1097    .ARM.Collect$$libinit$$00000008  c_t.l(libinit2.o)
    0x000003fe   0x00000000   Code   RO         1099    .ARM.Collect$$libinit$$0000000A  c_t.l(libinit2.o)
    0x000003fe   0x00000000   Code   RO         1101    .ARM.Collect$$libinit$$0000000C  c_t.l(libinit2.o)
    0x000003fe   0x00000000   Code   RO         1104    .ARM.Collect$$libinit$$0000000F  c_t.l(libinit2.o)
    0x000003fe   0x00000000   Code   RO         1106    .ARM.Collect$$libinit$$00000011  c_t.l(libinit2.o)
    0x000003fe   0x00000000   Code   RO         1108    .ARM.Collect$$libinit$$00000013  c_t.l(libinit2.o)
    0x000003fe   0x00000000   Code   RO         1110    .ARM.Collect$$libinit$$00000015  c_t.l(libinit2.o)
    0x000003fe   0x00000000   Code   RO         1112    .ARM.Collect$$libinit$$00000017  c_t.l(libinit2.o)
    0x000003fe   0x00000000   Code   RO         1114    .ARM.Collect$$libinit$$00000019  c_t.l(libinit2.o)
    0x000003fe   0x00000000   Code   RO         1116    .ARM.Collect$$libinit$$0000001B  c_t.l(libinit2.o)
    0x000003fe   0x00000000   Code   RO         1118    .ARM.Collect$$libinit$$0000001D  c_t.l(libinit2.o)
    0x000003fe   0x00000000   Code   RO         1120    .ARM.Collect$$libinit$$0000001F  c_t.l(libinit2.o)
    0x000003fe   0x00000000   Code   RO         1122    .ARM.Collect$$libinit$$00000021  c_t.l(libinit2.o)
    0x000003fe   0x00000000   Code   RO         1124    .ARM.Collect$$libinit$$00000023  c_t.l(libinit2.o)
    0x000003fe   0x00000000   Code   RO         1128    .ARM.Collect$$libinit$$0000002A  c_t.l(libinit2.o)
    0x000003fe   0x00000000   Code   RO         1130    .ARM.Collect$$libinit$$0000002C  c_t.l(libinit2.o)
    0x000003fe   0x00000000   Code   RO         1132    .ARM.Collect$$libinit$$0000002E  c_t.l(libinit2.o)
    0x000003fe   0x00000000   Code   RO         1134    .ARM.Collect$$libinit$$00000030  c_t.l(libinit2.o)
    0x000003fe   0x0000000c   Code   RO         1135    .ARM.Collect$$libinit$$00000031  c_t.l(libinit2.o)
    0x0000040a   0x00000002   PAD
    0x0000040c   0x00000008   Ven    RO         1262    .ARM.Collect$$libshutdown$$00000000  c_t.l(libshutdown.o)
    0x00000414   0x00000004   Code   RO         1262    .ARM.Collect$$libshutdown$$00000000  c_t.l(libshutdown.o)
    0x00000418   0x00000000   Code   RO         1224    .ARM.Collect$$libshutdown$$00000003  c_t.l(libshutdown2.o)
    0x00000418   0x00000000   Code   RO         1227    .ARM.Collect$$libshutdown$$00000006  c_t.l(libshutdown2.o)
    0x00000418   0x00000000   Code   RO         1230    .ARM.Collect$$libshutdown$$00000009  c_t.l(libshutdown2.o)
    0x00000418   0x00000000   Code   RO         1232    .ARM.Collect$$libshutdown$$0000000B  c_t.l(libshutdown2.o)
    0x00000418   0x00000000   Code   RO         1235    .ARM.Collect$$libshutdown$$0000000E  c_t.l(libshutdown2.o)
    0x00000418   0x00000006   Code   RO         1236    .ARM.Collect$$libshutdown$$0000000F  c_t.l(libshutdown2.o)
    0x0000041e   0x00000002   PAD
    0x00000420   0x00000000   Code   RO         1052    .ARM.Collect$$rtentry$$00000000  c_t.l(rtentry.o)
    0x00000420   0x00000000   Code   RO         1142    .ARM.Collect$$rtentry$$00000002  c_t.l(rtentry2.o)
    0x00000420   0x00000008   Code   RO         1154    .ARM.Collect$$rtentry$$00000004  c_t.l(rtentry4.o)
    0x00000428   0x00000000   Code   RO         1144    .ARM.Collect$$rtentry$$00000009  c_t.l(rtentry2.o)
    0x00000428   0x00000004   Code   RO         1145    .ARM.Collect$$rtentry$$0000000A  c_t.l(rtentry2.o)
    0x0000042c   0x00000000   Code   RO         1147    .ARM.Collect$$rtentry$$0000000C  c_t.l(rtentry2.o)
    0x0000042c   0x00000028   Code   RO         1148    .ARM.Collect$$rtentry$$0000000D  c_t.l(rtentry2.o)
    0x00000454   0x00000004   Ven    RO         1210    .ARM.Collect$$rtexit$$00000000  c_t.l(rtexit.o)
    0x00000458   0x00000004   Code   RO         1210    .ARM.Collect$$rtexit$$00000000  c_t.l(rtexit.o)
    0x0000045c   0x00000000   Code   RO         1238    .ARM.Collect$$rtexit$$00000002  c_t.l(rtexit2.o)
    0x0000045c   0x00000004   Code   RO         1239    .ARM.Collect$$rtexit$$00000003  c_t.l(rtexit2.o)
    0x00000460   0x00000008   Code   RO         1240    .ARM.Collect$$rtexit$$00000004  c_t.l(rtexit2.o)
    0x00000468   0x00000000   Code   RO         1160    .emb_text           c_t.l(maybetermalloc1.o)
    0x00000468   0x00000024   Code   RO            4    .text               lpc2400.o
    0x0000048c   0x0000017c   Code   RO           11    .text               main.o
    0x00000608   0x00000124   Code   RO          106    .text               console.o
    0x0000072c   0x00000064   Code   RO          129    .text               retarget.o
    0x00000790   0x0000037c   Code   RO          163    .text               serial.o
    0x00000b0c   0x00000094   Code   RO          177    .text               serialisr.o
    0x00000ba0   0x00000094   Code   RO          180    .text               lcdisr.o
    0x00000c34   0x00000114   Code   RO          249    .text               list.o
    0x00000d48   0x00000924   Code   RO          261    .text               queue.o
    0x0000166c   0x00000cb8   Code   RO          315    .text               tasks.o
    0x00002324   0x00000204   Code   RO          457    .text               port.o
    0x00002528   0x00000050   Code   RO          481    .text               heap_3.o
    0x00002578   0x00000a0c   Code   RO          626    .text               lcd_hw.o
    0x00002f84   0x000005d8   Code   RO          668    .text               graphics.o
    0x0000355c   0x00000068   Code   RO          787    .text               shapes.o
    0x000035c4   0x00000414   Code   RO          805    .text               ledlights.o
    0x000039d8   0x000012a4   Code   RO          828    .text               lcdgraphics.o
    0x00004c7c   0x0000043c   Code   RO          862    .text               lcdcontrol.o
    0x000050b8   0x00000044   Code   RO          883    .text               idmanager.o
    0x000050fc   0x000002e0   Code   RO          899    .text               boardbuttons.o
    0x000053dc   0x00000004   Code   RO          918    .text               c_t.l(use_no_semi.o)
    0x000053e0   0x00000008   Ven    RO          924    .text               c_t.l(h1_alloc.o)
    0x000053e8   0x0000006e   Code   RO          924    .text               c_t.l(h1_alloc.o)
    0x00005456   0x00000002   PAD
    0x00005458   0x00000008   Ven    RO          926    .text               c_t.l(h1_free.o)
    0x00005460   0x00000054   Code   RO          926    .text               c_t.l(h1_free.o)
    0x000054b4   0x00000008   Ven    RO          988    .text               c_t.l(noretval__2printf.o)
    0x000054bc   0x0000001c   Code   RO          988    .text               c_t.l(noretval__2printf.o)
    0x000054d8   0x00000076   Code   RO          990    .text               c_t.l(__printf.o)
    0x0000554e   0x00000002   PAD
    0x00005550   0x00000008   Ven    RO          998    .text               c_t.l(_printf_dec.o)
    0x00005558   0x00000070   Code   RO          998    .text               c_t.l(_printf_dec.o)
    0x000055c8   0x00000008   Ven    RO         1024    .text               c_t.l(strlen.o)
    0x000055d0   0x00000044   Code   RO         1024    .text               c_t.l(strlen.o)
    0x00005614   0x000000d4   Code   RO         1026    .text               c_t.l(rt_memcpy.o)
    0x000056e8   0x00000064   Code   RO         1028    .text               c_t.l(rt_memcpy_w.o)
    0x0000574c   0x00000180   Code   RO         1030    .text               c_t.l(aeabi_sdiv.o)
    0x000058cc   0x00000006   Code   RO         1046    .text               c_t.l(heapauxi.o)
    0x000058d2   0x00000002   PAD
    0x000058d4   0x00000004   Ven    RO         1060    .text               c_t.l(rt_heap_descriptor_intlibspace.o)
    0x000058d8   0x0000000c   Code   RO         1060    .text               c_t.l(rt_heap_descriptor_intlibspace.o)
    0x000058e4   0x00000004   Code   RO         1062    .text               c_t.l(hguard.o)
    0x000058e8   0x00000094   Code   RO         1064    .text               c_t.l(init_alloc.o)
    0x0000597c   0x0000000e   Code   RO         1068    .text               c_t.l(h1_init.o)
    0x0000598a   0x000000ba   Code   RO         1082    .text               c_t.l(_printf_intcommon.o)
    0x00005a44   0x0000002c   Code   RO         1086    .text               c_t.l(_printf_char_file.o)
    0x00005a70   0x00000004   Ven    RO         1089    .text               c_t.l(rtudiv10.o)
    0x00005a74   0x0000002c   Code   RO         1089    .text               c_t.l(rtudiv10.o)
    0x00005aa0   0x0000000c   Code   RO         1138    .text               c_t.l(libspace.o)
    0x00005aac   0x00000038   Code   RO         1162    .text               c_t.l(h1_extend.o)
    0x00005ae4   0x00000030   Code   RO         1166    .text               c_t.l(_printf_char_common.o)
    0x00005b14   0x00000010   Code   RO         1168    .text               c_t.l(defsig_rtmem_outer.o)
    0x00005b24   0x00000060   Code   RO         1180    .text               c_t.l(sys_stackheap_outer.o)
    0x00005b84   0x0000000c   Code   RO         1190    .text               c_t.l(exit.o)
    0x00005b90   0x00000010   Code   RO         1192    .text               c_t.l(defsig_exit.o)
    0x00005ba0   0x00000054   Code   RO         1198    .text               c_t.l(defsig_rtmem_inner.o)
    0x00005bf4   0x00000038   Code   RO         1218    .text               c_t.l(defsig_general.o)
    0x00005c2c   0x00000024   Code   RO         1031    .text_udiv          c_t.l(aeabi_sdiv.o)
    0x00005c50   0x0000018c   Code   RO          478    PORT_ASM            portasm.o
    0x00005ddc   0x00000008   Ven    RO         1282    Veneer$$Code        anon$$obj.o
    0x00005de4   0x00000008   Ven    RO         1283    Veneer$$Code        anon$$obj.o
    0x00005dec   0x00000008   Ven    RO         1284    Veneer$$Code        anon$$obj.o
    0x00005df4   0x00000002   Code   RO          994    i.__ARM_common_call_via_r1  c_t.l(__printf.o)
    0x00005df6   0x00000002   Code   RO          992    i.__ARM_common_call_via_r2  c_t.l(__printf.o)
    0x00005df8   0x0000000a   Data   RO          107    .conststring        console.o
    0x00005e02   0x00000002   PAD
    0x00005e04   0x00000020   Data   RO         1263    Region$$Table       anon$$obj.o


    Execution Region RW_RAM1 (Base: 0xa0000000, Size: 0x00401580, Max: 0x02000000, ABSOLUTE)

    Base Addr    Size         Type   Attr      Idx    E Section Name        Object

    0xa0000000   0x00000008   Data   RW          108    .data               console.o
    0xa0000008   0x00000004   Data   RW          131    .data               retarget.o
    0xa000000c   0x0000000c   Data   RW          164    .data               serial.o
    0xa0000018   0x0000003c   Data   RW          337    .data               tasks.o
    0xa0000054   0x00000004   Data   RW          459    .data               port.o
    0xa0000058   0x00000001   Data   RW          628    .data               lcd_hw.o
    0xa0000059   0x00000003   PAD
    0xa000005c   0x0000000c   Data   RW          806    .data               ledlights.o
    0xa0000068   0x00000008   Data   RW          832    .data               lcdgraphics.o
    0xa0000070   0x00000008   Data   RW          863    .data               lcdcontrol.o
    0xa0000078   0x00000004   Data   RW          885    .data               idmanager.o
    0xa000007c   0x00000008   Data   RW          900    .data               boardbuttons.o
    0xa0000084   0x000000b4   Zero   RW          336    .bss                tasks.o
    0xa0000138   0x000000c4   Zero   RW          831    .bss                lcdgraphics.o
    0xa00001fc   0x0000000d   Zero   RW          884    .bss                idmanager.o
    0xa0000209   0x00000003   PAD
    0xa000020c   0x00000060   Zero   RW         1139    .bss                c_t.l(libspace.o)
    0xa000026c   0x00000004   PAD
    0xa0000270   0x00400000   Zero   RW            2    HEAP                lpc2400.o
    0xa0400270   0x00001310   Zero   RW            1    STACK               lpc2400.o


==============================================================================

Image component sizes


      Code (inc. data)   RO Data    RW Data    ZI Data      Debug   Object Name

       736        112          0          8          0       1424   boardbuttons.o
         0          0          0          0          0       1772   components.o
       292         48         10          8          0        986   console.o
      1496         28          0          0          0       3950   graphics.o
        80          0          0          0          0        693   heap_3.o
        68          8          0          4         13       1017   idmanager.o
         0          0          0          0          0        352   lcd_grph.o
      2572        244          0          1          0       3141   lcd_hw.o
      1084         88          0          8          0       4009   lcdcontrol.o
      4772         20          0          8        196       8049   lcdgraphics.o
       148         12          0          0          0        140   lcdisr.o
      1044         68          0         12          0       1919   ledlights.o
       276          0          0          0          0       1650   list.o
       868        112          0          0    4199184        536   lpc2400.o
       380         12          0          0          0      17731   main.o
       516         36          0          4          0       2533   port.o
       396         24          0          0          0        264   portasm.o
      2340          0          0          0          0       7468   queue.o
       100          0          0          4          0       2488   retarget.o
       892         24          0         12          0       2161   serial.o
       148         12          0          0          0        148   serialisr.o
       104          0          0          0          0        499   shapes.o
      3256         96          0         60        180      10769   tasks.o

    ----------------------------------------------------------------------
     21592        944         44        132    4199576      73699   Object Totals
        24          0         32          0          0          0   (incl. Generated)
         0          0          2          3          3          0   (incl. Padding)

    ----------------------------------------------------------------------

      Code (inc. data)   RO Data    RW Data    ZI Data      Debug   Library Member Name

         8          0          0          0          0         68   __main.o
       122          0          0          0          0        208   __printf.o
        60          8          0          0          0          0   __scatter.o
        40          0          0          0          0          0   __scatter_copy.o
        44          0          0          0          0          0   __scatter_zi.o
        48          4          0          0          0         96   _printf_char_common.o
        44          6          0          0          0         88   _printf_char_file.o
       120         18          0          0          0         88   _printf_dec.o
         8          0          0          0          0          0   _printf_i.o
       186          0          0          0          0         96   _printf_intcommon.o
         4          0          0          0          0          0   _printf_percent.o
         8          0          0          0          0          0   _printf_percent_end.o
       420          0          0          0          0        148   aeabi_sdiv.o
        16          0          0          0          0         80   defsig_exit.o
        56          0          0          0          0         84   defsig_general.o
        84         58          0          0          0         80   defsig_rtmem_inner.o
        16          0          0          0          0         80   defsig_rtmem_outer.o
        12          0          0          0          0         64   exit.o
       118          0          0          0          0        116   h1_alloc.o
        56          0          0          0          0         80   h1_extend.o
        92          0          0          0          0        100   h1_free.o
        14          0          0          0          0         76   h1_init.o
         6          0          0          0          0        136   heapauxi.o
         4          0          0          0          0        120   hguard.o
       148          0          0          0          0        192   init_alloc.o
        10          0          0          0          0          0   libinit.o
        20          0          0          0          0          0   libinit2.o
        12          0          0          0          0          0   libshutdown.o
         6          0          0          0          0          0   libshutdown2.o
        12          4          0          0         96         68   libspace.o
         0          0          0          0          0          0   maybetermalloc1.o
        36          6          0          0          0         84   noretval__2printf.o
        16          4          0          0          0         68   rt_heap_descriptor_intlibspace.o
       212          0          0          0          0         68   rt_memcpy.o
       100          0          0          0          0         80   rt_memcpy_w.o
         0          0          0          0          0          0   rtentry.o
        44          4          0          0          0          0   rtentry2.o
         8          0          0          0          0          0   rtentry4.o
         8          0          0          0          0          0   rtexit.o
        12          0          0          0          0          0   rtexit2.o
        48          0          0          0          0         68   rtudiv10.o
        76          4          0          0          0         76   strlen.o
        96          0          0          0          0         80   sys_stackheap_outer.o
         4          0          0          0          0         68   use_no_semi.o

    ----------------------------------------------------------------------
      2464        116          0          0        100       2660   Library Totals
        10          0          0          0          4          0   (incl. Padding)

    ----------------------------------------------------------------------

      Code (inc. data)   RO Data    RW Data    ZI Data      Debug   Library Name

      2454        116          0          0         96       2660   c_t.l

    ----------------------------------------------------------------------
      2464        116          0          0        100       2660   Library Totals

    ----------------------------------------------------------------------

==============================================================================


      Code (inc. data)   RO Data    RW Data    ZI Data      Debug   

     24056       1060         44        132    4199676      73563   Grand Totals
     24056       1060         44        132    4199676      73563   ELF Image Totals
     24056       1060         44        132          0          0   ROM Totals

==============================================================================

    Total RO  Size (Code + RO Data)                24100 (  23.54kB)
    Total RW  Size (RW Data + ZI Data)           4199808 (4101.38kB)
    Total ROM Size (Code + RO Data + RW Data)      24232 (  23.66kB)

==============================================================================

